../Core/Src/main.c:82:6:HAL_I2S_RxCpltCallback	16	static
../Core/Src/main.c:87:6:HAL_ADC_ConvCpltCallback	16	static
../Core/Src/main.c:98:5:main	16	static
../Core/Src/main.c:209:6:SystemClock_Config	88	static
../Core/Src/main.c:256:13:MX_ADC1_Init	24	static
../Core/Src/main.c:308:13:MX_I2S2_Init	8	static
../Core/Src/main.c:342:13:MX_TIM1_Init	96	static
../Core/Src/main.c:415:13:MX_DMA_Init	16	static
../Core/Src/main.c:433:13:MX_GPIO_Init	48	static
../Core/Src/main.c:487:6:Error_Handler	4	static,ignoring_inline_asm
