../Core/Src/lcd.c:23:6:LCD_GPIO_Init	32	static
../Core/Src/lcd.c:42:6:LCD_Writ_Bus	16	static
../Core/Src/lcd.c:72:6:LCD_Writ_Bus1	16	static
../Core/Src/lcd.c:107:6:LCD_WR_DATA8	16	static
../Core/Src/lcd.c:119:6:LCD_WR_DATA	24	static
../Core/Src/lcd.c:142:6:LCD_WR_DATA1	24	static
../Core/Src/lcd.c:169:6:LCD_WR_REG	16	static
../Core/Src/lcd.c:176:6:LCD_WR_REG1	16	static
../Core/Src/lcd.c:188:6:LCD_Address_Set	24	static
../Core/Src/lcd.c:199:6:LCD_Address_Set1	24	static
../Core/Src/lcd.c:215:6:LCD_Set_Light	16	static
../Core/Src/lcd.c:227:6:LCD_Close_Light	4	static
../Core/Src/lcd.c:239:6:LCD_Open_Light	4	static
../Core/Src/lcd.c:249:6:LCD_ST7789_SleepIn	8	static
../Core/Src/lcd.c:262:6:LCD_ST7789_SleepOut	8	static
../Core/Src/lcd.c:276:6:ST7789_SPI_Init	8	static
../Core/Src/lcd.c:285:6:ILI9341_Enable	8	static
../Core/Src/lcd.c:291:6:LCD_Init	8	static
../Core/Src/lcd.c:387:6:LCD_Fill	32	static
../Core/Src/lcd.c:407:6:LCD_Color_Fill	32	static
../Core/Src/lcd.c:432:6:LCD_DrawPoint	16	static
../Core/Src/lcd.c:440:6:LCD_DrawPoint1	16	static
../Core/Src/lcd.c:455:6:LCD_DrawLine	64	static
../Core/Src/lcd.c:498:6:LCD_DrawRectangle	32	static
../Core/Src/lcd.c:514:6:Draw_Circle	32	static
../Core/Src/lcd.c:546:6:LCD_ShowChinese	40	static
../Core/Src/lcd.c:570:6:LCD_ShowChinese12x12	48	static
../Core/Src/lcd.c:628:6:LCD_ShowChinese16x16	48	static
../Core/Src/lcd.c:686:6:LCD_ShowChinese24x24	48	static
../Core/Src/lcd.c:743:6:LCD_ShowChinese32x32	48	static
../Core/Src/lcd.c:801:6:LCD_ShowChar	40	static
../Core/Src/lcd.c:856:6:LCD_ShowString	48	static
../Core/Src/lcd.c:872:5:mypow	24	static
../Core/Src/lcd.c:890:6:LCD_ShowIntNum	48	static
../Core/Src/lcd.c:922:6:LCD_ShowFloatNum1	56	static
../Core/Src/lcd.c:950:6:LCD_ShowPicture	32	static
../Core/Src/lcd.c:968:6:ILI9341_Draw_Colour	24	static
../Core/Src/lcd.c:985:6:ILI9341_Draw_Colour_Burst	80	dynamic
../Core/Src/lcd.c:1037:6:ILI9341_Fill_Screen	16	static
