Archive member included to satisfy reference by file (symbol)

C:/ST/STM32CubeIDE_1.13.2/STM32CubeIDE/plugins/com.st.stm32cube.ide.mcu.externaltools.gnu-tools-for-stm32.12.3.rel1.win32_1.0.200.202406191623/tools/bin/../lib/gcc/arm-none-eabi/12.3.1/../../../../arm-none-eabi/lib/thumb/v7-m/nofp\libc_nano.a(libc_a-exit.o)
                              C:/ST/STM32CubeIDE_1.13.2/STM32CubeIDE/plugins/com.st.stm32cube.ide.mcu.externaltools.gnu-tools-for-stm32.12.3.rel1.win32_1.0.200.202406191623/tools/bin/../lib/gcc/arm-none-eabi/12.3.1/../../../../arm-none-eabi/lib/thumb/v7-m/nofp/crt0.o (exit)
C:/ST/STM32CubeIDE_1.13.2/STM32CubeIDE/plugins/com.st.stm32cube.ide.mcu.externaltools.gnu-tools-for-stm32.12.3.rel1.win32_1.0.200.202406191623/tools/bin/../lib/gcc/arm-none-eabi/12.3.1/../../../../arm-none-eabi/lib/thumb/v7-m/nofp\libc_nano.a(libc_a-findfp.o)
                              C:/ST/STM32CubeIDE_1.13.2/STM32CubeIDE/plugins/com.st.stm32cube.ide.mcu.externaltools.gnu-tools-for-stm32.12.3.rel1.win32_1.0.200.202406191623/tools/bin/../lib/gcc/arm-none-eabi/12.3.1/../../../../arm-none-eabi/lib/thumb/v7-m/nofp\libc_nano.a(libc_a-exit.o) (__stdio_exit_handler)
C:/ST/STM32CubeIDE_1.13.2/STM32CubeIDE/plugins/com.st.stm32cube.ide.mcu.externaltools.gnu-tools-for-stm32.12.3.rel1.win32_1.0.200.202406191623/tools/bin/../lib/gcc/arm-none-eabi/12.3.1/../../../../arm-none-eabi/lib/thumb/v7-m/nofp\libc_nano.a(libc_a-fwalk.o)
                              C:/ST/STM32CubeIDE_1.13.2/STM32CubeIDE/plugins/com.st.stm32cube.ide.mcu.externaltools.gnu-tools-for-stm32.12.3.rel1.win32_1.0.200.202406191623/tools/bin/../lib/gcc/arm-none-eabi/12.3.1/../../../../arm-none-eabi/lib/thumb/v7-m/nofp\libc_nano.a(libc_a-findfp.o) (_fwalk_sglue)
C:/ST/STM32CubeIDE_1.13.2/STM32CubeIDE/plugins/com.st.stm32cube.ide.mcu.externaltools.gnu-tools-for-stm32.12.3.rel1.win32_1.0.200.202406191623/tools/bin/../lib/gcc/arm-none-eabi/12.3.1/../../../../arm-none-eabi/lib/thumb/v7-m/nofp\libc_nano.a(libc_a-printf.o)
                              ./Core/Src/pn532_stm32f1.o (printf)
C:/ST/STM32CubeIDE_1.13.2/STM32CubeIDE/plugins/com.st.stm32cube.ide.mcu.externaltools.gnu-tools-for-stm32.12.3.rel1.win32_1.0.200.202406191623/tools/bin/../lib/gcc/arm-none-eabi/12.3.1/../../../../arm-none-eabi/lib/thumb/v7-m/nofp\libc_nano.a(libc_a-stdio.o)
                              C:/ST/STM32CubeIDE_1.13.2/STM32CubeIDE/plugins/com.st.stm32cube.ide.mcu.externaltools.gnu-tools-for-stm32.12.3.rel1.win32_1.0.200.202406191623/tools/bin/../lib/gcc/arm-none-eabi/12.3.1/../../../../arm-none-eabi/lib/thumb/v7-m/nofp\libc_nano.a(libc_a-findfp.o) (__sread)
C:/ST/STM32CubeIDE_1.13.2/STM32CubeIDE/plugins/com.st.stm32cube.ide.mcu.externaltools.gnu-tools-for-stm32.12.3.rel1.win32_1.0.200.202406191623/tools/bin/../lib/gcc/arm-none-eabi/12.3.1/../../../../arm-none-eabi/lib/thumb/v7-m/nofp\libc_nano.a(libc_a-memset.o)
                              C:/ST/STM32CubeIDE_1.13.2/STM32CubeIDE/plugins/com.st.stm32cube.ide.mcu.externaltools.gnu-tools-for-stm32.12.3.rel1.win32_1.0.200.202406191623/tools/bin/../lib/gcc/arm-none-eabi/12.3.1/../../../../arm-none-eabi/lib/thumb/v7-m/nofp/crt0.o (memset)
C:/ST/STM32CubeIDE_1.13.2/STM32CubeIDE/plugins/com.st.stm32cube.ide.mcu.externaltools.gnu-tools-for-stm32.12.3.rel1.win32_1.0.200.202406191623/tools/bin/../lib/gcc/arm-none-eabi/12.3.1/../../../../arm-none-eabi/lib/thumb/v7-m/nofp\libc_nano.a(libc_a-closer.o)
                              C:/ST/STM32CubeIDE_1.13.2/STM32CubeIDE/plugins/com.st.stm32cube.ide.mcu.externaltools.gnu-tools-for-stm32.12.3.rel1.win32_1.0.200.202406191623/tools/bin/../lib/gcc/arm-none-eabi/12.3.1/../../../../arm-none-eabi/lib/thumb/v7-m/nofp\libc_nano.a(libc_a-stdio.o) (_close_r)
C:/ST/STM32CubeIDE_1.13.2/STM32CubeIDE/plugins/com.st.stm32cube.ide.mcu.externaltools.gnu-tools-for-stm32.12.3.rel1.win32_1.0.200.202406191623/tools/bin/../lib/gcc/arm-none-eabi/12.3.1/../../../../arm-none-eabi/lib/thumb/v7-m/nofp\libc_nano.a(libc_a-reent.o)
                              C:/ST/STM32CubeIDE_1.13.2/STM32CubeIDE/plugins/com.st.stm32cube.ide.mcu.externaltools.gnu-tools-for-stm32.12.3.rel1.win32_1.0.200.202406191623/tools/bin/../lib/gcc/arm-none-eabi/12.3.1/../../../../arm-none-eabi/lib/thumb/v7-m/nofp\libc_nano.a(libc_a-closer.o) (errno)
C:/ST/STM32CubeIDE_1.13.2/STM32CubeIDE/plugins/com.st.stm32cube.ide.mcu.externaltools.gnu-tools-for-stm32.12.3.rel1.win32_1.0.200.202406191623/tools/bin/../lib/gcc/arm-none-eabi/12.3.1/../../../../arm-none-eabi/lib/thumb/v7-m/nofp\libc_nano.a(libc_a-impure.o)
                              C:/ST/STM32CubeIDE_1.13.2/STM32CubeIDE/plugins/com.st.stm32cube.ide.mcu.externaltools.gnu-tools-for-stm32.12.3.rel1.win32_1.0.200.202406191623/tools/bin/../lib/gcc/arm-none-eabi/12.3.1/../../../../arm-none-eabi/lib/thumb/v7-m/nofp\libc_nano.a(libc_a-printf.o) (_impure_ptr)
[...]
Memory Configuration

Name             Origin             Length             Attributes
RAM              0x20000000         0x00010000         xrw
FLASH            0x08000000         0x00080000         xr
*default*        0x00000000         0xffffffff

Linker script and memory map

LOAD C:/ST/STM32CubeIDE_1.13.2/STM32CubeIDE/plugins/com.st.stm32cube.ide.mcu.externaltools.gnu-tools-for-stm32.12.3.rel1.win32_1.0.200.202406191623/tools/bin/../lib/gcc/arm-none-eabi/12.3.1/thumb/v7-m/nofp/crti.o
LOAD C:/ST/STM32CubeIDE_1.13.2/STM32CubeIDE/plugins/com.st.stm32cube.ide.mcu.externaltools.gnu-tools-for-stm32.12.3.rel1.win32_1.0.200.202406191623/tools/bin/../lib/gcc/arm-none-eabi/12.3.1/thumb/v7-m/nofp/crtbegin.o
LOAD C:/ST/STM32CubeIDE_1.13.2/STM32CubeIDE/plugins/com.st.stm32cube.ide.mcu.externaltools.gnu-tools-for-stm32.12.3.rel1.win32_1.0.200.202406191623/tools/bin/../lib/gcc/arm-none-eabi/12.3.1/../../../../arm-none-eabi/lib/thumb/v7-m/nofp/crt0.o
LOAD ./Core/Src/fonts.o
LOAD ./Core/Src/main.o
LOAD ./Core/Src/pn532.o
LOAD ./Core/Src/pn532_stm32f1.o
LOAD ./Core/Src/ssd1306.o
LOAD ./Core/Src/stm32f1xx_hal_msp.o
LOAD ./Core/Src/stm32f1xx_it.o
LOAD ./Core/Src/syscalls.o
LOAD ./Core/Src/sysmem.o
LOAD ./Core/Src/system_stm32f1xx.o
LOAD ./Core/Src/test.o
LOAD ./Core/Startup/startup_stm32f103zetx.o
LOAD ./Drivers/STM32F1xx_HAL_Driver/Src/stm32f1xx_hal.o
LOAD ./Drivers/STM32F1xx_HAL_Driver/Src/stm32f1xx_hal_adc.o
LOAD ./Drivers/STM32F1xx_HAL_Driver/Src/stm32f1xx_hal_adc_ex.o
LOAD ./Drivers/STM32F1xx_HAL_Driver/Src/stm32f1xx_hal_cortex.o
LOAD ./Drivers/STM32F1xx_HAL_Driver/Src/stm32f1xx_hal_dma.o
LOAD ./Drivers/STM32F1xx_HAL_Driver/Src/stm32f1xx_hal_exti.o
LOAD ./Drivers/STM32F1xx_HAL_Driver/Src/stm32f1xx_hal_flash.o
LOAD ./Drivers/STM32F1xx_HAL_Driver/Src/stm32f1xx_hal_flash_ex.o
LOAD ./Drivers/STM32F1xx_HAL_Driver/Src/stm32f1xx_hal_gpio.o
LOAD ./Drivers/STM32F1xx_HAL_Driver/Src/stm32f1xx_hal_gpio_ex.o
LOAD ./Drivers/STM32F1xx_HAL_Driver/Src/stm32f1xx_hal_i2c.o
LOAD ./Drivers/STM32F1xx_HAL_Driver/Src/stm32f1xx_hal_pwr.o
LOAD ./Drivers/STM32F1xx_HAL_Driver/Src/stm32f1xx_hal_rcc.o
LOAD ./Drivers/STM32F1xx_HAL_Driver/Src/stm32f1xx_hal_rcc_ex.o
LOAD ./Drivers/STM32F1xx_HAL_Driver/Src/stm32f1xx_hal_spi.o
LOAD ./Drivers/STM32F1xx_HAL_Driver/Src/stm32f1xx_hal_tim.o
LOAD ./Drivers/STM32F1xx_HAL_Driver/Src/stm32f1xx_hal_tim_ex.o
LOAD ./Drivers/STM32F1xx_HAL_Driver/Src/stm32f1xx_hal_uart.o
START GROUP
LOAD C:/ST/STM32CubeIDE_1.13.2/STM32CubeIDE/plugins/com.st.stm32cube.ide.mcu.externaltools.gnu-tools-for-stm32.12.3.rel1.win32_1.0.200.202406191623/tools/bin/../lib/gcc/arm-none-eabi/12.3.1/../../../../arm-none-eabi/lib/thumb/v7-m/nofp\libc_nano.a
LOAD C:/ST/STM32CubeIDE_1.13.2/STM32CubeIDE/plugins/com.st.stm32cube.ide.mcu.externaltools.gnu-tools-for-stm32.12.3.rel1.win32_1.0.200.202406191623/tools/bin/../lib/gcc/arm-none-eabi/12.3.1/../../../../arm-none-eabi/lib/thumb/v7-m/nofp\libm.a
END GROUP
START GROUP
LOAD C:/ST/STM32CubeIDE_1.13.2/STM32CubeIDE/plugins/com.st.stm32cube.ide.mcu.externaltools.gnu-tools-for-stm32.12.3.rel1.win32_1.0.200.202406191623/tools/bin/../lib/gcc/arm-none-eabi/12.3.1/thumb/v7-m/nofp\libgcc.a
LOAD C:/ST/STM32CubeIDE_1.13.2/STM32CubeIDE/plugins/com.st.stm32cube.ide.mcu.externaltools.gnu-tools-for-stm32.12.3.rel1.win32_1.0.200.202406191623/tools/bin/../lib/gcc/arm-none-eabi/12.3.1/../../../../arm-none-eabi/lib/thumb/v7-m/nofp\libc_nano.a
END GROUP
START GROUP
LOAD C:/ST/STM32CubeIDE_1.13.2/STM32CubeIDE/plugins/com.st.stm32cube.ide.mcu.externaltools.gnu-tools-for-stm32.12.3.rel1.win32_1.0.200.202406191623/tools/bin/../lib/gcc/arm-none-eabi/12.3.1/thumb/v7-m/nofp\libgcc.a
LOAD C:/ST/STM32CubeIDE_1.13.2/STM32CubeIDE/plugins/com.st.stm32cube.ide.mcu.externaltools.gnu-tools-for-stm32.12.3.rel1.win32_1.0.200.202406191623/tools/bin/../lib/gcc/arm-none-eabi/12.3.1/../../../../arm-none-eabi/lib/thumb/v7-m/nofp\libc_nano.a
LOAD C:/ST/STM32CubeIDE_1.13.2/STM32CubeIDE/plugins/com.st.stm32cube.ide.mcu.externaltools.gnu-tools-for-stm32.12.3.rel1.win32_1.0.200.202406191623/tools/bin/../lib/gcc/arm-none-eabi/12.3.1/../../../../arm-none-eabi/lib/thumb/v7-m/nofp\libnosys.a
END GROUP
START GROUP
LOAD C:/ST/STM32CubeIDE_1.13.2/STM32CubeIDE/plugins/com.st.stm32cube.ide.mcu.externaltools.gnu-tools-for-stm32.12.3.rel1.win32_1.0.200.202406191623/tools/bin/../lib/gcc/arm-none-eabi/12.3.1/thumb/v7-m/nofp\libgcc.a
LOAD C:/ST/STM32CubeIDE_1.13.2/STM32CubeIDE/plugins/com.st.stm32cube.ide.mcu.externaltools.gnu-tools-for-stm32.12.3.rel1.win32_1.0.200.202406191623/tools/bin/../lib/gcc/arm-none-eabi/12.3.1/../../../../arm-none-eabi/lib/thumb/v7-m/nofp\libc_nano.a
LOAD C:/ST/STM32CubeIDE_1.13.2/STM32CubeIDE/plugins/com.st.stm32cube.ide.mcu.externaltools.gnu-tools-for-stm32.12.3.rel1.win32_1.0.200.202406191623/tools/bin/../lib/gcc/arm-none-eabi/12.3.1/../../../../arm-none-eabi/lib/thumb/v7-m/nofp\libnosys.a
END GROUP
LOAD C:/ST/STM32CubeIDE_1.13.2/STM32CubeIDE/plugins/com.st.stm32cube.ide.mcu.externaltools.gnu-tools-for-stm32.12.3.rel1.win32_1.0.200.202406191623/tools/bin/../lib/gcc/arm-none-eabi/12.3.1/thumb/v7-m/nofp/crtend.o
LOAD C:/ST/STM32CubeIDE_1.13.2/STM32CubeIDE/plugins/com.st.stm32cube.ide.mcu.externaltools.gnu-tools-for-stm32.12.3.rel1.win32_1.0.200.202406191623/tools/bin/../lib/gcc/arm-none-eabi/12.3.1/thumb/v7-m/nofp/crtn.o
                0x20010000                        _estack = (ORIGIN (RAM) + LENGTH (RAM))
                0x00000200                        _Min_Heap_Size = 0x200
                0x00000400                        _Min_Stack_Size = 0x400

.isr_vector     0x08000000      0x1e4
                0x08000000                        . = ALIGN (0x4)
 *(.isr_vector)
 .isr_vector    0x08000000      0x1e4 ./Core/Startup/startup_stm32f103zetx.o
                0x08000000                g_pfnVectors
                0x080001e4                        . = ALIGN (0x4)

.text           0x080001e4     0x7ac0
                0x080001e4                        . = ALIGN (0x4)
 *(.text)
 .text          0x080001e4       0x40 C:/ST/STM32CubeIDE_1.13.2/STM32CubeIDE/plugins/com.st.stm32cube.ide.mcu.externaltools.gnu-tools-for-stm32.12.3.rel1.win32_1.0.200.202406191623/tools/bin/../lib/gcc/arm-none-eabi/12.3.1/thumb/v7-m/nofp/crtbegin.o
 *(.text*)
 .text.HAL_UART_TxCpltCallback
                0x08000224       0x34 ./Core/Src/main.o
                0x08000224                HAL_UART_TxCpltCallback
 .text.HAL_UART_RxCpltCallback
                0x08000258       0x74 ./Core/Src/main.o
                0x08000258                HAL_UART_RxCpltCallback
 .text.Startup_RFID
                0x080002cc       0x30 ./Core/Src/main.o
                0x080002cc                Startup_RFID
 .text.AGV_RFID_Detection
                0x080002fc       0x5c ./Core/Src/main.o
                0x080002fc                AGV_RFID_Detection
 .text.main     0x08000358       0xa8 ./Core/Src/main.o
                0x08000358                main
 .text.SystemClock_Config
                0x08000400       0xba ./Core/Src/main.o
                0x08000400                SystemClock_Config
 *fill*         0x080004ba        0x2 
 .text.MX_ADC1_Init
                0x080004bc      0x17c ./Core/Src/main.o
 .text.MX_ADC3_Init
                0x08000638      0x17c ./Core/Src/main.o
 .text.MX_I2C1_Init
                0x080007b4       0x5c ./Core/Src/main.o
 .text.MX_SPI2_Init
                0x08000810       0x6c ./Core/Src/main.o
 .text.MX_TIM2_Init
                0x0800087c       0xc4 ./Core/Src/main.o
 .text.MX_USART1_UART_Init
                0x08000940       0x54 ./Core/Src/main.o
 .text.MX_DMA_Init
                0x08000994       0x84 ./Core/Src/main.o
 .text.MX_GPIO_Init
                0x08000a18      0x14c ./Core/Src/main.o
 .text.Error_Handler
                0x08000b64        0xc ./Core/Src/main.o
                0x08000b64                Error_Handler
 .text.PN532_WriteFrame
                0x08000b70      0x1a6 ./Core/Src/pn532.o
                0x08000b70                PN532_WriteFrame
 *fill*         0x08000d16        0x2 
 .text.PN532_ReadFrame
                0x08000d18      0x1fc ./Core/Src/pn532.o
                0x08000d18                PN532_ReadFrame
 .text.PN532_CallFunction
                0x08000f14      0x24c ./Core/Src/pn532.o
                0x08000f14                PN532_CallFunction
 .text.PN532_GetFirmwareVersion
                0x08001160       0x48 ./Core/Src/pn532.o
                0x08001160                PN532_GetFirmwareVersion
 .text.PN532_SamConfiguration
                0x080011a8       0x44 ./Core/Src/pn532.o
                0x080011a8                PN532_SamConfiguration
 .text.PN532_ReadPassiveTarget
                0x080011ec       0xb4 ./Core/Src/pn532.o
                0x080011ec                PN532_ReadPassiveTarget
 .text.PN532_Reset
                0x080012a0       0x48 ./Core/Src/pn532_stm32f1.o
                0x080012a0                PN532_Reset
 .text.PN532_Log
                0x080012e8       0x1c ./Core/Src/pn532_stm32f1.o
                0x080012e8                PN532_Log
 .text.spi_rw   0x08001304       0x48 ./Core/Src/pn532_stm32f1.o
                0x08001304                spi_rw
 .text.PN532_SPI_ReadData
                0x0800134c       0xaa ./Core/Src/pn532_stm32f1.o
                0x0800134c                PN532_SPI_ReadData
 .text.PN532_SPI_WriteData
                0x080013f6       0xaa ./Core/Src/pn532_stm32f1.o
                0x080013f6                PN532_SPI_WriteData
 .text.PN532_SPI_WaitReady
                0x080014a0       0x50 ./Core/Src/pn532_stm32f1.o
                0x080014a0                PN532_SPI_WaitReady
 .text.PN532_SPI_Wakeup
                0x080014f0       0x40 ./Core/Src/pn532_stm32f1.o
                0x080014f0                PN532_SPI_Wakeup
 .text.PN532_SPI_Init
                0x08001530       0x54 ./Core/Src/pn532_stm32f1.o
                0x08001530                PN532_SPI_Init
 .text.SSD1306_Init
                0x08001584      0x188 ./Core/Src/ssd1306.o
                0x08001584                SSD1306_Init
 .text.SSD1306_UpdateScreen
                0x0800170c       0x5c ./Core/Src/ssd1306.o
                0x0800170c                SSD1306_UpdateScreen
 .text.SSD1306_Fill
                0x08001768       0x30 ./Core/Src/ssd1306.o
                0x08001768                SSD1306_Fill
 .text.ssd1306_I2C_Init
                0x08001798       0x28 ./Core/Src/ssd1306.o
                0x08001798                ssd1306_I2C_Init
 .text.ssd1306_I2C_WriteMulti
                0x080017c0       0xcc ./Core/Src/ssd1306.o
                0x080017c0                ssd1306_I2C_WriteMulti
 .text.ssd1306_I2C_Write
                0x0800188c       0x3c ./Core/Src/ssd1306.o
                0x0800188c                ssd1306_I2C_Write
 .text.HAL_MspInit
                0x080018c8       0x64 ./Core/Src/stm32f1xx_hal_msp.o
                0x080018c8                HAL_MspInit
 .text.HAL_ADC_MspInit
                0x0800192c      0x25c ./Core/Src/stm32f1xx_hal_msp.o
                0x0800192c                HAL_ADC_MspInit
 .text.HAL_I2C_MspInit
                0x08001b88       0x7c ./Core/Src/stm32f1xx_hal_msp.o
                0x08001b88                HAL_I2C_MspInit
 .text.HAL_SPI_MspInit
                0x08001c04       0x98 ./Core/Src/stm32f1xx_hal_msp.o
                0x08001c04                HAL_SPI_MspInit
 .text.HAL_TIM_PWM_MspInit
                0x08001c9c       0x38 ./Core/Src/stm32f1xx_hal_msp.o
                0x08001c9c                HAL_TIM_PWM_MspInit
 .text.HAL_TIM_MspPostInit
                0x08001cd4       0xc0 ./Core/Src/stm32f1xx_hal_msp.o
                0x08001cd4                HAL_TIM_MspPostInit
 .text.HAL_UART_MspInit
                0x08001d94      0x154 ./Core/Src/stm32f1xx_hal_msp.o
                0x08001d94                HAL_UART_MspInit
 .text.NMI_Handler
                0x08001ee8        0x8 ./Core/Src/stm32f1xx_it.o
                0x08001ee8                NMI_Handler
 .text.HardFault_Handler
                0x08001ef0        0x8 ./Core/Src/stm32f1xx_it.o
                0x08001ef0                HardFault_Handler
 .text.MemManage_Handler
                0x08001ef8        0x8 ./Core/Src/stm32f1xx_it.o
                0x08001ef8                MemManage_Handler
 .text.BusFault_Handler
                0x08001f00        0x8 ./Core/Src/stm32f1xx_it.o
                0x08001f00                BusFault_Handler
 .text.UsageFault_Handler
                0x08001f08        0x8 ./Core/Src/stm32f1xx_it.o
                0x08001f08                UsageFault_Handler
 .text.SVC_Handler
                0x08001f10        0xc ./Core/Src/stm32f1xx_it.o
                0x08001f10                SVC_Handler
 .text.DebugMon_Handler
                0x08001f1c        0xc ./Core/Src/stm32f1xx_it.o
                0x08001f1c                DebugMon_Handler
 .text.PendSV_Handler
                0x08001f28        0xc ./Core/Src/stm32f1xx_it.o
                0x08001f28                PendSV_Handler
 .text.SysTick_Handler
                0x08001f34        0xc ./Core/Src/stm32f1xx_it.o
                0x08001f34                SysTick_Handler
 .text.DMA1_Channel1_IRQHandler
                0x08001f40       0x14 ./Core/Src/stm32f1xx_it.o
                0x08001f40                DMA1_Channel1_IRQHandler
 .text.DMA1_Channel4_IRQHandler
                0x08001f54       0x14 ./Core/Src/stm32f1xx_it.o
                0x08001f54                DMA1_Channel4_IRQHandler
 .text.DMA1_Channel5_IRQHandler
                0x08001f68       0x14 ./Core/Src/stm32f1xx_it.o
                0x08001f68                DMA1_Channel5_IRQHandler
 .text.ADC1_2_IRQHandler
                0x08001f7c       0x14 ./Core/Src/stm32f1xx_it.o
                0x08001f7c                ADC1_2_IRQHandler
 .text.USART1_IRQHandler
                0x08001f90       0x14 ./Core/Src/stm32f1xx_it.o
                0x08001f90                USART1_IRQHandler
 .text.ADC3_IRQHandler
                0x08001fa4       0x14 ./Core/Src/stm32f1xx_it.o
                0x08001fa4                ADC3_IRQHandler
 .text.DMA2_Channel4_5_IRQHandler
                0x08001fb8       0x14 ./Core/Src/stm32f1xx_it.o
                0x08001fb8                DMA2_Channel4_5_IRQHandler
 .text._read    0x08001fcc       0x3a ./Core/Src/syscalls.o
                0x08001fcc                _read
 .text._write   0x08002006       0x38 ./Core/Src/syscalls.o
                0x08002006                _write
 .text._close   0x0800203e       0x16 ./Core/Src/syscalls.o
                0x0800203e                _close
 .text._fstat   0x08002054       0x1e ./Core/Src/syscalls.o
                0x08002054                _fstat
 .text._isatty  0x08002072       0x14 ./Core/Src/syscalls.o
                0x08002072                _isatty
 .text._lseek   0x08002086       0x18 ./Core/Src/syscalls.o
                0x08002086                _lseek
 *fill*         0x0800209e        0x2 
 .text._sbrk    0x080020a0       0x6c ./Core/Src/sysmem.o
                0x080020a0                _sbrk
 .text.SystemInit
                0x0800210c        0xc ./Core/Src/system_stm32f1xx.o
                0x0800210c                SystemInit
 .text.Reset_Handler
                0x08002118       0x48 ./Core/Startup/startup_stm32f103zetx.o
                0x08002118                Reset_Handler
 .text.Default_Handler
                0x08002160        0x2 ./Core/Startup/startup_stm32f103zetx.o
                0x08002160                RTC_Alarm_IRQHandler
                0x08002160                EXTI2_IRQHandler
                0x08002160                TIM8_TRG_COM_IRQHandler
                0x08002160                TIM8_CC_IRQHandler
                0x08002160                TIM1_CC_IRQHandler
                0x08002160                TIM6_IRQHandler
                0x08002160                PVD_IRQHandler
                0x08002160                SDIO_IRQHandler
                0x08002160                EXTI3_IRQHandler
                0x08002160                EXTI0_IRQHandler
                0x08002160                I2C2_EV_IRQHandler
                0x08002160                SPI1_IRQHandler
                0x08002160                TAMPER_IRQHandler
                0x08002160                TIM8_UP_IRQHandler
                0x08002160                DMA2_Channel2_IRQHandler
                0x08002160                USART3_IRQHandler
                0x08002160                RTC_IRQHandler
                0x08002160                DMA1_Channel7_IRQHandler
                0x08002160                CAN1_RX1_IRQHandler
                0x08002160                UART5_IRQHandler
                0x08002160                TIM4_IRQHandler
                0x08002160                DMA2_Channel1_IRQHandler
                0x08002160                I2C1_EV_IRQHandler
                0x08002160                DMA1_Channel6_IRQHandler
                0x08002160                UART4_IRQHandler
                0x08002160                TIM3_IRQHandler
                0x08002160                RCC_IRQHandler
                0x08002160                TIM1_TRG_COM_IRQHandler
                0x08002160                Default_Handler
                0x08002160                EXTI15_10_IRQHandler
                0x08002160                TIM7_IRQHandler
                0x08002160                TIM5_IRQHandler
                0x08002160                EXTI9_5_IRQHandler
                0x08002160                SPI2_IRQHandler
                0x08002160                EXTI4_IRQHandler
                0x08002160                USB_LP_CAN1_RX0_IRQHandler
                0x08002160                USB_HP_CAN1_TX_IRQHandler
                0x08002160                DMA1_Channel3_IRQHandler
                0x08002160                FSMC_IRQHandler
                0x08002160                TIM1_UP_IRQHandler
                0x08002160                WWDG_IRQHandler
                0x08002160                TIM2_IRQHandler
                0x08002160                TIM1_BRK_IRQHandler
                0x08002160                EXTI1_IRQHandler
                0x08002160                USART2_IRQHandler
                0x08002160                I2C2_ER_IRQHandler
                0x08002160                DMA1_Channel2_IRQHandler
                0x08002160                TIM8_BRK_IRQHandler
                0x08002160                CAN1_SCE_IRQHandler
                0x08002160                FLASH_IRQHandler
                0x08002160                SPI3_IRQHandler
                0x08002160                I2C1_ER_IRQHandler
                0x08002160                USBWakeUp_IRQHandler
                0x08002160                DMA2_Channel3_IRQHandler
 *fill*         0x08002162        0x2 
 .text.HAL_Init
                0x08002164       0x2c ./Drivers/STM32F1xx_HAL_Driver/Src/stm32f1xx_hal.o
                0x08002164                HAL_Init
 .text.HAL_InitTick
                0x08002190       0x60 ./Drivers/STM32F1xx_HAL_Driver/Src/stm32f1xx_hal.o
                0x08002190                HAL_InitTick
 .text.HAL_IncTick
                0x080021f0       0x24 ./Drivers/STM32F1xx_HAL_Driver/Src/stm32f1xx_hal.o
                0x080021f0                HAL_IncTick
 .text.HAL_GetTick
                0x08002214       0x14 ./Drivers/STM32F1xx_HAL_Driver/Src/stm32f1xx_hal.o
                0x08002214                HAL_GetTick
 .text.HAL_Delay
                0x08002228       0x48 ./Drivers/STM32F1xx_HAL_Driver/Src/stm32f1xx_hal.o
                0x08002228                HAL_Delay
 .text.HAL_ADC_Init
                0x08002270      0x1d4 ./Drivers/STM32F1xx_HAL_Driver/Src/stm32f1xx_hal_adc.o
                0x08002270                HAL_ADC_Init
 .text.HAL_ADC_Start_DMA
                0x08002444      0x1bc ./Drivers/STM32F1xx_HAL_Driver/Src/stm32f1xx_hal_adc.o
                0x08002444                HAL_ADC_Start_DMA
 .text.HAL_ADC_IRQHandler
                0x08002600      0x17e ./Drivers/STM32F1xx_HAL_Driver/Src/stm32f1xx_hal_adc.o
                0x08002600                HAL_ADC_IRQHandler
 .text.HAL_ADC_ConvCpltCallback
                0x0800277e       0x12 ./Drivers/STM32F1xx_HAL_Driver/Src/stm32f1xx_hal_adc.o
                0x0800277e                HAL_ADC_ConvCpltCallback
 .text.HAL_ADC_ConvHalfCpltCallback
                0x08002790       0x12 ./Drivers/STM32F1xx_HAL_Driver/Src/stm32f1xx_hal_adc.o
                0x08002790                HAL_ADC_ConvHalfCpltCallback
 .text.HAL_ADC_LevelOutOfWindowCallback
                0x080027a2       0x12 ./Drivers/STM32F1xx_HAL_Driver/Src/stm32f1xx_hal_adc.o
                0x080027a2                HAL_ADC_LevelOutOfWindowCallback
 .text.HAL_ADC_ErrorCallback
                0x080027b4       0x12 ./Drivers/STM32F1xx_HAL_Driver/Src/stm32f1xx_hal_adc.o
                0x080027b4                HAL_ADC_ErrorCallback
 *fill*         0x080027c6        0x2 
 .text.HAL_ADC_ConfigChannel
                0x080027c8      0x1f0 ./Drivers/STM32F1xx_HAL_Driver/Src/stm32f1xx_hal_adc.o
                0x080027c8                HAL_ADC_ConfigChannel
 .text.ADC_Enable
                0x080029b8       0xb4 ./Drivers/STM32F1xx_HAL_Driver/Src/stm32f1xx_hal_adc.o
                0x080029b8                ADC_Enable
 .text.ADC_ConversionStop_Disable
                0x08002a6c       0x82 ./Drivers/STM32F1xx_HAL_Driver/Src/stm32f1xx_hal_adc.o
                0x08002a6c                ADC_ConversionStop_Disable
 .text.ADC_DMAConvCplt
                0x08002aee       0x7c ./Drivers/STM32F1xx_HAL_Driver/Src/stm32f1xx_hal_adc.o
                0x08002aee                ADC_DMAConvCplt
 .text.ADC_DMAHalfConvCplt
                0x08002b6a       0x1c ./Drivers/STM32F1xx_HAL_Driver/Src/stm32f1xx_hal_adc.o
                0x08002b6a                ADC_DMAHalfConvCplt
 .text.ADC_DMAError
                0x08002b86       0x34 ./Drivers/STM32F1xx_HAL_Driver/Src/stm32f1xx_hal_adc.o
                0x08002b86                ADC_DMAError
 .text.HAL_ADCEx_InjectedConvCpltCallback
                0x08002bba       0x12 ./Drivers/STM32F1xx_HAL_Driver/Src/stm32f1xx_hal_adc_ex.o
                0x08002bba                HAL_ADCEx_InjectedConvCpltCallback
 .text.__NVIC_SetPriorityGrouping
                0x08002bcc       0x48 ./Drivers/STM32F1xx_HAL_Driver/Src/stm32f1xx_hal_cortex.o
 .text.__NVIC_GetPriorityGrouping
                0x08002c14       0x1c ./Drivers/STM32F1xx_HAL_Driver/Src/stm32f1xx_hal_cortex.o
 .text.__NVIC_EnableIRQ
                0x08002c30       0x38 ./Drivers/STM32F1xx_HAL_Driver/Src/stm32f1xx_hal_cortex.o
 .text.__NVIC_SetPriority
                0x08002c68       0x54 ./Drivers/STM32F1xx_HAL_Driver/Src/stm32f1xx_hal_cortex.o
 .text.NVIC_EncodePriority
                0x08002cbc       0x64 ./Drivers/STM32F1xx_HAL_Driver/Src/stm32f1xx_hal_cortex.o
 .text.SysTick_Config
                0x08002d20       0x44 ./Drivers/STM32F1xx_HAL_Driver/Src/stm32f1xx_hal_cortex.o
 .text.HAL_NVIC_SetPriorityGrouping
                0x08002d64       0x16 ./Drivers/STM32F1xx_HAL_Driver/Src/stm32f1xx_hal_cortex.o
                0x08002d64                HAL_NVIC_SetPriorityGrouping
 .text.HAL_NVIC_SetPriority
                0x08002d7a       0x38 ./Drivers/STM32F1xx_HAL_Driver/Src/stm32f1xx_hal_cortex.o
                0x08002d7a                HAL_NVIC_SetPriority
 .text.HAL_NVIC_EnableIRQ
                0x08002db2       0x1c ./Drivers/STM32F1xx_HAL_Driver/Src/stm32f1xx_hal_cortex.o
                0x08002db2                HAL_NVIC_EnableIRQ
 .text.HAL_SYSTICK_Config
                0x08002dce       0x18 ./Drivers/STM32F1xx_HAL_Driver/Src/stm32f1xx_hal_cortex.o
                0x08002dce                HAL_SYSTICK_Config
 *fill*         0x08002de6        0x2 
 .text.HAL_DMA_Init
                0x08002de8       0xec ./Drivers/STM32F1xx_HAL_Driver/Src/stm32f1xx_hal_dma.o
                0x08002de8                HAL_DMA_Init
 .text.HAL_DMA_Start_IT
                0x08002ed4       0xc0 ./Drivers/STM32F1xx_HAL_Driver/Src/stm32f1xx_hal_dma.o
                0x08002ed4                HAL_DMA_Start_IT
 .text.HAL_DMA_Abort
                0x08002f94       0x76 ./Drivers/STM32F1xx_HAL_Driver/Src/stm32f1xx_hal_dma.o
                0x08002f94                HAL_DMA_Abort
 *fill*         0x0800300a        0x2 
 .text.HAL_DMA_Abort_IT
                0x0800300c      0x210 ./Drivers/STM32F1xx_HAL_Driver/Src/stm32f1xx_hal_dma.o
                0x0800300c                HAL_DMA_Abort_IT
 .text.HAL_DMA_IRQHandler
                0x0800321c      0x478 ./Drivers/STM32F1xx_HAL_Driver/Src/stm32f1xx_hal_dma.o
                0x0800321c                HAL_DMA_IRQHandler
 .text.DMA_SetConfig
                0x08003694       0x5a ./Drivers/STM32F1xx_HAL_Driver/Src/stm32f1xx_hal_dma.o
 *fill*         0x080036ee        0x2 
 .text.HAL_GPIO_Init
                0x080036f0      0x328 ./Drivers/STM32F1xx_HAL_Driver/Src/stm32f1xx_hal_gpio.o
                0x080036f0                HAL_GPIO_Init
 .text.HAL_GPIO_WritePin
                0x08003a18       0x30 ./Drivers/STM32F1xx_HAL_Driver/Src/stm32f1xx_hal_gpio.o
                0x08003a18                HAL_GPIO_WritePin
 .text.HAL_GPIO_TogglePin
                0x08003a48       0x32 ./Drivers/STM32F1xx_HAL_Driver/Src/stm32f1xx_hal_gpio.o
                0x08003a48                HAL_GPIO_TogglePin
 *fill*         0x08003a7a        0x2 
 .text.HAL_I2C_Init
                0x08003a7c      0x288 ./Drivers/STM32F1xx_HAL_Driver/Src/stm32f1xx_hal_i2c.o
                0x08003a7c                HAL_I2C_Init
 .text.HAL_I2C_Master_Transmit
                0x08003d04      0x1fc ./Drivers/STM32F1xx_HAL_Driver/Src/stm32f1xx_hal_i2c.o
                0x08003d04                HAL_I2C_Master_Transmit
 .text.HAL_I2C_IsDeviceReady
                0x08003f00      0x25c ./Drivers/STM32F1xx_HAL_Driver/Src/stm32f1xx_hal_i2c.o
                0x08003f00                HAL_I2C_IsDeviceReady
 .text.I2C_MasterRequestWrite
                0x0800415c      0x104 ./Drivers/STM32F1xx_HAL_Driver/Src/stm32f1xx_hal_i2c.o
 .text.I2C_WaitOnFlagUntilTimeout
                0x08004260       0xf4 ./Drivers/STM32F1xx_HAL_Driver/Src/stm32f1xx_hal_i2c.o
 .text.I2C_WaitOnMasterAddressFlagUntilTimeout
                0x08004354      0x140 ./Drivers/STM32F1xx_HAL_Driver/Src/stm32f1xx_hal_i2c.o
 .text.I2C_WaitOnTXEFlagUntilTimeout
                0x08004494       0x90 ./Drivers/STM32F1xx_HAL_Driver/Src/stm32f1xx_hal_i2c.o
 .text.I2C_WaitOnBTFFlagUntilTimeout
                0x08004524       0x90 ./Drivers/STM32F1xx_HAL_Driver/Src/stm32f1xx_hal_i2c.o
 .text.I2C_IsAcknowledgeFailed
                0x080045b4       0x5c ./Drivers/STM32F1xx_HAL_Driver/Src/stm32f1xx_hal_i2c.o
 .text.HAL_RCC_OscConfig
                0x08004610      0x504 ./Drivers/STM32F1xx_HAL_Driver/Src/stm32f1xx_hal_rcc.o
                0x08004610                HAL_RCC_OscConfig
 .text.HAL_RCC_ClockConfig
                0x08004b14      0x1d4 ./Drivers/STM32F1xx_HAL_Driver/Src/stm32f1xx_hal_rcc.o
                0x08004b14                HAL_RCC_ClockConfig
 .text.HAL_RCC_GetSysClockFreq
                0x08004ce8       0xa8 ./Drivers/STM32F1xx_HAL_Driver/Src/stm32f1xx_hal_rcc.o
                0x08004ce8                HAL_RCC_GetSysClockFreq
 .text.HAL_RCC_GetHCLKFreq
                0x08004d90       0x14 ./Drivers/STM32F1xx_HAL_Driver/Src/stm32f1xx_hal_rcc.o
                0x08004d90                HAL_RCC_GetHCLKFreq
 .text.HAL_RCC_GetPCLK1Freq
                0x08004da4       0x28 ./Drivers/STM32F1xx_HAL_Driver/Src/stm32f1xx_hal_rcc.o
                0x08004da4                HAL_RCC_GetPCLK1Freq
 .text.HAL_RCC_GetPCLK2Freq
                0x08004dcc       0x28 ./Drivers/STM32F1xx_HAL_Driver/Src/stm32f1xx_hal_rcc.o
                0x08004dcc                HAL_RCC_GetPCLK2Freq
 .text.RCC_Delay
                0x08004df4       0x3c ./Drivers/STM32F1xx_HAL_Driver/Src/stm32f1xx_hal_rcc.o
 .text.HAL_RCCEx_PeriphCLKConfig
                0x08004e30      0x16c ./Drivers/STM32F1xx_HAL_Driver/Src/stm32f1xx_hal_rcc_ex.o
                0x08004e30                HAL_RCCEx_PeriphCLKConfig
 .text.HAL_SPI_Init
                0x08004f9c      0x108 ./Drivers/STM32F1xx_HAL_Driver/Src/stm32f1xx_hal_spi.o
                0x08004f9c                HAL_SPI_Init
 .text.HAL_SPI_TransmitReceive
                0x080050a4      0x360 ./Drivers/STM32F1xx_HAL_Driver/Src/stm32f1xx_hal_spi.o
                0x080050a4                HAL_SPI_TransmitReceive
 .text.SPI_WaitFlagStateUntilTimeout
                0x08005404      0x110 ./Drivers/STM32F1xx_HAL_Driver/Src/stm32f1xx_hal_spi.o
 .text.SPI_EndRxTxTransaction
                0x08005514       0x3c ./Drivers/STM32F1xx_HAL_Driver/Src/stm32f1xx_hal_spi.o
 .text.HAL_TIM_PWM_Init
                0x08005550       0x9e ./Drivers/STM32F1xx_HAL_Driver/Src/stm32f1xx_hal_tim.o
                0x08005550                HAL_TIM_PWM_Init
 *fill*         0x080055ee        0x2 
 .text.HAL_TIM_PWM_Start
                0x080055f0      0x174 ./Drivers/STM32F1xx_HAL_Driver/Src/stm32f1xx_hal_tim.o
                0x080055f0                HAL_TIM_PWM_Start
 .text.HAL_TIM_PWM_ConfigChannel
                0x08005764      0x184 ./Drivers/STM32F1xx_HAL_Driver/Src/stm32f1xx_hal_tim.o
                0x08005764                HAL_TIM_PWM_ConfigChannel
 .text.TIM_Base_SetConfig
                0x080058e8       0xf4 ./Drivers/STM32F1xx_HAL_Driver/Src/stm32f1xx_hal_tim.o
                0x080058e8                TIM_Base_SetConfig
 .text.TIM_OC1_SetConfig
                0x080059dc       0xe0 ./Drivers/STM32F1xx_HAL_Driver/Src/stm32f1xx_hal_tim.o
 .text.TIM_OC2_SetConfig
                0x08005abc       0xe8 ./Drivers/STM32F1xx_HAL_Driver/Src/stm32f1xx_hal_tim.o
                0x08005abc                TIM_OC2_SetConfig
 .text.TIM_OC3_SetConfig
                0x08005ba4       0xe8 ./Drivers/STM32F1xx_HAL_Driver/Src/stm32f1xx_hal_tim.o
 .text.TIM_OC4_SetConfig
                0x08005c8c       0xa8 ./Drivers/STM32F1xx_HAL_Driver/Src/stm32f1xx_hal_tim.o
 .text.TIM_CCxChannelCmd
                0x08005d34       0x48 ./Drivers/STM32F1xx_HAL_Driver/Src/stm32f1xx_hal_tim.o
                0x08005d34                TIM_CCxChannelCmd
 .text.HAL_TIMEx_MasterConfigSynchronization
                0x08005d7c       0xd8 ./Drivers/STM32F1xx_HAL_Driver/Src/stm32f1xx_hal_tim_ex.o
                0x08005d7c                HAL_TIMEx_MasterConfigSynchronization
 .text.HAL_UART_Init
                0x08005e54       0xa0 ./Drivers/STM32F1xx_HAL_Driver/Src/stm32f1xx_hal_uart.o
                0x08005e54                HAL_UART_Init
 .text.HAL_UART_Transmit_DMA
                0x08005ef4       0xe0 ./Drivers/STM32F1xx_HAL_Driver/Src/stm32f1xx_hal_uart.o
                0x08005ef4                HAL_UART_Transmit_DMA
 .text.HAL_UART_Receive_DMA
                0x08005fd4       0x4a ./Drivers/STM32F1xx_HAL_Driver/Src/stm32f1xx_hal_uart.o
                0x08005fd4                HAL_UART_Receive_DMA
 *fill*         0x0800601e        0x2 
 .text.HAL_UART_IRQHandler
                0x08006020      0x524 ./Drivers/STM32F1xx_HAL_Driver/Src/stm32f1xx_hal_uart.o
                0x08006020                HAL_UART_IRQHandler
 .text.HAL_UART_TxHalfCpltCallback
                0x08006544       0x12 ./Drivers/STM32F1xx_HAL_Driver/Src/stm32f1xx_hal_uart.o
                0x08006544                HAL_UART_TxHalfCpltCallback
 .text.HAL_UART_RxHalfCpltCallback
                0x08006556       0x12 ./Drivers/STM32F1xx_HAL_Driver/Src/stm32f1xx_hal_uart.o
                0x08006556                HAL_UART_RxHalfCpltCallback
 .text.HAL_UART_ErrorCallback
                0x08006568       0x12 ./Drivers/STM32F1xx_HAL_Driver/Src/stm32f1xx_hal_uart.o
                0x08006568                HAL_UART_ErrorCallback
 .text.HAL_UARTEx_RxEventCallback
                0x0800657a       0x16 ./Drivers/STM32F1xx_HAL_Driver/Src/stm32f1xx_hal_uart.o
                0x0800657a                HAL_UARTEx_RxEventCallback
 .text.UART_DMATransmitCplt
                0x08006590       0x9a ./Drivers/STM32F1xx_HAL_Driver/Src/stm32f1xx_hal_uart.o
 .text.UART_DMATxHalfCplt
                0x0800662a       0x1c ./Drivers/STM32F1xx_HAL_Driver/Src/stm32f1xx_hal_uart.o
 .text.UART_DMAReceiveCplt
                0x08006646      0x12c ./Drivers/STM32F1xx_HAL_Driver/Src/stm32f1xx_hal_uart.o
 .text.UART_DMARxHalfCplt
                0x08006772       0x3c ./Drivers/STM32F1xx_HAL_Driver/Src/stm32f1xx_hal_uart.o
 .text.UART_DMAError
                0x080067ae       0x94 ./Drivers/STM32F1xx_HAL_Driver/Src/stm32f1xx_hal_uart.o
 *fill*         0x08006842        0x2 
 .text.UART_Start_Receive_DMA
                0x08006844      0x134 ./Drivers/STM32F1xx_HAL_Driver/Src/stm32f1xx_hal_uart.o
                0x08006844                UART_Start_Receive_DMA
 .text.UART_EndTxTransfer
                0x08006978       0x4e ./Drivers/STM32F1xx_HAL_Driver/Src/stm32f1xx_hal_uart.o
 .text.UART_EndRxTransfer
                0x080069c6       0xc4 ./Drivers/STM32F1xx_HAL_Driver/Src/stm32f1xx_hal_uart.o
 .text.UART_DMAAbortOnError
                0x08006a8a       0x28 ./Drivers/STM32F1xx_HAL_Driver/Src/stm32f1xx_hal_uart.o
 .text.UART_Transmit_IT
                0x08006ab2       0x9e ./Drivers/STM32F1xx_HAL_Driver/Src/stm32f1xx_hal_uart.o
 .text.UART_EndTransmit_IT
                0x08006b50       0x30 ./Drivers/STM32F1xx_HAL_Driver/Src/stm32f1xx_hal_uart.o
 .text.UART_Receive_IT
                0x08006b80      0x17c ./Drivers/STM32F1xx_HAL_Driver/Src/stm32f1xx_hal_uart.o
 .text.UART_SetConfig
                0x08006cfc      0x11c ./Drivers/STM32F1xx_HAL_Driver/Src/stm32f1xx_hal_uart.o
 .text.std      0x08006e18       0x6c C:/ST/STM32CubeIDE_1.13.2/STM32CubeIDE/plugins/com.st.stm32cube.ide.mcu.externaltools.gnu-tools-for-stm32.12.3.rel1.win32_1.0.200.202406191623/tools/bin/../lib/gcc/arm-none-eabi/12.3.1/../../../../arm-none-eabi/lib/thumb/v7-m/nofp\libc_nano.a(libc_a-findfp.o)
 .text.stdio_exit_handler
                0x08006e84       0x18 C:/ST/STM32CubeIDE_1.13.2/STM32CubeIDE/plugins/com.st.stm32cube.ide.mcu.externaltools.gnu-tools-for-stm32.12.3.rel1.win32_1.0.200.202406191623/tools/bin/../lib/gcc/arm-none-eabi/12.3.1/../../../../arm-none-eabi/lib/thumb/v7-m/nofp\libc_nano.a(libc_a-findfp.o)
 .text.cleanup_stdio
                0x08006e9c       0x40 C:/ST/STM32CubeIDE_1.13.2/STM32CubeIDE/plugins/com.st.stm32cube.ide.mcu.externaltools.gnu-tools-for-stm32.12.3.rel1.win32_1.0.200.202406191623/tools/bin/../lib/gcc/arm-none-eabi/12.3.1/../../../../arm-none-eabi/lib/thumb/v7-m/nofp\libc_nano.a(libc_a-findfp.o)
 .text.global_stdio_init.part.0
                0x08006edc       0x3c C:/ST/STM32CubeIDE_1.13.2/STM32CubeIDE/plugins/com.st.stm32cube.ide.mcu.externaltools.gnu-tools-for-stm32.12.3.rel1.win32_1.0.200.202406191623/tools/bin/../lib/gcc/arm-none-eabi/12.3.1/../../../../arm-none-eabi/lib/thumb/v7-m/nofp\libc_nano.a(libc_a-findfp.o)
 .text.__sfp_lock_acquire
                0x08006f18        0xc C:/ST/STM32CubeIDE_1.13.2/STM32CubeIDE/plugins/com.st.stm32cube.ide.mcu.externaltools.gnu-tools-for-stm32.12.3.rel1.win32_1.0.200.202406191623/tools/bin/../lib/gcc/arm-none-eabi/12.3.1/../../../../arm-none-eabi/lib/thumb/v7-m/nofp\libc_nano.a(libc_a-findfp.o)
                0x08006f18                __sfp_lock_acquire
 .text.__sfp_lock_release
                0x08006f24        0xc C:/ST/STM32CubeIDE_1.13.2/STM32CubeIDE/plugins/com.st.stm32cube.ide.mcu.externaltools.gnu-tools-for-stm32.12.3.rel1.win32_1.0.200.202406191623/tools/bin/../lib/gcc/arm-none-eabi/12.3.1/../../../../arm-none-eabi/lib/thumb/v7-m/nofp\libc_nano.a(libc_a-findfp.o)
                0x08006f24                __sfp_lock_release
 .text.__sinit  0x08006f30       0x30 C:/ST/STM32CubeIDE_1.13.2/STM32CubeIDE/plugins/com.st.stm32cube.ide.mcu.externaltools.gnu-tools-for-stm32.12.3.rel1.win32_1.0.200.202406191623/tools/bin/../lib/gcc/arm-none-eabi/12.3.1/../../../../arm-none-eabi/lib/thumb/v7-m/nofp\libc_nano.a(libc_a-findfp.o)
                0x08006f30                __sinit
 .text._fwalk_sglue
                0x08006f60       0x3c C:/ST/STM32CubeIDE_1.13.2/STM32CubeIDE/plugins/com.st.stm32cube.ide.mcu.externaltools.gnu-tools-for-stm32.12.3.rel1.win32_1.0.200.202406191623/tools/bin/../lib/gcc/arm-none-eabi/12.3.1/../../../../arm-none-eabi/lib/thumb/v7-m/nofp\libc_nano.a(libc_a-fwalk.o)
                0x08006f60                _fwalk_sglue
 .text.printf   0x08006f9c       0x24 C:/ST/STM32CubeIDE_1.13.2/STM32CubeIDE/plugins/com.st.stm32cube.ide.mcu.externaltools.gnu-tools-for-stm32.12.3.rel1.win32_1.0.200.202406191623/tools/bin/../lib/gcc/arm-none-eabi/12.3.1/../../../../arm-none-eabi/lib/thumb/v7-m/nofp\libc_nano.a(libc_a-printf.o)
                0x08006f9c                iprintf
                0x08006f9c                printf
 .text.__sread  0x08006fc0       0x22 C:/ST/STM32CubeIDE_1.13.2/STM32CubeIDE/plugins/com.st.stm32cube.ide.mcu.externaltools.gnu-tools-for-stm32.12.3.rel1.win32_1.0.200.202406191623/tools/bin/../lib/gcc/arm-none-eabi/12.3.1/../../../../arm-none-eabi/lib/thumb/v7-m/nofp\libc_nano.a(libc_a-stdio.o)
                0x08006fc0                __sread
 .text.__swrite
                0x08006fe2       0x38 C:/ST/STM32CubeIDE_1.13.2/STM32CubeIDE/plugins/com.st.stm32cube.ide.mcu.externaltools.gnu-tools-for-stm32.12.3.rel1.win32_1.0.200.202406191623/tools/bin/../lib/gcc/arm-none-eabi/12.3.1/../../../../arm-none-eabi/lib/thumb/v7-m/nofp\libc_nano.a(libc_a-stdio.o)
                0x08006fe2                __swrite
 .text.__sseek  0x0800701a       0x24 C:/ST/STM32CubeIDE_1.13.2/STM32CubeIDE/plugins/com.st.stm32cube.ide.mcu.externaltools.gnu-tools-for-stm32.12.3.rel1.win32_1.0.200.202406191623/tools/bin/../lib/gcc/arm-none-eabi/12.3.1/../../../../arm-none-eabi/lib/thumb/v7-m/nofp\libc_nano.a(libc_a-stdio.o)
                0x0800701a                __sseek
 .text.__sclose
                0x0800703e        0x8 C:/ST/STM32CubeIDE_1.13.2/STM32CubeIDE/plugins/com.st.stm32cube.ide.mcu.externaltools.gnu-tools-for-stm32.12.3.rel1.win32_1.0.200.202406191623/tools/bin/../lib/gcc/arm-none-eabi/12.3.1/../../../../arm-none-eabi/lib/thumb/v7-m/nofp\libc_nano.a(libc_a-stdio.o)
                0x0800703e                __sclose
 .text.memset   0x08007046       0x10 C:/ST/STM32CubeIDE_1.13.2/STM32CubeIDE/plugins/com.st.stm32cube.ide.mcu.externaltools.gnu-tools-for-stm32.12.3.rel1.win32_1.0.200.202406191623/tools/bin/../lib/gcc/arm-none-eabi/12.3.1/../../../../arm-none-eabi/lib/thumb/v7-m/nofp\libc_nano.a(libc_a-memset.o)
                0x08007046                memset
 *fill*         0x08007056        0x2 
 .text._close_r
                0x08007058       0x20 C:/ST/STM32CubeIDE_1.13.2/STM32CubeIDE/plugins/com.st.stm32cube.ide.mcu.externaltools.gnu-tools-for-stm32.12.3.rel1.win32_1.0.200.202406191623/tools/bin/../lib/gcc/arm-none-eabi/12.3.1/../../../../arm-none-eabi/lib/thumb/v7-m/nofp\libc_nano.a(libc_a-closer.o)
                0x08007058                _close_r
 .text._lseek_r
                0x08007078       0x24 C:/ST/STM32CubeIDE_1.13.2/STM32CubeIDE/plugins/com.st.stm32cube.ide.mcu.externaltools.gnu-tools-for-stm32.12.3.rel1.win32_1.0.200.202406191623/tools/bin/../lib/gcc/arm-none-eabi/12.3.1/../../../../arm-none-eabi/lib/thumb/v7-m/nofp\libc_nano.a(libc_a-lseekr.o)
                0x08007078                _lseek_r
 .text._read_r  0x0800709c       0x24 C:/ST/STM32CubeIDE_1.13.2/STM32CubeIDE/plugins/com.st.stm32cube.ide.mcu.externaltools.gnu-tools-for-stm32.12.3.rel1.win32_1.0.200.202406191623/tools/bin/../lib/gcc/arm-none-eabi/12.3.1/../../../../arm-none-eabi/lib/thumb/v7-m/nofp\libc_nano.a(libc_a-readr.o)
                0x0800709c                _read_r
 .text._write_r
                0x080070c0       0x24 C:/ST/STM32CubeIDE_1.13.2/STM32CubeIDE/plugins/com.st.stm32cube.ide.mcu.externaltools.gnu-tools-for-stm32.12.3.rel1.win32_1.0.200.202406191623/tools/bin/../lib/gcc/arm-none-eabi/12.3.1/../../../../arm-none-eabi/lib/thumb/v7-m/nofp\libc_nano.a(libc_a-writer.o)
                0x080070c0                _write_r
 .text.__errno  0x080070e4        0xc C:/ST/STM32CubeIDE_1.13.2/STM32CubeIDE/plugins/com.st.stm32cube.ide.mcu.externaltools.gnu-tools-for-stm32.12.3.rel1.win32_1.0.200.202406191623/tools/bin/../lib/gcc/arm-none-eabi/12.3.1/../../../../arm-none-eabi/lib/thumb/v7-m/nofp\libc_nano.a(libc_a-errno.o)
                0x080070e4                __errno
 .text.__libc_init_array
                0x080070f0       0x48 C:/ST/STM32CubeIDE_1.13.2/STM32CubeIDE/plugins/com.st.stm32cube.ide.mcu.externaltools.gnu-tools-for-stm32.12.3.rel1.win32_1.0.200.202406191623/tools/bin/../lib/gcc/arm-none-eabi/12.3.1/../../../../arm-none-eabi/lib/thumb/v7-m/nofp\libc_nano.a(libc_a-init.o)
                0x080070f0                __libc_init_array
 .text.__retarget_lock_init_recursive
                0x08007138        0x2 C:/ST/STM32CubeIDE_1.13.2/STM32CubeIDE/plugins/com.st.stm32cube.ide.mcu.externaltools.gnu-tools-for-stm32.12.3.rel1.win32_1.0.200.202406191623/tools/bin/../lib/gcc/arm-none-eabi/12.3.1/../../../../arm-none-eabi/lib/thumb/v7-m/nofp\libc_nano.a(libc_a-lock.o)
                0x08007138                __retarget_lock_init_recursive
 .text.__retarget_lock_acquire_recursive
                0x0800713a        0x2 C:/ST/STM32CubeIDE_1.13.2/STM32CubeIDE/plugins/com.st.stm32cube.ide.mcu.externaltools.gnu-tools-for-stm32.12.3.rel1.win32_1.0.200.202406191623/tools/bin/../lib/gcc/arm-none-eabi/12.3.1/../../../../arm-none-eabi/lib/thumb/v7-m/nofp\libc_nano.a(libc_a-lock.o)
                0x0800713a                __retarget_lock_acquire_recursive
 .text.__retarget_lock_release_recursive
                0x0800713c        0x2 C:/ST/STM32CubeIDE_1.13.2/STM32CubeIDE/plugins/com.st.stm32cube.ide.mcu.externaltools.gnu-tools-for-stm32.12.3.rel1.win32_1.0.200.202406191623/tools/bin/../lib/gcc/arm-none-eabi/12.3.1/../../../../arm-none-eabi/lib/thumb/v7-m/nofp\libc_nano.a(libc_a-lock.o)
                0x0800713c                __retarget_lock_release_recursive
 *fill*         0x0800713e        0x2 
 .text._free_r  0x08007140       0x90 C:/ST/STM32CubeIDE_1.13.2/STM32CubeIDE/plugins/com.st.stm32cube.ide.mcu.externaltools.gnu-tools-for-stm32.12.3.rel1.win32_1.0.200.202406191623/tools/bin/../lib/gcc/arm-none-eabi/12.3.1/../../../../arm-none-eabi/lib/thumb/v7-m/nofp\libc_nano.a(libc_a-freer.o)
                0x08007140                _free_r
 .text.sbrk_aligned
                0x080071d0       0x44 C:/ST/STM32CubeIDE_1.13.2/STM32CubeIDE/plugins/com.st.stm32cube.ide.mcu.externaltools.gnu-tools-for-stm32.12.3.rel1.win32_1.0.200.202406191623/tools/bin/../lib/gcc/arm-none-eabi/12.3.1/../../../../arm-none-eabi/lib/thumb/v7-m/nofp\libc_nano.a(libc_a-mallocr.o)
 .text._malloc_r
                0x08007214      0x100 C:/ST/STM32CubeIDE_1.13.2/STM32CubeIDE/plugins/com.st.stm32cube.ide.mcu.externaltools.gnu-tools-for-stm32.12.3.rel1.win32_1.0.200.202406191623/tools/bin/../lib/gcc/arm-none-eabi/12.3.1/../../../../arm-none-eabi/lib/thumb/v7-m/nofp\libc_nano.a(libc_a-mallocr.o)
                0x08007214                _malloc_r
 .text.__malloc_lock
                0x08007314        0xc C:/ST/STM32CubeIDE_1.13.2/STM32CubeIDE/plugins/com.st.stm32cube.ide.mcu.externaltools.gnu-tools-for-stm32.12.3.rel1.win32_1.0.200.202406191623/tools/bin/../lib/gcc/arm-none-eabi/12.3.1/../../../../arm-none-eabi/lib/thumb/v7-m/nofp\libc_nano.a(libc_a-mlock.o)
                0x08007314                __malloc_lock
 .text.__malloc_unlock
                0x08007320        0xc C:/ST/STM32CubeIDE_1.13.2/STM32CubeIDE/plugins/com.st.stm32cube.ide.mcu.externaltools.gnu-tools-for-stm32.12.3.rel1.win32_1.0.200.202406191623/tools/bin/../lib/gcc/arm-none-eabi/12.3.1/../../../../arm-none-eabi/lib/thumb/v7-m/nofp\libc_nano.a(libc_a-mlock.o)
                0x08007320                __malloc_unlock
 .text.__sfputc_r
                0x0800732c       0x2a C:/ST/STM32CubeIDE_1.13.2/STM32CubeIDE/plugins/com.st.stm32cube.ide.mcu.externaltools.gnu-tools-for-stm32.12.3.rel1.win32_1.0.200.202406191623/tools/bin/../lib/gcc/arm-none-eabi/12.3.1/../../../../arm-none-eabi/lib/thumb/v7-m/nofp\libc_nano.a(libc_a-nano-vfprintf.o)
 .text.__sfputs_r
                0x08007356       0x24 C:/ST/STM32CubeIDE_1.13.2/STM32CubeIDE/plugins/com.st.stm32cube.ide.mcu.externaltools.gnu-tools-for-stm32.12.3.rel1.win32_1.0.200.202406191623/tools/bin/../lib/gcc/arm-none-eabi/12.3.1/../../../../arm-none-eabi/lib/thumb/v7-m/nofp\libc_nano.a(libc_a-nano-vfprintf.o)
                0x08007356                __sfputs_r
 *fill*         0x0800737a        0x2 
 .text._vfprintf_r
                0x0800737c      0x230 C:/ST/STM32CubeIDE_1.13.2/STM32CubeIDE/plugins/com.st.stm32cube.ide.mcu.externaltools.gnu-tools-for-stm32.12.3.rel1.win32_1.0.200.202406191623/tools/bin/../lib/gcc/arm-none-eabi/12.3.1/../../../../arm-none-eabi/lib/thumb/v7-m/nofp\libc_nano.a(libc_a-nano-vfprintf.o)
                0x0800737c                _vfprintf_r
                0x0800737c                _vfiprintf_r
 .text._printf_common
                0x080075ac       0xe4 C:/ST/STM32CubeIDE_1.13.2/STM32CubeIDE/plugins/com.st.stm32cube.ide.mcu.externaltools.gnu-tools-for-stm32.12.3.rel1.win32_1.0.200.202406191623/tools/bin/../lib/gcc/arm-none-eabi/12.3.1/../../../../arm-none-eabi/lib/thumb/v7-m/nofp\libc_nano.a(libc_a-nano-vfprintf_i.o)
                0x080075ac                _printf_common
 .text._printf_i
                0x08007690      0x240 C:/ST/STM32CubeIDE_1.13.2/STM32CubeIDE/plugins/com.st.stm32cube.ide.mcu.externaltools.gnu-tools-for-stm32.12.3.rel1.win32_1.0.200.202406191623/tools/bin/../lib/gcc/arm-none-eabi/12.3.1/../../../../arm-none-eabi/lib/thumb/v7-m/nofp\libc_nano.a(libc_a-nano-vfprintf_i.o)
                0x08007690                _printf_i
 .text.__sflush_r
                0x080078d0      0x100 C:/ST/STM32CubeIDE_1.13.2/STM32CubeIDE/plugins/com.st.stm32cube.ide.mcu.externaltools.gnu-tools-for-stm32.12.3.rel1.win32_1.0.200.202406191623/tools/bin/../lib/gcc/arm-none-eabi/12.3.1/../../../../arm-none-eabi/lib/thumb/v7-m/nofp\libc_nano.a(libc_a-fflush.o)
                0x080078d0                __sflush_r
 .text._fflush_r
                0x080079d0       0x50 C:/ST/STM32CubeIDE_1.13.2/STM32CubeIDE/plugins/com.st.stm32cube.ide.mcu.externaltools.gnu-tools-for-stm32.12.3.rel1.win32_1.0.200.202406191623/tools/bin/../lib/gcc/arm-none-eabi/12.3.1/../../../../arm-none-eabi/lib/thumb/v7-m/nofp\libc_nano.a(libc_a-fflush.o)
                0x080079d0                _fflush_r
 .text.__swbuf_r
                0x08007a20       0x7c C:/ST/STM32CubeIDE_1.13.2/STM32CubeIDE/plugins/com.st.stm32cube.ide.mcu.externaltools.gnu-tools-for-stm32.12.3.rel1.win32_1.0.200.202406191623/tools/bin/../lib/gcc/arm-none-eabi/12.3.1/../../../../arm-none-eabi/lib/thumb/v7-m/nofp\libc_nano.a(libc_a-wbuf.o)
                0x08007a20                __swbuf_r
 .text.__swsetup_r
                0x08007a9c       0xac C:/ST/STM32CubeIDE_1.13.2/STM32CubeIDE/plugins/com.st.stm32cube.ide.mcu.externaltools.gnu-tools-for-stm32.12.3.rel1.win32_1.0.200.202406191623/tools/bin/../lib/gcc/arm-none-eabi/12.3.1/../../../../arm-none-eabi/lib/thumb/v7-m/nofp\libc_nano.a(libc_a-wsetup.o)
                0x08007a9c                __swsetup_r
 .text._sbrk_r  0x08007b48       0x20 C:/ST/STM32CubeIDE_1.13.2/STM32CubeIDE/plugins/com.st.stm32cube.ide.mcu.externaltools.gnu-tools-for-stm32.12.3.rel1.win32_1.0.200.202406191623/tools/bin/../lib/gcc/arm-none-eabi/12.3.1/../../../../arm-none-eabi/lib/thumb/v7-m/nofp\libc_nano.a(libc_a-sbrkr.o)
                0x08007b48                _sbrk_r
 .text.memchr   0x08007b68       0x1c C:/ST/STM32CubeIDE_1.13.2/STM32CubeIDE/plugins/com.st.stm32cube.ide.mcu.externaltools.gnu-tools-for-stm32.12.3.rel1.win32_1.0.200.202406191623/tools/bin/../lib/gcc/arm-none-eabi/12.3.1/../../../../arm-none-eabi/lib/thumb/v7-m/nofp\libc_nano.a(libc_a-memchr-stub.o)
                0x08007b68                memchr
 .text.__swhatbuf_r
                0x08007b84       0x4a C:/ST/STM32CubeIDE_1.13.2/STM32CubeIDE/plugins/com.st.stm32cube.ide.mcu.externaltools.gnu-tools-for-stm32.12.3.rel1.win32_1.0.200.202406191623/tools/bin/../lib/gcc/arm-none-eabi/12.3.1/../../../../arm-none-eabi/lib/thumb/v7-m/nofp\libc_nano.a(libc_a-makebuf.o)
                0x08007b84                __swhatbuf_r
 .text.__smakebuf_r
                0x08007bce       0x78 C:/ST/STM32CubeIDE_1.13.2/STM32CubeIDE/plugins/com.st.stm32cube.ide.mcu.externaltools.gnu-tools-for-stm32.12.3.rel1.win32_1.0.200.202406191623/tools/bin/../lib/gcc/arm-none-eabi/12.3.1/../../../../arm-none-eabi/lib/thumb/v7-m/nofp\libc_nano.a(libc_a-makebuf.o)
                0x08007bce                __smakebuf_r
 *fill*         0x08007c46        0x2 
 .text._fstat_r
                0x08007c48       0x24 C:/ST/STM32CubeIDE_1.13.2/STM32CubeIDE/plugins/com.st.stm32cube.ide.mcu.externaltools.gnu-tools-for-stm32.12.3.rel1.win32_1.0.200.202406191623/tools/bin/../lib/gcc/arm-none-eabi/12.3.1/../../../../arm-none-eabi/lib/thumb/v7-m/nofp\libc_nano.a(libc_a-fstatr.o)
                0x08007c48                _fstat_r
 .text._isatty_r
                0x08007c6c       0x20 C:/ST/STM32CubeIDE_1.13.2/STM32CubeIDE/plugins/com.st.stm32cube.ide.mcu.externaltools.gnu-tools-for-stm32.12.3.rel1.win32_1.0.200.202406191623/tools/bin/../lib/gcc/arm-none-eabi/12.3.1/../../../../arm-none-eabi/lib/thumb/v7-m/nofp\libc_nano.a(libc_a-isattyr.o)
                0x08007c6c                _isatty_r
 *(.glue_7)
 .glue_7        0x08007c8c        0x0 linker stubs
 *(.glue_7t)
 .glue_7t       0x08007c8c        0x0 linker stubs
 *(.eh_frame)
 .eh_frame      0x08007c8c        0x0 C:/ST/STM32CubeIDE_1.13.2/STM32CubeIDE/plugins/com.st.stm32cube.ide.mcu.externaltools.gnu-tools-for-stm32.12.3.rel1.win32_1.0.200.202406191623/tools/bin/../lib/gcc/arm-none-eabi/12.3.1/thumb/v7-m/nofp/crtbegin.o
 *(.init)
 .init          0x08007c8c        0x4 C:/ST/STM32CubeIDE_1.13.2/STM32CubeIDE/plugins/com.st.stm32cube.ide.mcu.externaltools.gnu-tools-for-stm32.12.3.rel1.win32_1.0.200.202406191623/tools/bin/../lib/gcc/arm-none-eabi/12.3.1/thumb/v7-m/nofp/crti.o
                0x08007c8c                _init
 .init          0x08007c90        0x8 C:/ST/STM32CubeIDE_1.13.2/STM32CubeIDE/plugins/com.st.stm32cube.ide.mcu.externaltools.gnu-tools-for-stm32.12.3.rel1.win32_1.0.200.202406191623/tools/bin/../lib/gcc/arm-none-eabi/12.3.1/thumb/v7-m/nofp/crtn.o
 *(.fini)
 .fini          0x08007c98        0x4 C:/ST/STM32CubeIDE_1.13.2/STM32CubeIDE/plugins/com.st.stm32cube.ide.mcu.externaltools.gnu-tools-for-stm32.12.3.rel1.win32_1.0.200.202406191623/tools/bin/../lib/gcc/arm-none-eabi/12.3.1/thumb/v7-m/nofp/crti.o
                0x08007c98                _fini
 .fini          0x08007c9c        0x8 C:/ST/STM32CubeIDE_1.13.2/STM32CubeIDE/plugins/com.st.stm32cube.ide.mcu.externaltools.gnu-tools-for-stm32.12.3.rel1.win32_1.0.200.202406191623/tools/bin/../lib/gcc/arm-none-eabi/12.3.1/thumb/v7-m/nofp/crtn.o
                0x08007ca4                        . = ALIGN (0x4)
                0x08007ca4                        _etext = .

.vfp11_veneer   0x08007ca4        0x0
 .vfp11_veneer  0x08007ca4        0x0 linker stubs

.v4_bx          0x08007ca4        0x0
 .v4_bx         0x08007ca4        0x0 linker stubs

.iplt           0x08007ca4        0x0
 .iplt          0x08007ca4        0x0 C:/ST/STM32CubeIDE_1.13.2/STM32CubeIDE/plugins/com.st.stm32cube.ide.mcu.externaltools.gnu-tools-for-stm32.12.3.rel1.win32_1.0.200.202406191623/tools/bin/../lib/gcc/arm-none-eabi/12.3.1/thumb/v7-m/nofp/crtbegin.o

.rodata         0x08007ca4      0x1f4
                0x08007ca4                        . = ALIGN (0x4)
 *(.rodata)
 .rodata        0x08007ca4      0x183 ./Core/Src/pn532.o
 *fill*         0x08007e27        0x1 
 .rodata        0x08007e28        0x5 ./Core/Src/pn532_stm32f1.o
 *(.rodata*)
 *fill*         0x08007e2d        0x3 
 .rodata.PN532_ACK
                0x08007e30        0x6 ./Core/Src/pn532.o
                0x08007e30                PN532_ACK
 *fill*         0x08007e36        0x2 
 .rodata.AHBPrescTable
                0x08007e38       0x10 ./Core/Src/system_stm32f1xx.o
                0x08007e38                AHBPrescTable
 .rodata.APBPrescTable
                0x08007e48        0x8 ./Core/Src/system_stm32f1xx.o
                0x08007e48                APBPrescTable
 .rodata.aPLLMULFactorTable.1
                0x08007e50       0x10 ./Drivers/STM32F1xx_HAL_Driver/Src/stm32f1xx_hal_rcc.o
 .rodata.aPredivFactorTable.0
                0x08007e60        0x2 ./Drivers/STM32F1xx_HAL_Driver/Src/stm32f1xx_hal_rcc.o
 .rodata._vfprintf_r.str1.1
                0x08007e62       0x11 C:/ST/STM32CubeIDE_1.13.2/STM32CubeIDE/plugins/com.st.stm32cube.ide.mcu.externaltools.gnu-tools-for-stm32.12.3.rel1.win32_1.0.200.202406191623/tools/bin/../lib/gcc/arm-none-eabi/12.3.1/../../../../arm-none-eabi/lib/thumb/v7-m/nofp\libc_nano.a(libc_a-nano-vfprintf.o)
 .rodata._printf_i.str1.1
                0x08007e73       0x22 C:/ST/STM32CubeIDE_1.13.2/STM32CubeIDE/plugins/com.st.stm32cube.ide.mcu.externaltools.gnu-tools-for-stm32.12.3.rel1.win32_1.0.200.202406191623/tools/bin/../lib/gcc/arm-none-eabi/12.3.1/../../../../arm-none-eabi/lib/thumb/v7-m/nofp\libc_nano.a(libc_a-nano-vfprintf_i.o)
                0x08007e98                        . = ALIGN (0x4)
 *fill*         0x08007e95        0x3 

.rel.dyn        0x08007e98        0x0
 .rel.iplt      0x08007e98        0x0 C:/ST/STM32CubeIDE_1.13.2/STM32CubeIDE/plugins/com.st.stm32cube.ide.mcu.externaltools.gnu-tools-for-stm32.12.3.rel1.win32_1.0.200.202406191623/tools/bin/../lib/gcc/arm-none-eabi/12.3.1/thumb/v7-m/nofp/crtbegin.o

.ARM.extab      0x08007e98        0x0
                0x08007e98                        . = ALIGN (0x4)
 *(.ARM.extab* .gnu.linkonce.armextab.*)
                0x08007e98                        . = ALIGN (0x4)

.ARM            0x08007e98        0x0
                0x08007e98                        . = ALIGN (0x4)
                0x08007e98                        __exidx_start = .
 *(.ARM.exidx*)
                0x08007e98                        __exidx_end = .
                0x08007e98                        . = ALIGN (0x4)

.preinit_array  0x08007e98        0x0
                0x08007e98                        . = ALIGN (0x4)
                0x08007e98                        PROVIDE (__preinit_array_start = .)
 *(.preinit_array*)
                0x08007e98                        PROVIDE (__preinit_array_end = .)
                0x08007e98                        . = ALIGN (0x4)

.init_array     0x08007e98        0x4
                0x08007e98                        . = ALIGN (0x4)
                0x08007e98                        PROVIDE (__init_array_start = .)
 *(SORT_BY_NAME(.init_array.*))
 *(.init_array*)
 .init_array    0x08007e98        0x4 C:/ST/STM32CubeIDE_1.13.2/STM32CubeIDE/plugins/com.st.stm32cube.ide.mcu.externaltools.gnu-tools-for-stm32.12.3.rel1.win32_1.0.200.202406191623/tools/bin/../lib/gcc/arm-none-eabi/12.3.1/thumb/v7-m/nofp/crtbegin.o
                0x08007e9c                        PROVIDE (__init_array_end = .)
                0x08007e9c                        . = ALIGN (0x4)

.fini_array     0x08007e9c        0x4
                0x08007e9c                        . = ALIGN (0x4)
                [!provide]                        PROVIDE (__fini_array_start = .)
 *(SORT_BY_NAME(.fini_array.*))
 *(.fini_array*)
 .fini_array    0x08007e9c        0x4 C:/ST/STM32CubeIDE_1.13.2/STM32CubeIDE/plugins/com.st.stm32cube.ide.mcu.externaltools.gnu-tools-for-stm32.12.3.rel1.win32_1.0.200.202406191623/tools/bin/../lib/gcc/arm-none-eabi/12.3.1/thumb/v7-m/nofp/crtbegin.o
                [!provide]                        PROVIDE (__fini_array_end = .)
                0x08007ea0                        . = ALIGN (0x4)
                0x08007ea0                        _sidata = LOADADDR (.data)

.data           0x20000000       0x6c load address 0x08007ea0
                0x20000000                        . = ALIGN (0x4)
                0x20000000                        _sdata = .
 *(.data)
 *(.data*)
 .data.Station  0x20000000        0x1 ./Core/Src/main.o
                0x20000000                Station
 *fill*         0x20000001        0x3 
 .data.SystemCoreClock
                0x20000004        0x4 ./Core/Src/system_stm32f1xx.o
                0x20000004                SystemCoreClock
 .data.uwTickPrio
                0x20000008        0x4 ./Drivers/STM32F1xx_HAL_Driver/Src/stm32f1xx_hal.o
                0x20000008                uwTickPrio
 .data.uwTickFreq
                0x2000000c        0x1 ./Drivers/STM32F1xx_HAL_Driver/Src/stm32f1xx_hal.o
                0x2000000c                uwTickFreq
 *fill*         0x2000000d        0x3 
 .data.__sglue  0x20000010        0xc C:/ST/STM32CubeIDE_1.13.2/STM32CubeIDE/plugins/com.st.stm32cube.ide.mcu.externaltools.gnu-tools-for-stm32.12.3.rel1.win32_1.0.200.202406191623/tools/bin/../lib/gcc/arm-none-eabi/12.3.1/../../../../arm-none-eabi/lib/thumb/v7-m/nofp\libc_nano.a(libc_a-findfp.o)
                0x20000010                __sglue
 .data._impure_ptr
                0x2000001c        0x4 C:/ST/STM32CubeIDE_1.13.2/STM32CubeIDE/plugins/com.st.stm32cube.ide.mcu.externaltools.gnu-tools-for-stm32.12.3.rel1.win32_1.0.200.202406191623/tools/bin/../lib/gcc/arm-none-eabi/12.3.1/../../../../arm-none-eabi/lib/thumb/v7-m/nofp\libc_nano.a(libc_a-impure.o)
                0x2000001c                _impure_ptr
 .data._impure_data
                0x20000020       0x4c C:/ST/STM32CubeIDE_1.13.2/STM32CubeIDE/plugins/com.st.stm32cube.ide.mcu.externaltools.gnu-tools-for-stm32.12.3.rel1.win32_1.0.200.202406191623/tools/bin/../lib/gcc/arm-none-eabi/12.3.1/../../../../arm-none-eabi/lib/thumb/v7-m/nofp\libc_nano.a(libc_a-impure.o)
                0x20000020                _impure_data
 *(.RamFunc)
 *(.RamFunc*)
                0x2000006c                        . = ALIGN (0x4)
                0x2000006c                        _edata = .

.igot.plt       0x2000006c        0x0 load address 0x08007f0c
 .igot.plt      0x2000006c        0x0 C:/ST/STM32CubeIDE_1.13.2/STM32CubeIDE/plugins/com.st.stm32cube.ide.mcu.externaltools.gnu-tools-for-stm32.12.3.rel1.win32_1.0.200.202406191623/tools/bin/../lib/gcc/arm-none-eabi/12.3.1/thumb/v7-m/nofp/crtbegin.o
                0x2000006c                        . = ALIGN (0x4)

.bss            0x2000006c      0x898 load address 0x08007f0c
                0x2000006c                        _sbss = .
                0x2000006c                        __bss_start__ = _sbss
 *(.bss)
 .bss           0x2000006c       0x1c C:/ST/STM32CubeIDE_1.13.2/STM32CubeIDE/plugins/com.st.stm32cube.ide.mcu.externaltools.gnu-tools-for-stm32.12.3.rel1.win32_1.0.200.202406191623/tools/bin/../lib/gcc/arm-none-eabi/12.3.1/thumb/v7-m/nofp/crtbegin.o
 *(.bss*)
 .bss.hadc1     0x20000088       0x30 ./Core/Src/main.o
                0x20000088                hadc1
 .bss.hadc3     0x200000b8       0x30 ./Core/Src/main.o
                0x200000b8                hadc3
 .bss.hdma_adc1
                0x200000e8       0x44 ./Core/Src/main.o
                0x200000e8                hdma_adc1
 .bss.hdma_adc3
                0x2000012c       0x44 ./Core/Src/main.o
                0x2000012c                hdma_adc3
 .bss.hi2c1     0x20000170       0x54 ./Core/Src/main.o
                0x20000170                hi2c1
 .bss.hspi2     0x200001c4       0x58 ./Core/Src/main.o
                0x200001c4                hspi2
 .bss.htim2     0x2000021c       0x48 ./Core/Src/main.o
                0x2000021c                htim2
 .bss.huart1    0x20000264       0x48 ./Core/Src/main.o
                0x20000264                huart1
 .bss.hdma_usart1_tx
                0x200002ac       0x44 ./Core/Src/main.o
                0x200002ac                hdma_usart1_tx
 .bss.hdma_usart1_rx
                0x200002f0       0x44 ./Core/Src/main.o
                0x200002f0                hdma_usart1_rx
 .bss.line_sensor_front_values_dma
                0x20000334       0x14 ./Core/Src/main.o
                0x20000334                line_sensor_front_values_dma
 .bss.line_sensor_back_values_dma
                0x20000348       0x14 ./Core/Src/main.o
                0x20000348                line_sensor_back_values_dma
 .bss.Tx_Data_Uart1
                0x2000035c        0x5 ./Core/Src/main.o
                0x2000035c                Tx_Data_Uart1
 *fill*         0x20000361        0x3 
 .bss.Rx_Data_Uart1
                0x20000364        0x5 ./Core/Src/main.o
                0x20000364                Rx_Data_Uart1
 *fill*         0x20000369        0x3 
 .bss.uid       0x2000036c        0xa ./Core/Src/main.o
                0x2000036c                uid
 *fill*         0x20000376        0x2 
 .bss.uid_len   0x20000378        0x4 ./Core/Src/main.o
                0x20000378                uid_len
 .bss.uid_version
                0x2000037c        0xa ./Core/Src/main.o
                0x2000037c                uid_version
 *fill*         0x20000386        0x2 
 .bss.pn532     0x20000388       0x18 ./Core/Src/main.o
                0x20000388                pn532
 .bss.Station_id
                0x200003a0        0x5 ./Core/Src/main.o
                0x200003a0                Station_id
 *fill*         0x200003a5        0x3 
 .bss.SSD1306_Buffer
                0x200003a8      0x400 ./Core/Src/ssd1306.o
 .bss.SSD1306   0x200007a8        0x6 ./Core/Src/ssd1306.o
 *fill*         0x200007ae        0x2 
 .bss.__sbrk_heap_end
                0x200007b0        0x4 ./Core/Src/sysmem.o
 .bss.uwTick    0x200007b4        0x4 ./Drivers/STM32F1xx_HAL_Driver/Src/stm32f1xx_hal.o
                0x200007b4                uwTick
 .bss.__sf      0x200007b8      0x138 C:/ST/STM32CubeIDE_1.13.2/STM32CubeIDE/plugins/com.st.stm32cube.ide.mcu.externaltools.gnu-tools-for-stm32.12.3.rel1.win32_1.0.200.202406191623/tools/bin/../lib/gcc/arm-none-eabi/12.3.1/../../../../arm-none-eabi/lib/thumb/v7-m/nofp\libc_nano.a(libc_a-findfp.o)
                0x200007b8                __sf
 .bss.__stdio_exit_handler
                0x200008f0        0x4 C:/ST/STM32CubeIDE_1.13.2/STM32CubeIDE/plugins/com.st.stm32cube.ide.mcu.externaltools.gnu-tools-for-stm32.12.3.rel1.win32_1.0.200.202406191623/tools/bin/../lib/gcc/arm-none-eabi/12.3.1/../../../../arm-none-eabi/lib/thumb/v7-m/nofp\libc_nano.a(libc_a-findfp.o)
                0x200008f0                __stdio_exit_handler
 .bss.errno     0x200008f4        0x4 C:/ST/STM32CubeIDE_1.13.2/STM32CubeIDE/plugins/com.st.stm32cube.ide.mcu.externaltools.gnu-tools-for-stm32.12.3.rel1.win32_1.0.200.202406191623/tools/bin/../lib/gcc/arm-none-eabi/12.3.1/../../../../arm-none-eabi/lib/thumb/v7-m/nofp\libc_nano.a(libc_a-reent.o)
                0x200008f4                errno
 .bss.__lock___malloc_recursive_mutex
                0x200008f8        0x1 C:/ST/STM32CubeIDE_1.13.2/STM32CubeIDE/plugins/com.st.stm32cube.ide.mcu.externaltools.gnu-tools-for-stm32.12.3.rel1.win32_1.0.200.202406191623/tools/bin/../lib/gcc/arm-none-eabi/12.3.1/../../../../arm-none-eabi/lib/thumb/v7-m/nofp\libc_nano.a(libc_a-lock.o)
                0x200008f8                __lock___malloc_recursive_mutex
 .bss.__lock___sfp_recursive_mutex
                0x200008f9        0x1 C:/ST/STM32CubeIDE_1.13.2/STM32CubeIDE/plugins/com.st.stm32cube.ide.mcu.externaltools.gnu-tools-for-stm32.12.3.rel1.win32_1.0.200.202406191623/tools/bin/../lib/gcc/arm-none-eabi/12.3.1/../../../../arm-none-eabi/lib/thumb/v7-m/nofp\libc_nano.a(libc_a-lock.o)
                0x200008f9                __lock___sfp_recursive_mutex
 *fill*         0x200008fa        0x2 
 .bss.__malloc_sbrk_start
                0x200008fc        0x4 C:/ST/STM32CubeIDE_1.13.2/STM32CubeIDE/plugins/com.st.stm32cube.ide.mcu.externaltools.gnu-tools-for-stm32.12.3.rel1.win32_1.0.200.202406191623/tools/bin/../lib/gcc/arm-none-eabi/12.3.1/../../../../arm-none-eabi/lib/thumb/v7-m/nofp\libc_nano.a(libc_a-mallocr.o)
                0x200008fc                __malloc_sbrk_start
 .bss.__malloc_free_list
                0x20000900        0x4 C:/ST/STM32CubeIDE_1.13.2/STM32CubeIDE/plugins/com.st.stm32cube.ide.mcu.externaltools.gnu-tools-for-stm32.12.3.rel1.win32_1.0.200.202406191623/tools/bin/../lib/gcc/arm-none-eabi/12.3.1/../../../../arm-none-eabi/lib/thumb/v7-m/nofp\libc_nano.a(libc_a-mallocr.o)
                0x20000900                __malloc_free_list
 *(COMMON)
                0x20000904                        . = ALIGN (0x4)
                0x20000904                        _ebss = .
                0x20000904                        __bss_end__ = _ebss

._user_heap_stack
                0x20000904      0x604 load address 0x08007f0c
                0x20000908                        . = ALIGN (0x8)
 *fill*         0x20000904        0x4 
                [!provide]                        PROVIDE (end = .)
                0x20000908                        PROVIDE (_end = .)
                0x20000b08                        . = (. + _Min_Heap_Size)
 *fill*         0x20000908      0x200 
                0x20000f08                        . = (. + _Min_Stack_Size)
 *fill*         0x20000b08      0x400 
                0x20000f08                        . = ALIGN (0x8)

/DISCARD/
 libc.a(*)
 libm.a(*)
 libgcc.a(*)

.ARM.attributes
                0x00000000       0x29
 *(.ARM.attributes)
 .ARM.attributes
                0x00000000       0x1d C:/ST/STM32CubeIDE_1.13.2/STM32CubeIDE/plugins/com.st.stm32cube.ide.mcu.externaltools.gnu-tools-for-stm32.12.3.rel1.win32_1.0.200.202406191623/tools/bin/../lib/gcc/arm-none-eabi/12.3.1/thumb/v7-m/nofp/crti.o
 .ARM.attributes
                0x0000001d       0x2d C:/ST/STM32CubeIDE_1.13.2/STM32CubeIDE/plugins/com.st.stm32cube.ide.mcu.externaltools.gnu-tools-for-stm32.12.3.rel1.win32_1.0.200.202406191623/tools/bin/../lib/gcc/arm-none-eabi/12.3.1/thumb/v7-m/nofp/crtbegin.o
 .ARM.attributes
                0x0000004a       0x2d ./Core/Src/main.o
 .ARM.attributes
                0x00000077       0x2d ./Core/Src/pn532.o
 .ARM.attributes
                0x000000a4       0x2d ./Core/Src/pn532_stm32f1.o
 .ARM.attributes
                0x000000d1       0x2d ./Core/Src/ssd1306.o
 .ARM.attributes
                0x000000fe       0x2d ./Core/Src/stm32f1xx_hal_msp.o
 .ARM.attributes
                0x0000012b       0x2d ./Core/Src/stm32f1xx_it.o
 .ARM.attributes
                0x00000158       0x2d ./Core/Src/syscalls.o
 .ARM.attributes
                0x00000185       0x2d ./Core/Src/sysmem.o
 .ARM.attributes
                0x000001b2       0x2d ./Core/Src/system_stm32f1xx.o
 .ARM.attributes
                0x000001df       0x21 ./Core/Startup/startup_stm32f103zetx.o
 .ARM.attributes
                0x00000200       0x2d ./Drivers/STM32F1xx_HAL_Driver/Src/stm32f1xx_hal.o
 .ARM.attributes
                0x0000022d       0x2d ./Drivers/STM32F1xx_HAL_Driver/Src/stm32f1xx_hal_adc.o
 .ARM.attributes
                0x0000025a       0x2d ./Drivers/STM32F1xx_HAL_Driver/Src/stm32f1xx_hal_adc_ex.o
 .ARM.attributes
                0x00000287       0x2d ./Drivers/STM32F1xx_HAL_Driver/Src/stm32f1xx_hal_cortex.o
 .ARM.attributes
                0x000002b4       0x2d ./Drivers/STM32F1xx_HAL_Driver/Src/stm32f1xx_hal_dma.o
 .ARM.attributes
                0x000002e1       0x2d ./Drivers/STM32F1xx_HAL_Driver/Src/stm32f1xx_hal_gpio.o
 .ARM.attributes
                0x0000030e       0x2d ./Drivers/STM32F1xx_HAL_Driver/Src/stm32f1xx_hal_i2c.o
 .ARM.attributes
                0x0000033b       0x2d ./Drivers/STM32F1xx_HAL_Driver/Src/stm32f1xx_hal_rcc.o
 .ARM.attributes
                0x00000368       0x2d ./Drivers/STM32F1xx_HAL_Driver/Src/stm32f1xx_hal_rcc_ex.o
 .ARM.attributes
                0x00000395       0x2d ./Drivers/STM32F1xx_HAL_Driver/Src/stm32f1xx_hal_spi.o
 .ARM.attributes
                0x000003c2       0x2d ./Drivers/STM32F1xx_HAL_Driver/Src/stm32f1xx_hal_tim.o
 .ARM.attributes
                0x000003ef       0x2d ./Drivers/STM32F1xx_HAL_Driver/Src/stm32f1xx_hal_tim_ex.o
 .ARM.attributes
                0x0000041c       0x2d ./Drivers/STM32F1xx_HAL_Driver/Src/stm32f1xx_hal_uart.o
 .ARM.attributes
                0x00000449       0x2d C:/ST/STM32CubeIDE_1.13.2/STM32CubeIDE/plugins/com.st.stm32cube.ide.mcu.externaltools.gnu-tools-for-stm32.12.3.rel1.win32_1.0.200.202406191623/tools/bin/../lib/gcc/arm-none-eabi/12.3.1/../../../../arm-none-eabi/lib/thumb/v7-m/nofp\libc_nano.a(libc_a-findfp.o)
 .ARM.attributes
                0x00000476       0x2d C:/ST/STM32CubeIDE_1.13.2/STM32CubeIDE/plugins/com.st.stm32cube.ide.mcu.externaltools.gnu-tools-for-stm32.12.3.rel1.win32_1.0.200.202406191623/tools/bin/../lib/gcc/arm-none-eabi/12.3.1/../../../../arm-none-eabi/lib/thumb/v7-m/nofp\libc_nano.a(libc_a-fwalk.o)
 .ARM.attributes
                0x000004a3       0x2d C:/ST/STM32CubeIDE_1.13.2/STM32CubeIDE/plugins/com.st.stm32cube.ide.mcu.externaltools.gnu-tools-for-stm32.12.3.rel1.win32_1.0.200.202406191623/tools/bin/../lib/gcc/arm-none-eabi/12.3.1/../../../../arm-none-eabi/lib/thumb/v7-m/nofp\libc_nano.a(libc_a-printf.o)
 .ARM.attributes
                0x000004d0       0x2d C:/ST/STM32CubeIDE_1.13.2/STM32CubeIDE/plugins/com.st.stm32cube.ide.mcu.externaltools.gnu-tools-for-stm32.12.3.rel1.win32_1.0.200.202406191623/tools/bin/../lib/gcc/arm-none-eabi/12.3.1/../../../../arm-none-eabi/lib/thumb/v7-m/nofp\libc_nano.a(libc_a-stdio.o)
 .ARM.attributes
                0x000004fd       0x2d C:/ST/STM32CubeIDE_1.13.2/STM32CubeIDE/plugins/com.st.stm32cube.ide.mcu.externaltools.gnu-tools-for-stm32.12.3.rel1.win32_1.0.200.202406191623/tools/bin/../lib/gcc/arm-none-eabi/12.3.1/../../../../arm-none-eabi/lib/thumb/v7-m/nofp\libc_nano.a(libc_a-memset.o)
 .ARM.attributes
                0x0000052a       0x2d C:/ST/STM32CubeIDE_1.13.2/STM32CubeIDE/plugins/com.st.stm32cube.ide.mcu.externaltools.gnu-tools-for-stm32.12.3.rel1.win32_1.0.200.202406191623/tools/bin/../lib/gcc/arm-none-eabi/12.3.1/../../../../arm-none-eabi/lib/thumb/v7-m/nofp\libc_nano.a(libc_a-closer.o)
 .ARM.attributes
                0x00000557       0x2d C:/ST/STM32CubeIDE_1.13.2/STM32CubeIDE/plugins/com.st.stm32cube.ide.mcu.externaltools.gnu-tools-for-stm32.12.3.rel1.win32_1.0.200.202406191623/tools/bin/../lib/gcc/arm-none-eabi/12.3.1/../../../../arm-none-eabi/lib/thumb/v7-m/nofp\libc_nano.a(libc_a-reent.o)
 .ARM.attributes
                0x00000584       0x2d C:/ST/STM32CubeIDE_1.13.2/STM32CubeIDE/plugins/com.st.stm32cube.ide.mcu.externaltools.gnu-tools-for-stm32.12.3.rel1.win32_1.0.200.202406191623/tools/bin/../lib/gcc/arm-none-eabi/12.3.1/../../../../arm-none-eabi/lib/thumb/v7-m/nofp\libc_nano.a(libc_a-impure.o)
 .ARM.attributes
                0x000005b1       0x2d C:/ST/STM32CubeIDE_1.13.2/STM32CubeIDE/plugins/com.st.stm32cube.ide.mcu.externaltools.gnu-tools-for-stm32.12.3.rel1.win32_1.0.200.202406191623/tools/bin/../lib/gcc/arm-none-eabi/12.3.1/../../../../arm-none-eabi/lib/thumb/v7-m/nofp\libc_nano.a(libc_a-lseekr.o)
 .ARM.attributes
                0x000005de       0x2d C:/ST/STM32CubeIDE_1.13.2/STM32CubeIDE/plugins/com.st.stm32cube.ide.mcu.externaltools.gnu-tools-for-stm32.12.3.rel1.win32_1.0.200.202406191623/tools/bin/../lib/gcc/arm-none-eabi/12.3.1/../../../../arm-none-eabi/lib/thumb/v7-m/nofp\libc_nano.a(libc_a-readr.o)
 .ARM.attributes
                0x0000060b       0x2d C:/ST/STM32CubeIDE_1.13.2/STM32CubeIDE/plugins/com.st.stm32cube.ide.mcu.externaltools.gnu-tools-for-stm32.12.3.rel1.win32_1.0.200.202406191623/tools/bin/../lib/gcc/arm-none-eabi/12.3.1/../../../../arm-none-eabi/lib/thumb/v7-m/nofp\libc_nano.a(libc_a-writer.o)
 .ARM.attributes
                0x00000638       0x2d C:/ST/STM32CubeIDE_1.13.2/STM32CubeIDE/plugins/com.st.stm32cube.ide.mcu.externaltools.gnu-tools-for-stm32.12.3.rel1.win32_1.0.200.202406191623/tools/bin/../lib/gcc/arm-none-eabi/12.3.1/../../../../arm-none-eabi/lib/thumb/v7-m/nofp\libc_nano.a(libc_a-errno.o)
 .ARM.attributes
                0x00000665       0x2d C:/ST/STM32CubeIDE_1.13.2/STM32CubeIDE/plugins/com.st.stm32cube.ide.mcu.externaltools.gnu-tools-for-stm32.12.3.rel1.win32_1.0.200.202406191623/tools/bin/../lib/gcc/arm-none-eabi/12.3.1/../../../../arm-none-eabi/lib/thumb/v7-m/nofp\libc_nano.a(libc_a-init.o)
 .ARM.attributes
                0x00000692       0x2d C:/ST/STM32CubeIDE_1.13.2/STM32CubeIDE/plugins/com.st.stm32cube.ide.mcu.externaltools.gnu-tools-for-stm32.12.3.rel1.win32_1.0.200.202406191623/tools/bin/../lib/gcc/arm-none-eabi/12.3.1/../../../../arm-none-eabi/lib/thumb/v7-m/nofp\libc_nano.a(libc_a-lock.o)
 .ARM.attributes
                0x000006bf       0x2d C:/ST/STM32CubeIDE_1.13.2/STM32CubeIDE/plugins/com.st.stm32cube.ide.mcu.externaltools.gnu-tools-for-stm32.12.3.rel1.win32_1.0.200.202406191623/tools/bin/../lib/gcc/arm-none-eabi/12.3.1/../../../../arm-none-eabi/lib/thumb/v7-m/nofp\libc_nano.a(libc_a-freer.o)
 .ARM.attributes
                0x000006ec       0x2d C:/ST/STM32CubeIDE_1.13.2/STM32CubeIDE/plugins/com.st.stm32cube.ide.mcu.externaltools.gnu-tools-for-stm32.12.3.rel1.win32_1.0.200.202406191623/tools/bin/../lib/gcc/arm-none-eabi/12.3.1/../../../../arm-none-eabi/lib/thumb/v7-m/nofp\libc_nano.a(libc_a-mallocr.o)
 .ARM.attributes
                0x00000719       0x2d C:/ST/STM32CubeIDE_1.13.2/STM32CubeIDE/plugins/com.st.stm32cube.ide.mcu.externaltools.gnu-tools-for-stm32.12.3.rel1.win32_1.0.200.202406191623/tools/bin/../lib/gcc/arm-none-eabi/12.3.1/../../../../arm-none-eabi/lib/thumb/v7-m/nofp\libc_nano.a(libc_a-mlock.o)
 .ARM.attributes
                0x00000746       0x2d C:/ST/STM32CubeIDE_1.13.2/STM32CubeIDE/plugins/com.st.stm32cube.ide.mcu.externaltools.gnu-tools-for-stm32.12.3.rel1.win32_1.0.200.202406191623/tools/bin/../lib/gcc/arm-none-eabi/12.3.1/../../../../arm-none-eabi/lib/thumb/v7-m/nofp\libc_nano.a(libc_a-nano-vfprintf.o)
 .ARM.attributes
                0x00000773       0x2d C:/ST/STM32CubeIDE_1.13.2/STM32CubeIDE/plugins/com.st.stm32cube.ide.mcu.externaltools.gnu-tools-for-stm32.12.3.rel1.win32_1.0.200.202406191623/tools/bin/../lib/gcc/arm-none-eabi/12.3.1/../../../../arm-none-eabi/lib/thumb/v7-m/nofp\libc_nano.a(libc_a-nano-vfprintf_i.o)
 .ARM.attributes
                0x000007a0       0x2d C:/ST/STM32CubeIDE_1.13.2/STM32CubeIDE/plugins/com.st.stm32cube.ide.mcu.externaltools.gnu-tools-for-stm32.12.3.rel1.win32_1.0.200.202406191623/tools/bin/../lib/gcc/arm-none-eabi/12.3.1/../../../../arm-none-eabi/lib/thumb/v7-m/nofp\libc_nano.a(libc_a-fflush.o)
 .ARM.attributes
                0x000007cd       0x2d C:/ST/STM32CubeIDE_1.13.2/STM32CubeIDE/plugins/com.st.stm32cube.ide.mcu.externaltools.gnu-tools-for-stm32.12.3.rel1.win32_1.0.200.202406191623/tools/bin/../lib/gcc/arm-none-eabi/12.3.1/../../../../arm-none-eabi/lib/thumb/v7-m/nofp\libc_nano.a(libc_a-wbuf.o)
 .ARM.attributes
                0x000007fa       0x2d C:/ST/STM32CubeIDE_1.13.2/STM32CubeIDE/plugins/com.st.stm32cube.ide.mcu.externaltools.gnu-tools-for-stm32.12.3.rel1.win32_1.0.200.202406191623/tools/bin/../lib/gcc/arm-none-eabi/12.3.1/../../../../arm-none-eabi/lib/thumb/v7-m/nofp\libc_nano.a(libc_a-wsetup.o)
 .ARM.attributes
                0x00000827       0x2d C:/ST/STM32CubeIDE_1.13.2/STM32CubeIDE/plugins/com.st.stm32cube.ide.mcu.externaltools.gnu-tools-for-stm32.12.3.rel1.win32_1.0.200.202406191623/tools/bin/../lib/gcc/arm-none-eabi/12.3.1/../../../../arm-none-eabi/lib/thumb/v7-m/nofp\libc_nano.a(libc_a-sbrkr.o)
 .ARM.attributes
                0x00000854       0x2d C:/ST/STM32CubeIDE_1.13.2/STM32CubeIDE/plugins/com.st.stm32cube.ide.mcu.externaltools.gnu-tools-for-stm32.12.3.rel1.win32_1.0.200.202406191623/tools/bin/../lib/gcc/arm-none-eabi/12.3.1/../../../../arm-none-eabi/lib/thumb/v7-m/nofp\libc_nano.a(libc_a-memchr-stub.o)
 .ARM.attributes
                0x00000881       0x2d C:/ST/STM32CubeIDE_1.13.2/STM32CubeIDE/plugins/com.st.stm32cube.ide.mcu.externaltools.gnu-tools-for-stm32.12.3.rel1.win32_1.0.200.202406191623/tools/bin/../lib/gcc/arm-none-eabi/12.3.1/../../../../arm-none-eabi/lib/thumb/v7-m/nofp\libc_nano.a(libc_a-makebuf.o)
 .ARM.attributes
                0x000008ae       0x2d C:/ST/STM32CubeIDE_1.13.2/STM32CubeIDE/plugins/com.st.stm32cube.ide.mcu.externaltools.gnu-tools-for-stm32.12.3.rel1.win32_1.0.200.202406191623/tools/bin/../lib/gcc/arm-none-eabi/12.3.1/../../../../arm-none-eabi/lib/thumb/v7-m/nofp\libc_nano.a(libc_a-fstatr.o)
 .ARM.attributes
                0x000008db       0x2d C:/ST/STM32CubeIDE_1.13.2/STM32CubeIDE/plugins/com.st.stm32cube.ide.mcu.externaltools.gnu-tools-for-stm32.12.3.rel1.win32_1.0.200.202406191623/tools/bin/../lib/gcc/arm-none-eabi/12.3.1/../../../../arm-none-eabi/lib/thumb/v7-m/nofp\libc_nano.a(libc_a-isattyr.o)
 .ARM.attributes
                0x00000908       0x1d C:/ST/STM32CubeIDE_1.13.2/STM32CubeIDE/plugins/com.st.stm32cube.ide.mcu.externaltools.gnu-tools-for-stm32.12.3.rel1.win32_1.0.200.202406191623/tools/bin/../lib/gcc/arm-none-eabi/12.3.1/thumb/v7-m/nofp/crtn.o
OUTPUT(AGV_Genzero.elf elf32-littlearm)
LOAD linker stubs
LOAD C:/ST/STM32CubeIDE_1.13.2/STM32CubeIDE/plugins/com.st.stm32cube.ide.mcu.externaltools.gnu-tools-for-stm32.12.3.rel1.win32_1.0.200.202406191623/tools/bin/../lib/gcc/arm-none-eabi/12.3.1/../../../../arm-none-eabi/lib/thumb/v7-m/nofp\libc.a
LOAD C:/ST/STM32CubeIDE_1.13.2/STM32CubeIDE/plugins/com.st.stm32cube.ide.mcu.externaltools.gnu-tools-for-stm32.12.3.rel1.win32_1.0.200.202406191623/tools/bin/../lib/gcc/arm-none-eabi/12.3.1/../../../../arm-none-eabi/lib/thumb/v7-m/nofp\libm.a
LOAD C:/ST/STM32CubeIDE_1.13.2/STM32CubeIDE/plugins/com.st.stm32cube.ide.mcu.externaltools.gnu-tools-for-stm32.12.3.rel1.win32_1.0.200.202406191623/tools/bin/../lib/gcc/arm-none-eabi/12.3.1/thumb/v7-m/nofp\libgcc.a

.debug_info     0x00000000    0x15a19
 .debug_info    0x00000000     0x22bf ./Core/Src/main.o
 .debug_info    0x000022bf      0x98e ./Core/Src/pn532.o
 .debug_info    0x00002c4d      0x9c1 ./Core/Src/pn532_stm32f1.o
 .debug_info    0x0000360e     0x1028 ./Core/Src/ssd1306.o
 .debug_info    0x00004636     0x182b ./Core/Src/stm32f1xx_hal_msp.o
 .debug_info    0x00005e61      0x8c7 ./Core/Src/stm32f1xx_it.o
 .debug_info    0x00006728      0x6a3 ./Core/Src/syscalls.o
 .debug_info    0x00006dcb      0x168 ./Core/Src/sysmem.o
 .debug_info    0x00006f33      0x222 ./Core/Src/system_stm32f1xx.o
 .debug_info    0x00007155       0x30 ./Core/Startup/startup_stm32f103zetx.o
 .debug_info    0x00007185      0x76a ./Drivers/STM32F1xx_HAL_Driver/Src/stm32f1xx_hal.o
 .debug_info    0x000078ef      0xc50 ./Drivers/STM32F1xx_HAL_Driver/Src/stm32f1xx_hal_adc.o
 .debug_info    0x0000853f      0xa10 ./Drivers/STM32F1xx_HAL_Driver/Src/stm32f1xx_hal_adc_ex.o
 .debug_info    0x00008f4f      0xaed ./Drivers/STM32F1xx_HAL_Driver/Src/stm32f1xx_hal_cortex.o
 .debug_info    0x00009a3c      0x6d2 ./Drivers/STM32F1xx_HAL_Driver/Src/stm32f1xx_hal_dma.o
 .debug_info    0x0000a10e      0x5ab ./Drivers/STM32F1xx_HAL_Driver/Src/stm32f1xx_hal_gpio.o
 .debug_info    0x0000a6b9     0x2515 ./Drivers/STM32F1xx_HAL_Driver/Src/stm32f1xx_hal_i2c.o
 .debug_info    0x0000cbce      0x7d5 ./Drivers/STM32F1xx_HAL_Driver/Src/stm32f1xx_hal_rcc.o
 .debug_info    0x0000d3a3      0x3e9 ./Drivers/STM32F1xx_HAL_Driver/Src/stm32f1xx_hal_rcc_ex.o
 .debug_info    0x0000d78c     0x150f ./Drivers/STM32F1xx_HAL_Driver/Src/stm32f1xx_hal_spi.o
 .debug_info    0x0000ec9b     0x293b ./Drivers/STM32F1xx_HAL_Driver/Src/stm32f1xx_hal_tim.o
 .debug_info    0x000115d6     0x149b ./Drivers/STM32F1xx_HAL_Driver/Src/stm32f1xx_hal_tim_ex.o
 .debug_info    0x00012a71     0x2fa8 ./Drivers/STM32F1xx_HAL_Driver/Src/stm32f1xx_hal_uart.o

.debug_abbrev   0x00000000     0x3149
 .debug_abbrev  0x00000000      0x366 ./Core/Src/main.o
 .debug_abbrev  0x00000366      0x1c2 ./Core/Src/pn532.o
 .debug_abbrev  0x00000528      0x290 ./Core/Src/pn532_stm32f1.o
 .debug_abbrev  0x000007b8      0x30d ./Core/Src/ssd1306.o
 .debug_abbrev  0x00000ac5      0x27c ./Core/Src/stm32f1xx_hal_msp.o
 .debug_abbrev  0x00000d41      0x1a4 ./Core/Src/stm32f1xx_it.o
 .debug_abbrev  0x00000ee5      0x1b6 ./Core/Src/syscalls.o
 .debug_abbrev  0x0000109b       0xbc ./Core/Src/sysmem.o
 .debug_abbrev  0x00001157      0x13f ./Core/Src/system_stm32f1xx.o
 .debug_abbrev  0x00001296       0x24 ./Core/Startup/startup_stm32f103zetx.o
 .debug_abbrev  0x000012ba      0x201 ./Drivers/STM32F1xx_HAL_Driver/Src/stm32f1xx_hal.o
 .debug_abbrev  0x000014bb      0x225 ./Drivers/STM32F1xx_HAL_Driver/Src/stm32f1xx_hal_adc.o
 .debug_abbrev  0x000016e0      0x249 ./Drivers/STM32F1xx_HAL_Driver/Src/stm32f1xx_hal_adc_ex.o
 .debug_abbrev  0x00001929      0x2f8 ./Drivers/STM32F1xx_HAL_Driver/Src/stm32f1xx_hal_cortex.o
 .debug_abbrev  0x00001c21      0x20b ./Drivers/STM32F1xx_HAL_Driver/Src/stm32f1xx_hal_dma.o
 .debug_abbrev  0x00001e2c      0x1ca ./Drivers/STM32F1xx_HAL_Driver/Src/stm32f1xx_hal_gpio.o
 .debug_abbrev  0x00001ff6      0x2a3 ./Drivers/STM32F1xx_HAL_Driver/Src/stm32f1xx_hal_i2c.o
 .debug_abbrev  0x00002299      0x2b3 ./Drivers/STM32F1xx_HAL_Driver/Src/stm32f1xx_hal_rcc.o
 .debug_abbrev  0x0000254c      0x188 ./Drivers/STM32F1xx_HAL_Driver/Src/stm32f1xx_hal_rcc_ex.o
 .debug_abbrev  0x000026d4      0x284 ./Drivers/STM32F1xx_HAL_Driver/Src/stm32f1xx_hal_spi.o
 .debug_abbrev  0x00002958      0x277 ./Drivers/STM32F1xx_HAL_Driver/Src/stm32f1xx_hal_tim.o
 .debug_abbrev  0x00002bcf      0x282 ./Drivers/STM32F1xx_HAL_Driver/Src/stm32f1xx_hal_tim_ex.o
 .debug_abbrev  0x00002e51      0x2f8 ./Drivers/STM32F1xx_HAL_Driver/Src/stm32f1xx_hal_uart.o

.debug_aranges  0x00000000     0x15a0
 .debug_aranges
                0x00000000       0xe0 ./Core/Src/main.o
 .debug_aranges
                0x000000e0       0x98 ./Core/Src/pn532.o
 .debug_aranges
                0x00000178       0x68 ./Core/Src/pn532_stm32f1.o
 .debug_aranges
                0x000001e0       0xf8 ./Core/Src/ssd1306.o
 .debug_aranges
                0x000002d8       0x78 ./Core/Src/stm32f1xx_hal_msp.o
 .debug_aranges
                0x00000350       0x98 ./Core/Src/stm32f1xx_it.o
 .debug_aranges
                0x000003e8       0xa8 ./Core/Src/syscalls.o
 .debug_aranges
                0x00000490       0x20 ./Core/Src/sysmem.o
 .debug_aranges
                0x000004b0       0x28 ./Core/Src/system_stm32f1xx.o
 .debug_aranges
                0x000004d8       0x28 ./Core/Startup/startup_stm32f103zetx.o
 .debug_aranges
                0x00000500       0xe0 ./Drivers/STM32F1xx_HAL_Driver/Src/stm32f1xx_hal.o
 .debug_aranges
                0x000005e0       0xf0 ./Drivers/STM32F1xx_HAL_Driver/Src/stm32f1xx_hal_adc.o
 .debug_aranges
                0x000006d0       0x80 ./Drivers/STM32F1xx_HAL_Driver/Src/stm32f1xx_hal_adc_ex.o
 .debug_aranges
                0x00000750      0x100 ./Drivers/STM32F1xx_HAL_Driver/Src/stm32f1xx_hal_cortex.o
 .debug_aranges
                0x00000850       0x80 ./Drivers/STM32F1xx_HAL_Driver/Src/stm32f1xx_hal_dma.o
 .debug_aranges
                0x000008d0       0x58 ./Drivers/STM32F1xx_HAL_Driver/Src/stm32f1xx_hal_gpio.o
 .debug_aranges
                0x00000928      0x2a8 ./Drivers/STM32F1xx_HAL_Driver/Src/stm32f1xx_hal_i2c.o
 .debug_aranges
                0x00000bd0       0x90 ./Drivers/STM32F1xx_HAL_Driver/Src/stm32f1xx_hal_rcc.o
 .debug_aranges
                0x00000c60       0x30 ./Drivers/STM32F1xx_HAL_Driver/Src/stm32f1xx_hal_rcc_ex.o
 .debug_aranges
                0x00000c90      0x1d0 ./Drivers/STM32F1xx_HAL_Driver/Src/stm32f1xx_hal_spi.o
 .debug_aranges
                0x00000e60      0x3d0 ./Drivers/STM32F1xx_HAL_Driver/Src/stm32f1xx_hal_tim.o
 .debug_aranges
                0x00001230      0x168 ./Drivers/STM32F1xx_HAL_Driver/Src/stm32f1xx_hal_tim_ex.o
 .debug_aranges
                0x00001398      0x208 ./Drivers/STM32F1xx_HAL_Driver/Src/stm32f1xx_hal_uart.o

.debug_rnglists
                0x00000000     0x110c
 .debug_rnglists
                0x00000000       0xae ./Core/Src/main.o
 .debug_rnglists
                0x000000ae       0x76 ./Core/Src/pn532.o
 .debug_rnglists
                0x00000124       0x4b ./Core/Src/pn532_stm32f1.o
 .debug_rnglists
                0x0000016f       0xc2 ./Core/Src/ssd1306.o
 .debug_rnglists
                0x00000231       0x5a ./Core/Src/stm32f1xx_hal_msp.o
 .debug_rnglists
                0x0000028b       0x6d ./Core/Src/stm32f1xx_it.o
 .debug_rnglists
                0x000002f8       0x79 ./Core/Src/syscalls.o
 .debug_rnglists
                0x00000371       0x13 ./Core/Src/sysmem.o
 .debug_rnglists
                0x00000384       0x1a ./Core/Src/system_stm32f1xx.o
 .debug_rnglists
                0x0000039e       0x19 ./Core/Startup/startup_stm32f103zetx.o
 .debug_rnglists
                0x000003b7       0xa3 ./Drivers/STM32F1xx_HAL_Driver/Src/stm32f1xx_hal.o
 .debug_rnglists
                0x0000045a       0xbc ./Drivers/STM32F1xx_HAL_Driver/Src/stm32f1xx_hal_adc.o
 .debug_rnglists
                0x00000516       0x65 ./Drivers/STM32F1xx_HAL_Driver/Src/stm32f1xx_hal_adc_ex.o
 .debug_rnglists
                0x0000057b       0xbb ./Drivers/STM32F1xx_HAL_Driver/Src/stm32f1xx_hal_cortex.o
 .debug_rnglists
                0x00000636       0x64 ./Drivers/STM32F1xx_HAL_Driver/Src/stm32f1xx_hal_dma.o
 .debug_rnglists
                0x0000069a       0x3f ./Drivers/STM32F1xx_HAL_Driver/Src/stm32f1xx_hal_gpio.o
 .debug_rnglists
                0x000006d9      0x23c ./Drivers/STM32F1xx_HAL_Driver/Src/stm32f1xx_hal_i2c.o
 .debug_rnglists
                0x00000915       0x6c ./Drivers/STM32F1xx_HAL_Driver/Src/stm32f1xx_hal_rcc.o
 .debug_rnglists
                0x00000981       0x22 ./Drivers/STM32F1xx_HAL_Driver/Src/stm32f1xx_hal_rcc_ex.o
 .debug_rnglists
                0x000009a3      0x16e ./Drivers/STM32F1xx_HAL_Driver/Src/stm32f1xx_hal_spi.o
 .debug_rnglists
                0x00000b11      0x31a ./Drivers/STM32F1xx_HAL_Driver/Src/stm32f1xx_hal_tim.o
 .debug_rnglists
                0x00000e2b      0x125 ./Drivers/STM32F1xx_HAL_Driver/Src/stm32f1xx_hal_tim_ex.o
 .debug_rnglists
                0x00000f50      0x1bc ./Drivers/STM32F1xx_HAL_Driver/Src/stm32f1xx_hal_uart.o

.debug_macro    0x00000000     0x40d8
 .debug_macro   0x00000000      0x36d ./Core/Src/main.o
 .debug_macro   0x0000036d       0x7c ./Core/Src/main.o
 .debug_macro   0x000003e9       0x16 ./Core/Src/main.o
 .debug_macro   0x000003ff       0x16 ./Core/Src/main.o
 .debug_macro   0x00000415       0x29 ./Core/Src/main.o
 .debug_macro   0x0000043e       0x1d ./Core/Src/main.o
 .debug_macro   0x0000045b       0x22 ./Core/Src/main.o
 .debug_macro   0x0000047d      0x36c ./Core/Src/main.o
 .debug_macro   0x000007e9      0x15e ./Core/Src/pn532.o
 .debug_macro   0x00000947       0x5b ./Core/Src/pn532.o
 .debug_macro   0x000009a2       0x94 ./Core/Src/pn532.o
 .debug_macro   0x00000a36       0x16 ./Core/Src/pn532.o
 .debug_macro   0x00000a4c       0x57 ./Core/Src/pn532.o
 .debug_macro   0x00000aa3       0x9e ./Core/Src/pn532.o
 .debug_macro   0x00000b41      0x10b ./Core/Src/pn532.o
 .debug_macro   0x00000c4c       0x10 ./Core/Src/pn532.o
 .debug_macro   0x00000c5c       0x16 ./Core/Src/pn532.o
 .debug_macro   0x00000c72       0x16 ./Core/Src/pn532.o
 .debug_macro   0x00000c88      0x146 ./Core/Src/pn532.o
 .debug_macro   0x00000dce      0x304 ./Core/Src/pn532_stm32f1.o
 .debug_macro   0x000010d2       0x82 ./Core/Src/pn532_stm32f1.o
 .debug_macro   0x00001154      0x32e ./Core/Src/ssd1306.o
 .debug_macro   0x00001482      0x1da ./Core/Src/stm32f1xx_hal_msp.o
 .debug_macro   0x0000165c      0x1e4 ./Core/Src/stm32f1xx_it.o
 .debug_macro   0x00001840      0x274 ./Core/Src/syscalls.o
 .debug_macro   0x00001ab4       0x10 ./Core/Src/syscalls.o
 .debug_macro   0x00001ac4       0x10 ./Core/Src/syscalls.o
 .debug_macro   0x00001ad4       0x10 ./Core/Src/syscalls.o
 .debug_macro   0x00001ae4       0x10 ./Core/Src/syscalls.o
 .debug_macro   0x00001af4       0x1c ./Core/Src/syscalls.o
 .debug_macro   0x00001b10       0x52 ./Core/Src/syscalls.o
 .debug_macro   0x00001b62       0x22 ./Core/Src/syscalls.o
 .debug_macro   0x00001b84       0x10 ./Core/Src/syscalls.o
 .debug_macro   0x00001b94       0x52 ./Core/Src/syscalls.o
 .debug_macro   0x00001be6       0xcf ./Core/Src/syscalls.o
 .debug_macro   0x00001cb5       0x1c ./Core/Src/syscalls.o
 .debug_macro   0x00001cd1       0x3d ./Core/Src/syscalls.o
 .debug_macro   0x00001d0e       0x35 ./Core/Src/syscalls.o
 .debug_macro   0x00001d43      0x12c ./Core/Src/syscalls.o
 .debug_macro   0x00001e6f       0x10 ./Core/Src/syscalls.o
 .debug_macro   0x00001e7f      0x242 ./Core/Src/syscalls.o
 .debug_macro   0x000020c1       0x1c ./Core/Src/syscalls.o
 .debug_macro   0x000020dd       0x10 ./Core/Src/syscalls.o
 .debug_macro   0x000020ed      0x18a ./Core/Src/syscalls.o
 .debug_macro   0x00002277       0x16 ./Core/Src/syscalls.o
 .debug_macro   0x0000228d       0xce ./Core/Src/syscalls.o
 .debug_macro   0x0000235b       0xff ./Core/Src/sysmem.o
 .debug_macro   0x0000245a      0x23c ./Core/Src/sysmem.o
 .debug_macro   0x00002696      0x1cb ./Core/Src/system_stm32f1xx.o
 .debug_macro   0x00002861      0x1ef ./Drivers/STM32F1xx_HAL_Driver/Src/stm32f1xx_hal.o
 .debug_macro   0x00002a50      0x1e8 ./Drivers/STM32F1xx_HAL_Driver/Src/stm32f1xx_hal_adc.o
 .debug_macro   0x00002c38      0x1dd ./Drivers/STM32F1xx_HAL_Driver/Src/stm32f1xx_hal_adc_ex.o
 .debug_macro   0x00002e15      0x1cb ./Drivers/STM32F1xx_HAL_Driver/Src/stm32f1xx_hal_cortex.o
 .debug_macro   0x00002fe0      0x1cb ./Drivers/STM32F1xx_HAL_Driver/Src/stm32f1xx_hal_dma.o
 .debug_macro   0x000031ab      0x236 ./Drivers/STM32F1xx_HAL_Driver/Src/stm32f1xx_hal_gpio.o
 .debug_macro   0x000033e1      0x219 ./Drivers/STM32F1xx_HAL_Driver/Src/stm32f1xx_hal_i2c.o
 .debug_macro   0x000035fa      0x1dd ./Drivers/STM32F1xx_HAL_Driver/Src/stm32f1xx_hal_rcc.o
 .debug_macro   0x000037d7      0x1cb ./Drivers/STM32F1xx_HAL_Driver/Src/stm32f1xx_hal_rcc_ex.o
 .debug_macro   0x000039a2      0x1d3 ./Drivers/STM32F1xx_HAL_Driver/Src/stm32f1xx_hal_spi.o
 .debug_macro   0x00003b75      0x1cc ./Drivers/STM32F1xx_HAL_Driver/Src/stm32f1xx_hal_tim.o
 .debug_macro   0x00003d41      0x1cb ./Drivers/STM32F1xx_HAL_Driver/Src/stm32f1xx_hal_tim_ex.o
 .debug_macro   0x00003f0c      0x1cc ./Drivers/STM32F1xx_HAL_Driver/Src/stm32f1xx_hal_uart.o

.debug_line     0x00000000    0x19f9f
 .debug_line    0x00000000     0x1131 ./Core/Src/main.o
 .debug_line    0x00001131      0xc00 ./Core/Src/pn532.o
 .debug_line    0x00001d31      0xab6 ./Core/Src/pn532_stm32f1.o
 .debug_line    0x000027e7     0x1094 ./Core/Src/ssd1306.o
 .debug_line    0x0000387b      0xa02 ./Core/Src/stm32f1xx_hal_msp.o
 .debug_line    0x0000427d      0x8ce ./Core/Src/stm32f1xx_it.o
 .debug_line    0x00004b4b      0x8b2 ./Core/Src/syscalls.o
 .debug_line    0x000053fd      0x583 ./Core/Src/sysmem.o
 .debug_line    0x00005980      0x7e2 ./Core/Src/system_stm32f1xx.o
 .debug_line    0x00006162       0x79 ./Core/Startup/startup_stm32f103zetx.o
 .debug_line    0x000061db      0xa0f ./Drivers/STM32F1xx_HAL_Driver/Src/stm32f1xx_hal.o
 .debug_line    0x00006bea     0x10a2 ./Drivers/STM32F1xx_HAL_Driver/Src/stm32f1xx_hal_adc.o
 .debug_line    0x00007c8c      0xde1 ./Drivers/STM32F1xx_HAL_Driver/Src/stm32f1xx_hal_adc_ex.o
 .debug_line    0x00008a6d      0xbfb ./Drivers/STM32F1xx_HAL_Driver/Src/stm32f1xx_hal_cortex.o
 .debug_line    0x00009668     0x133a ./Drivers/STM32F1xx_HAL_Driver/Src/stm32f1xx_hal_dma.o
 .debug_line    0x0000a9a2      0xad0 ./Drivers/STM32F1xx_HAL_Driver/Src/stm32f1xx_hal_gpio.o
 .debug_line    0x0000b472     0x3c7c ./Drivers/STM32F1xx_HAL_Driver/Src/stm32f1xx_hal_i2c.o
 .debug_line    0x0000f0ee      0xe18 ./Drivers/STM32F1xx_HAL_Driver/Src/stm32f1xx_hal_rcc.o
 .debug_line    0x0000ff06      0x973 ./Drivers/STM32F1xx_HAL_Driver/Src/stm32f1xx_hal_rcc_ex.o
 .debug_line    0x00010879     0x1cc1 ./Drivers/STM32F1xx_HAL_Driver/Src/stm32f1xx_hal_spi.o
 .debug_line    0x0001253a     0x3739 ./Drivers/STM32F1xx_HAL_Driver/Src/stm32f1xx_hal_tim.o
 .debug_line    0x00015c73     0x19d4 ./Drivers/STM32F1xx_HAL_Driver/Src/stm32f1xx_hal_tim_ex.o
 .debug_line    0x00017647     0x2958 ./Drivers/STM32F1xx_HAL_Driver/Src/stm32f1xx_hal_uart.o

.debug_str      0x00000000    0xa6438
 .debug_str     0x00000000    0x9f58a ./Core/Src/main.o
                              0x9fc5b (size before relaxing)
 .debug_str     0x0009f58a      0x839 ./Core/Src/pn532.o
                               0x8a15 (size before relaxing)
 .debug_str     0x0009fdc3      0x15d ./Core/Src/pn532_stm32f1.o
                              0x9e86e (size before relaxing)
 .debug_str     0x0009ff20      0x574 ./Core/Src/ssd1306.o
                              0x9d618 (size before relaxing)
 .debug_str     0x000a0494      0x16b ./Core/Src/stm32f1xx_hal_msp.o
                              0x9ad88 (size before relaxing)
 .debug_str     0x000a05ff      0x170 ./Core/Src/stm32f1xx_it.o
                              0x9a213 (size before relaxing)
 .debug_str     0x000a076f     0x1fcb ./Core/Src/syscalls.o
                               0x9844 (size before relaxing)
 .debug_str     0x000a273a       0x6b ./Core/Src/sysmem.o
                               0x605c (size before relaxing)
 .debug_str     0x000a27a5       0x7e ./Core/Src/system_stm32f1xx.o
                              0x999ff (size before relaxing)
 .debug_str     0x000a2823       0x44 ./Core/Startup/startup_stm32f103zetx.o
                                 0x67 (size before relaxing)
 .debug_str     0x000a2867      0x369 ./Drivers/STM32F1xx_HAL_Driver/Src/stm32f1xx_hal.o
                              0x9a216 (size before relaxing)
 .debug_str     0x000a2bd0      0x369 ./Drivers/STM32F1xx_HAL_Driver/Src/stm32f1xx_hal_adc.o
                              0x9a0e3 (size before relaxing)
 .debug_str     0x000a2f39      0x2d8 ./Drivers/STM32F1xx_HAL_Driver/Src/stm32f1xx_hal_adc_ex.o
                              0x9a0b3 (size before relaxing)
 .debug_str     0x000a3211      0x28a ./Drivers/STM32F1xx_HAL_Driver/Src/stm32f1xx_hal_cortex.o
                              0x9a162 (size before relaxing)
 .debug_str     0x000a349b      0x1e7 ./Drivers/STM32F1xx_HAL_Driver/Src/stm32f1xx_hal_dma.o
                              0x99da8 (size before relaxing)
 .debug_str     0x000a3682      0x2ce ./Drivers/STM32F1xx_HAL_Driver/Src/stm32f1xx_hal_gpio.o
                              0x99d85 (size before relaxing)
 .debug_str     0x000a3950      0xb68 ./Drivers/STM32F1xx_HAL_Driver/Src/stm32f1xx_hal_i2c.o
                              0x9aac6 (size before relaxing)
 .debug_str     0x000a44b8      0x209 ./Drivers/STM32F1xx_HAL_Driver/Src/stm32f1xx_hal_rcc.o
                              0x99e2e (size before relaxing)
 .debug_str     0x000a46c1       0x84 ./Drivers/STM32F1xx_HAL_Driver/Src/stm32f1xx_hal_rcc_ex.o
                              0x99bbc (size before relaxing)
 .debug_str     0x000a4745      0x509 ./Drivers/STM32F1xx_HAL_Driver/Src/stm32f1xx_hal_spi.o
                              0x9a331 (size before relaxing)
 .debug_str     0x000a4c4e      0xdc5 ./Drivers/STM32F1xx_HAL_Driver/Src/stm32f1xx_hal_tim.o