../Core/Src/RFID.c:33:6:spi_cs_rfid_write	16	static
../Core/Src/RFID.c:45:9:rc522_regRead8	24	static
../Core/Src/RFID.c:59:6:rc522_regWrite8	24	static
../Core/Src/RFID.c:70:6:rc522_setBit	16	static
../Core/Src/RFID.c:78:6:rc522_clearBit	16	static
../Core/Src/RFID.c:86:6:rc522_reset	8	static
../Core/Src/RFID.c:94:6:rc522_antennaON	16	static
../Core/Src/RFID.c:107:6:rc522_checkCard	24	static
../Core/Src/RFID.c:125:6:rc522_request	32	static
../Core/Src/RFID.c:141:6:rc522_toCard	40	static
../Core/Src/RFID.c:242:6:rc522_antiColl	32	static
../Core/Src/RFID.c:273:6:rc522_halt	24	static
../Core/Src/RFID.c:285:6:rc522_calculateCRC	40	static
../Core/Src/RFID.c:314:6:rc522_compareIds	24	static
../Core/Src/RFID.c:327:6:rc522_init	16	static
