../Core/Src/Lcd/lcd_io_gpio8.c:247:6:LCD_IO_Delay	16	static
../Core/Src/Lcd/lcd_io_gpio8.c:258:6:LCD_Delay	16	static
../Core/Src/Lcd/lcd_io_gpio8.c:264:6:LCD_IO_Bl_OnOff	16	static
../Core/Src/Lcd/lcd_io_gpio8.c:275:6:LCD_IO_Init	8	static
../Core/Src/Lcd/lcd_io_gpio8.c:356:6:LCD_IO_WriteCmd8	16	static
../Core/Src/Lcd/lcd_io_gpio8.c:364:6:LCD_IO_WriteCmd16	16	static
../Core/Src/Lcd/lcd_io_gpio8.c:372:6:LCD_IO_WriteData8	16	static
../Core/Src/Lcd/lcd_io_gpio8.c:380:6:LCD_IO_WriteData16	16	static
../Core/Src/Lcd/lcd_io_gpio8.c:388:6:LCD_IO_WriteCmd8DataFill16	16	static
../Core/Src/Lcd/lcd_io_gpio8.c:400:6:LCD_IO_WriteCmd8MultipleData8	24	static
../Core/Src/Lcd/lcd_io_gpio8.c:414:6:LCD_IO_WriteCmd8MultipleData16	24	static
../Core/Src/Lcd/lcd_io_gpio8.c:427:6:LCD_IO_WriteCmd16DataFill16	16	static
../Core/Src/Lcd/lcd_io_gpio8.c:439:6:LCD_IO_WriteCmd16MultipleData8	24	static
../Core/Src/Lcd/lcd_io_gpio8.c:452:6:LCD_IO_WriteCmd16MultipleData16	24	static
../Core/Src/Lcd/lcd_io_gpio8.c:466:6:LCD_IO_ReadCmd8MultipleData8	32	static
../Core/Src/Lcd/lcd_io_gpio8.c:485:6:LCD_IO_ReadCmd8MultipleData16	32	static
../Core/Src/Lcd/lcd_io_gpio8.c:505:6:LCD_IO_ReadCmd8MultipleData24to16	32	static
../Core/Src/Lcd/lcd_io_gpio8.c:530:6:LCD_IO_ReadCmd16MultipleData8	32	static
../Core/Src/Lcd/lcd_io_gpio8.c:549:6:LCD_IO_ReadCmd16MultipleData16	32	static
../Core/Src/Lcd/lcd_io_gpio8.c:568:6:LCD_IO_ReadCmd16MultipleData24to16	32	static
