Archive member included to satisfy reference by file (symbol)

C:/ST/STM32CubeIDE_1.13.2/STM32CubeIDE/plugins/com.st.stm32cube.ide.mcu.externaltools.gnu-tools-for-stm32.11.3.rel1.win32_1.1.100.202309141235/tools/bin/../lib/gcc/arm-none-eabi/11.3.1/../../../../arm-none-eabi/lib/thumb/v7e-m+fp/hard\libc_nano.a(libc_a-exit.o)
                              C:/ST/STM32CubeIDE_1.13.2/STM32CubeIDE/plugins/com.st.stm32cube.ide.mcu.externaltools.gnu-tools-for-stm32.11.3.rel1.win32_1.1.100.202309141235/tools/bin/../lib/gcc/arm-none-eabi/11.3.1/../../../../arm-none-eabi/lib/thumb/v7e-m+fp/hard/crt0.o (exit)
C:/ST/STM32CubeIDE_1.13.2/STM32CubeIDE/plugins/com.st.stm32cube.ide.mcu.externaltools.gnu-tools-for-stm32.11.3.rel1.win32_1.1.100.202309141235/tools/bin/../lib/gcc/arm-none-eabi/11.3.1/../../../../arm-none-eabi/lib/thumb/v7e-m+fp/hard\libc_nano.a(libc_a-findfp.o)
                              C:/ST/STM32CubeIDE_1.13.2/STM32CubeIDE/plugins/com.st.stm32cube.ide.mcu.externaltools.gnu-tools-for-stm32.11.3.rel1.win32_1.1.100.202309141235/tools/bin/../lib/gcc/arm-none-eabi/11.3.1/../../../../arm-none-eabi/lib/thumb/v7e-m+fp/hard\libc_nano.a(libc_a-exit.o) (__stdio_exit_handler)
C:/ST/STM32CubeIDE_1.13.2/STM32CubeIDE/plugins/com.st.stm32cube.ide.mcu.externaltools.gnu-tools-for-stm32.11.3.rel1.win32_1.1.100.202309141235/tools/bin/../lib/gcc/arm-none-eabi/11.3.1/../../../../arm-none-eabi/lib/thumb/v7e-m+fp/hard\libc_nano.a(libc_a-fwalk.o)
                              C:/ST/STM32CubeIDE_1.13.2/STM32CubeIDE/plugins/com.st.stm32cube.ide.mcu.externaltools.gnu-tools-for-stm32.11.3.rel1.win32_1.1.100.202309141235/tools/bin/../lib/gcc/arm-none-eabi/11.3.1/../../../../arm-none-eabi/lib/thumb/v7e-m+fp/hard\libc_nano.a(libc_a-findfp.o) (_fwalk_sglue)
C:/ST/STM32CubeIDE_1.13.2/STM32CubeIDE/plugins/com.st.stm32cube.ide.mcu.externaltools.gnu-tools-for-stm32.11.3.rel1.win32_1.1.100.202309141235/tools/bin/../lib/gcc/arm-none-eabi/11.3.1/../../../../arm-none-eabi/lib/thumb/v7e-m+fp/hard\libc_nano.a(libc_a-stdio.o)
                              C:/ST/STM32CubeIDE_1.13.2/STM32CubeIDE/plugins/com.st.stm32cube.ide.mcu.externaltools.gnu-tools-for-stm32.11.3.rel1.win32_1.1.100.202309141235/tools/bin/../lib/gcc/arm-none-eabi/11.3.1/../../../../arm-none-eabi/lib/thumb/v7e-m+fp/hard\libc_nano.a(libc_a-findfp.o) (__sread)
C:/ST/STM32CubeIDE_1.13.2/STM32CubeIDE/plugins/com.st.stm32cube.ide.mcu.externaltools.gnu-tools-for-stm32.11.3.rel1.win32_1.1.100.202309141235/tools/bin/../lib/gcc/arm-none-eabi/11.3.1/../../../../arm-none-eabi/lib/thumb/v7e-m+fp/hard\libc_nano.a(libc_a-memset.o)
                              C:/ST/STM32CubeIDE_1.13.2/STM32CubeIDE/plugins/com.st.stm32cube.ide.mcu.externaltools.gnu-tools-for-stm32.11.3.rel1.win32_1.1.100.202309141235/tools/bin/../lib/gcc/arm-none-eabi/11.3.1/../../../../arm-none-eabi/lib/thumb/v7e-m+fp/hard/crt0.o (memset)
C:/ST/STM32CubeIDE_1.13.2/STM32CubeIDE/plugins/com.st.stm32cube.ide.mcu.externaltools.gnu-tools-for-stm32.11.3.rel1.win32_1.1.100.202309141235/tools/bin/../lib/gcc/arm-none-eabi/11.3.1/../../../../arm-none-eabi/lib/thumb/v7e-m+fp/hard\libc_nano.a(libc_a-closer.o)
                              C:/ST/STM32CubeIDE_1.13.2/STM32CubeIDE/plugins/com.st.stm32cube.ide.mcu.externaltools.gnu-tools-for-stm32.11.3.rel1.win32_1.1.100.202309141235/tools/bin/../lib/gcc/arm-none-eabi/11.3.1/../../../../arm-none-eabi/lib/thumb/v7e-m+fp/hard\libc_nano.a(libc_a-stdio.o) (_close_r)
C:/ST/STM32CubeIDE_1.13.2/STM32CubeIDE/plugins/com.st.stm32cube.ide.mcu.externaltools.gnu-tools-for-stm32.11.3.rel1.win32_1.1.100.202309141235/tools/bin/../lib/gcc/arm-none-eabi/11.3.1/../../../../arm-none-eabi/lib/thumb/v7e-m+fp/hard\libc_nano.a(libc_a-reent.o)
                              C:/ST/STM32CubeIDE_1.13.2/STM32CubeIDE/plugins/com.st.stm32cube.ide.mcu.externaltools.gnu-tools-for-stm32.11.3.rel1.win32_1.1.100.202309141235/tools/bin/../lib/gcc/arm-none-eabi/11.3.1/../../../../arm-none-eabi/lib/thumb/v7e-m+fp/hard\libc_nano.a(libc_a-closer.o) (errno)
C:/ST/STM32CubeIDE_1.13.2/STM32CubeIDE/plugins/com.st.stm32cube.ide.mcu.externaltools.gnu-tools-for-stm32.11.3.rel1.win32_1.1.100.202309141235/tools/bin/../lib/gcc/arm-none-eabi/11.3.1/../../../../arm-none-eabi/lib/thumb/v7e-m+fp/hard\libc_nano.a(libc_a-impure.o)
                              C:/ST/STM32CubeIDE_1.13.2/STM32CubeIDE/plugins/com.st.stm32cube.ide.mcu.externaltools.gnu-tools-for-stm32.11.3.rel1.win32_1.1.100.202309141235/tools/bin/../lib/gcc/arm-none-eabi/11.3.1/../../../../arm-none-eabi/lib/thumb/v7e-m+fp/hard\libc_nano.a(libc_a-reent.o) (_impure_ptr)
C:/ST/STM32CubeIDE_1.13.2/STM32CubeIDE/plugins/com.st.stm32cube.ide.mcu.externaltools.gnu-tools-for-stm32.11.3.rel1.win32_1.1.100.202309141235/tools/bin/../lib/gcc/arm-none-eabi/11.3.1/../../../../arm-none-eabi/lib/thumb/v7e-m+fp/hard\libc_nano.a(libc_a-lseekr.o)
[...]
Memory Configuration

Name             Origin             Length             Attributes
RAM              0x0000000020000000 0x0000000000020000 xrw
FLASH            0x0000000008000000 0x0000000000080000 xr
*default*        0x0000000000000000 0xffffffffffffffff

Linker script and memory map

LOAD C:/ST/STM32CubeIDE_1.13.2/STM32CubeIDE/plugins/com.st.stm32cube.ide.mcu.externaltools.gnu-tools-for-stm32.11.3.rel1.win32_1.1.100.202309141235/tools/bin/../lib/gcc/arm-none-eabi/11.3.1/thumb/v7e-m+fp/hard/crti.o
LOAD C:/ST/STM32CubeIDE_1.13.2/STM32CubeIDE/plugins/com.st.stm32cube.ide.mcu.externaltools.gnu-tools-for-stm32.11.3.rel1.win32_1.1.100.202309141235/tools/bin/../lib/gcc/arm-none-eabi/11.3.1/thumb/v7e-m+fp/hard/crtbegin.o
LOAD C:/ST/STM32CubeIDE_1.13.2/STM32CubeIDE/plugins/com.st.stm32cube.ide.mcu.externaltools.gnu-tools-for-stm32.11.3.rel1.win32_1.1.100.202309141235/tools/bin/../lib/gcc/arm-none-eabi/11.3.1/../../../../arm-none-eabi/lib/thumb/v7e-m+fp/hard/crt0.o
LOAD ./Core/Src/lcd.o
LOAD ./Core/Src/main.o
LOAD ./Core/Src/stm32f4xx_hal_msp.o
LOAD ./Core/Src/stm32f4xx_it.o
LOAD ./Core/Src/syscalls.o
LOAD ./Core/Src/sysmem.o
LOAD ./Core/Src/system_stm32f4xx.o
LOAD ./Core/Startup/startup_stm32f411ceux.o
LOAD ./Drivers/STM32F4xx_HAL_Driver/Src/stm32f4xx_hal.o
LOAD ./Drivers/STM32F4xx_HAL_Driver/Src/stm32f4xx_hal_cortex.o
LOAD ./Drivers/STM32F4xx_HAL_Driver/Src/stm32f4xx_hal_dma.o
LOAD ./Drivers/STM32F4xx_HAL_Driver/Src/stm32f4xx_hal_dma_ex.o
LOAD ./Drivers/STM32F4xx_HAL_Driver/Src/stm32f4xx_hal_exti.o
LOAD ./Drivers/STM32F4xx_HAL_Driver/Src/stm32f4xx_hal_flash.o
LOAD ./Drivers/STM32F4xx_HAL_Driver/Src/stm32f4xx_hal_flash_ex.o
LOAD ./Drivers/STM32F4xx_HAL_Driver/Src/stm32f4xx_hal_flash_ramfunc.o
LOAD ./Drivers/STM32F4xx_HAL_Driver/Src/stm32f4xx_hal_gpio.o
LOAD ./Drivers/STM32F4xx_HAL_Driver/Src/stm32f4xx_hal_pwr.o
LOAD ./Drivers/STM32F4xx_HAL_Driver/Src/stm32f4xx_hal_pwr_ex.o
LOAD ./Drivers/STM32F4xx_HAL_Driver/Src/stm32f4xx_hal_rcc.o
LOAD ./Drivers/STM32F4xx_HAL_Driver/Src/stm32f4xx_hal_rcc_ex.o
LOAD ./Drivers/STM32F4xx_HAL_Driver/Src/stm32f4xx_hal_rtc.o
LOAD ./Drivers/STM32F4xx_HAL_Driver/Src/stm32f4xx_hal_rtc_ex.o
LOAD ./Drivers/STM32F4xx_HAL_Driver/Src/stm32f4xx_hal_spi.o
LOAD ./Drivers/STM32F4xx_HAL_Driver/Src/stm32f4xx_hal_tim.o
LOAD ./Drivers/STM32F4xx_HAL_Driver/Src/stm32f4xx_hal_tim_ex.o
START GROUP
LOAD C:/ST/STM32CubeIDE_1.13.2/STM32CubeIDE/plugins/com.st.stm32cube.ide.mcu.externaltools.gnu-tools-for-stm32.11.3.rel1.win32_1.1.100.202309141235/tools/bin/../lib/gcc/arm-none-eabi/11.3.1/../../../../arm-none-eabi/lib/thumb/v7e-m+fp/hard\libc_nano.a
LOAD C:/ST/STM32CubeIDE_1.13.2/STM32CubeIDE/plugins/com.st.stm32cube.ide.mcu.externaltools.gnu-tools-for-stm32.11.3.rel1.win32_1.1.100.202309141235/tools/bin/../lib/gcc/arm-none-eabi/11.3.1/../../../../arm-none-eabi/lib/thumb/v7e-m+fp/hard\libm.a
END GROUP
START GROUP
LOAD C:/ST/STM32CubeIDE_1.13.2/STM32CubeIDE/plugins/com.st.stm32cube.ide.mcu.externaltools.gnu-tools-for-stm32.11.3.rel1.win32_1.1.100.202309141235/tools/bin/../lib/gcc/arm-none-eabi/11.3.1/thumb/v7e-m+fp/hard\libgcc.a
LOAD C:/ST/STM32CubeIDE_1.13.2/STM32CubeIDE/plugins/com.st.stm32cube.ide.mcu.externaltools.gnu-tools-for-stm32.11.3.rel1.win32_1.1.100.202309141235/tools/bin/../lib/gcc/arm-none-eabi/11.3.1/../../../../arm-none-eabi/lib/thumb/v7e-m+fp/hard\libc_nano.a
END GROUP
START GROUP
LOAD C:/ST/STM32CubeIDE_1.13.2/STM32CubeIDE/plugins/com.st.stm32cube.ide.mcu.externaltools.gnu-tools-for-stm32.11.3.rel1.win32_1.1.100.202309141235/tools/bin/../lib/gcc/arm-none-eabi/11.3.1/thumb/v7e-m+fp/hard\libgcc.a
LOAD C:/ST/STM32CubeIDE_1.13.2/STM32CubeIDE/plugins/com.st.stm32cube.ide.mcu.externaltools.gnu-tools-for-stm32.11.3.rel1.win32_1.1.100.202309141235/tools/bin/../lib/gcc/arm-none-eabi/11.3.1/../../../../arm-none-eabi/lib/thumb/v7e-m+fp/hard\libc_nano.a
LOAD C:/ST/STM32CubeIDE_1.13.2/STM32CubeIDE/plugins/com.st.stm32cube.ide.mcu.externaltools.gnu-tools-for-stm32.11.3.rel1.win32_1.1.100.202309141235/tools/bin/../lib/gcc/arm-none-eabi/11.3.1/../../../../arm-none-eabi/lib/thumb/v7e-m+fp/hard\libnosys.a
END GROUP
START GROUP
LOAD C:/ST/STM32CubeIDE_1.13.2/STM32CubeIDE/plugins/com.st.stm32cube.ide.mcu.externaltools.gnu-tools-for-stm32.11.3.rel1.win32_1.1.100.202309141235/tools/bin/../lib/gcc/arm-none-eabi/11.3.1/thumb/v7e-m+fp/hard\libgcc.a
LOAD C:/ST/STM32CubeIDE_1.13.2/STM32CubeIDE/plugins/com.st.stm32cube.ide.mcu.externaltools.gnu-tools-for-stm32.11.3.rel1.win32_1.1.100.202309141235/tools/bin/../lib/gcc/arm-none-eabi/11.3.1/../../../../arm-none-eabi/lib/thumb/v7e-m+fp/hard\libc_nano.a
LOAD C:/ST/STM32CubeIDE_1.13.2/STM32CubeIDE/plugins/com.st.stm32cube.ide.mcu.externaltools.gnu-tools-for-stm32.11.3.rel1.win32_1.1.100.202309141235/tools/bin/../lib/gcc/arm-none-eabi/11.3.1/../../../../arm-none-eabi/lib/thumb/v7e-m+fp/hard\libnosys.a
END GROUP
LOAD C:/ST/STM32CubeIDE_1.13.2/STM32CubeIDE/plugins/com.st.stm32cube.ide.mcu.externaltools.gnu-tools-for-stm32.11.3.rel1.win32_1.1.100.202309141235/tools/bin/../lib/gcc/arm-none-eabi/11.3.1/thumb/v7e-m+fp/hard/crtend.o
LOAD C:/ST/STM32CubeIDE_1.13.2/STM32CubeIDE/plugins/com.st.stm32cube.ide.mcu.externaltools.gnu-tools-for-stm32.11.3.rel1.win32_1.1.100.202309141235/tools/bin/../lib/gcc/arm-none-eabi/11.3.1/thumb/v7e-m+fp/hard/crtn.o
                0x0000000020020000                _estack = (ORIGIN (RAM) + LENGTH (RAM))
                0x0000000000000200                _Min_Heap_Size = 0x200
                0x0000000000000400                _Min_Stack_Size = 0x400

.isr_vector     0x0000000008000000      0x198
                0x0000000008000000                . = ALIGN (0x4)
 *(.isr_vector)
 .isr_vector    0x0000000008000000      0x198 ./Core/Startup/startup_stm32f411ceux.o
                0x0000000008000000                g_pfnVectors
                0x0000000008000198                . = ALIGN (0x4)

.text           0x0000000008000198     0x36c8
                0x0000000008000198                . = ALIGN (0x4)
 *(.text)
 .text          0x0000000008000198       0x40 C:/ST/STM32CubeIDE_1.13.2/STM32CubeIDE/plugins/com.st.stm32cube.ide.mcu.externaltools.gnu-tools-for-stm32.11.3.rel1.win32_1.1.100.202309141235/tools/bin/../lib/gcc/arm-none-eabi/11.3.1/thumb/v7e-m+fp/hard/crtbegin.o
 .text          0x00000000080001d8       0x30 C:/ST/STM32CubeIDE_1.13.2/STM32CubeIDE/plugins/com.st.stm32cube.ide.mcu.externaltools.gnu-tools-for-stm32.11.3.rel1.win32_1.1.100.202309141235/tools/bin/../lib/gcc/arm-none-eabi/11.3.1/thumb/v7e-m+fp/hard\libgcc.a(_aeabi_uldivmod.o)
                0x00000000080001d8                __aeabi_uldivmod
 .text          0x0000000008000208      0x2c8 C:/ST/STM32CubeIDE_1.13.2/STM32CubeIDE/plugins/com.st.stm32cube.ide.mcu.externaltools.gnu-tools-for-stm32.11.3.rel1.win32_1.1.100.202309141235/tools/bin/../lib/gcc/arm-none-eabi/11.3.1/thumb/v7e-m+fp/hard\libgcc.a(_udivmoddi4.o)
                0x0000000008000208                __udivmoddi4
 .text          0x00000000080004d0        0x4 C:/ST/STM32CubeIDE_1.13.2/STM32CubeIDE/plugins/com.st.stm32cube.ide.mcu.externaltools.gnu-tools-for-stm32.11.3.rel1.win32_1.1.100.202309141235/tools/bin/../lib/gcc/arm-none-eabi/11.3.1/thumb/v7e-m+fp/hard\libgcc.a(_dvmd_tls.o)
                0x00000000080004d0                __aeabi_idiv0
                0x00000000080004d0                __aeabi_ldiv0
 *(.text*)
 .text.LCD_Writ_Bus
                0x00000000080004d4       0x38 ./Core/Src/lcd.o
                0x00000000080004d4                LCD_Writ_Bus
 .text.LCD_WR_DATA8
                0x000000000800050c       0x1a ./Core/Src/lcd.o
                0x000000000800050c                LCD_WR_DATA8
 *fill*         0x0000000008000526        0x2 
 .text.LCD_WR_DATA
                0x0000000008000528       0x6c ./Core/Src/lcd.o
                0x0000000008000528                LCD_WR_DATA
 .text.LCD_WR_REG
                0x0000000008000594       0x34 ./Core/Src/lcd.o
                0x0000000008000594                LCD_WR_REG
 .text.LCD_Address_Set
                0x00000000080005c8       0x58 ./Core/Src/lcd.o
                0x00000000080005c8                LCD_Address_Set
 .text.LCD_Set_Light
                0x0000000008000620       0x16 ./Core/Src/lcd.o
                0x0000000008000620                LCD_Set_Light
 *fill*         0x0000000008000636        0x2 
 .text.ST7789_SPI_Init
                0x0000000008000638       0x18 ./Core/Src/lcd.o
                0x0000000008000638                ST7789_SPI_Init
 .text.ILI9341_Enable
                0x0000000008000650       0x18 ./Core/Src/lcd.o
                0x0000000008000650                ILI9341_Enable
 .text.LCD_Init
                0x0000000008000668      0x1ac ./Core/Src/lcd.o
                0x0000000008000668                LCD_Init
 .text.LCD_Fill
                0x0000000008000814       0x70 ./Core/Src/lcd.o
                0x0000000008000814                LCD_Fill
 .text.LCD_DrawPoint
                0x0000000008000884       0x2e ./Core/Src/lcd.o
                0x0000000008000884                LCD_DrawPoint
 *fill*         0x00000000080008b2        0x2 
 .text.LCD_ShowChar
                0x00000000080008b4      0x1c0 ./Core/Src/lcd.o
                0x00000000080008b4                LCD_ShowChar
 .text.LCD_ShowString
                0x0000000008000a74       0x60 ./Core/Src/lcd.o
                0x0000000008000a74                LCD_ShowString
 .text.ILI9341_Draw_Colour_Burst
                0x0000000008000ad4      0x160 ./Core/Src/lcd.o
                0x0000000008000ad4                ILI9341_Draw_Colour_Burst
 .text.ILI9341_Fill_Screen
                0x0000000008000c34       0x30 ./Core/Src/lcd.o
                0x0000000008000c34                ILI9341_Fill_Screen
 .text.HAL_SPI_TxCpltCallback
                0x0000000008000c64       0x20 ./Core/Src/main.o
                0x0000000008000c64                HAL_SPI_TxCpltCallback
 .text.main     0x0000000008000c84      0x220 ./Core/Src/main.o
                0x0000000008000c84                main
 .text.SystemClock_Config
                0x0000000008000ea4       0xd4 ./Core/Src/main.o
                0x0000000008000ea4                SystemClock_Config
 .text.MX_RTC_Init
                0x0000000008000f78       0xb4 ./Core/Src/main.o
 .text.MX_SPI1_Init
                0x000000000800102c       0x6c ./Core/Src/main.o
 .text.MX_DMA_Init
                0x0000000008001098       0x40 ./Core/Src/main.o
 .text.MX_GPIO_Init
                0x00000000080010d8       0xa4 ./Core/Src/main.o
 .text.Error_Handler
                0x000000000800117c        0xa ./Core/Src/main.o
                0x000000000800117c                Error_Handler
 *fill*         0x0000000008001186        0x2 
 .text.HAL_MspInit
                0x0000000008001188       0x50 ./Core/Src/stm32f4xx_hal_msp.o
                0x0000000008001188                HAL_MspInit
 .text.HAL_RTC_MspInit
                0x00000000080011d8       0x58 ./Core/Src/stm32f4xx_hal_msp.o
                0x00000000080011d8                HAL_RTC_MspInit
 .text.HAL_SPI_MspInit
                0x0000000008001230      0x104 ./Core/Src/stm32f4xx_hal_msp.o
                0x0000000008001230                HAL_SPI_MspInit
 .text.NMI_Handler
                0x0000000008001334        0x6 ./Core/Src/stm32f4xx_it.o
                0x0000000008001334                NMI_Handler
 .text.HardFault_Handler
                0x000000000800133a        0x6 ./Core/Src/stm32f4xx_it.o
                0x000000000800133a                HardFault_Handler
 .text.MemManage_Handler
                0x0000000008001340        0x6 ./Core/Src/stm32f4xx_it.o
                0x0000000008001340                MemManage_Handler
 .text.BusFault_Handler
                0x0000000008001346        0x6 ./Core/Src/stm32f4xx_it.o
                0x0000000008001346                BusFault_Handler
 .text.UsageFault_Handler
                0x000000000800134c        0x6 ./Core/Src/stm32f4xx_it.o
                0x000000000800134c                UsageFault_Handler
 .text.SVC_Handler
                0x0000000008001352        0xe ./Core/Src/stm32f4xx_it.o
                0x0000000008001352                SVC_Handler
 .text.DebugMon_Handler
                0x0000000008001360        0xe ./Core/Src/stm32f4xx_it.o
                0x0000000008001360                DebugMon_Handler
 .text.PendSV_Handler
                0x000000000800136e        0xe ./Core/Src/stm32f4xx_it.o
                0x000000000800136e                PendSV_Handler
 .text.SysTick_Handler
                0x000000000800137c        0xc ./Core/Src/stm32f4xx_it.o
                0x000000000800137c                SysTick_Handler
 .text.SPI1_IRQHandler
                0x0000000008001388       0x14 ./Core/Src/stm32f4xx_it.o
                0x0000000008001388                SPI1_IRQHandler
 .text.DMA2_Stream3_IRQHandler
                0x000000000800139c       0x14 ./Core/Src/stm32f4xx_it.o
                0x000000000800139c                DMA2_Stream3_IRQHandler
 .text.SystemInit
                0x00000000080013b0       0x24 ./Core/Src/system_stm32f4xx.o
                0x00000000080013b0                SystemInit
 .text.Reset_Handler
                0x00000000080013d4       0x50 ./Core/Startup/startup_stm32f411ceux.o
                0x00000000080013d4                Reset_Handler
 .text.Default_Handler
                0x0000000008001424        0x2 ./Core/Startup/startup_stm32f411ceux.o
                0x0000000008001424                RTC_Alarm_IRQHandler
                0x0000000008001424                EXTI2_IRQHandler
                0x0000000008001424                SPI4_IRQHandler
                0x0000000008001424                TIM1_CC_IRQHandler
                0x0000000008001424                DMA2_Stream5_IRQHandler
                0x0000000008001424                DMA1_Stream5_IRQHandler
                0x0000000008001424                PVD_IRQHandler
                0x0000000008001424                SDIO_IRQHandler
                0x0000000008001424                TAMP_STAMP_IRQHandler
                0x0000000008001424                EXTI3_IRQHandler
                0x0000000008001424                TIM1_UP_TIM10_IRQHandler
                0x0000000008001424                I2C3_ER_IRQHandler
                0x0000000008001424                EXTI0_IRQHandler
                0x0000000008001424                I2C2_EV_IRQHandler
                0x0000000008001424                DMA1_Stream2_IRQHandler
                0x0000000008001424                FPU_IRQHandler
                0x0000000008001424                DMA2_Stream2_IRQHandler
                0x0000000008001424                TIM1_BRK_TIM9_IRQHandler
                0x0000000008001424                USART6_IRQHandler
                0x0000000008001424                DMA2_Stream0_IRQHandler
                0x0000000008001424                TIM4_IRQHandler
                0x0000000008001424                I2C1_EV_IRQHandler
                0x0000000008001424                DMA1_Stream6_IRQHandler
                0x0000000008001424                DMA1_Stream1_IRQHandler
                0x0000000008001424                TIM3_IRQHandler
                0x0000000008001424                RCC_IRQHandler
                0x0000000008001424                Default_Handler
                0x0000000008001424                EXTI15_10_IRQHandler
                0x0000000008001424                ADC_IRQHandler
                0x0000000008001424                DMA1_Stream7_IRQHandler
                0x0000000008001424                SPI5_IRQHandler
                0x0000000008001424                TIM5_IRQHandler
                0x0000000008001424                DMA2_Stream7_IRQHandler
                0x0000000008001424                I2C3_EV_IRQHandler
                0x0000000008001424                EXTI9_5_IRQHandler
                0x0000000008001424                RTC_WKUP_IRQHandler
                0x0000000008001424                SPI2_IRQHandler
                0x0000000008001424                DMA1_Stream0_IRQHandler
                0x0000000008001424                EXTI4_IRQHandler
                0x0000000008001424                WWDG_IRQHandler
                0x0000000008001424                TIM2_IRQHandler
                0x0000000008001424                OTG_FS_WKUP_IRQHandler
                0x0000000008001424                TIM1_TRG_COM_TIM11_IRQHandler
                0x0000000008001424                EXTI1_IRQHandler
                0x0000000008001424                USART2_IRQHandler
                0x0000000008001424                I2C2_ER_IRQHandler
                0x0000000008001424                DMA2_Stream1_IRQHandler
                0x0000000008001424                FLASH_IRQHandler
                0x0000000008001424                DMA2_Stream4_IRQHandler
                0x0000000008001424                USART1_IRQHandler
                0x0000000008001424                OTG_FS_IRQHandler
                0x0000000008001424                SPI3_IRQHandler
                0x0000000008001424                DMA1_Stream4_IRQHandler
                0x0000000008001424                I2C1_ER_IRQHandler
                0x0000000008001424                DMA2_Stream6_IRQHandler
                0x0000000008001424                DMA1_Stream3_IRQHandler
 *fill*         0x0000000008001426        0x2 
 .text.HAL_Init
                0x0000000008001428       0x44 ./Drivers/STM32F4xx_HAL_Driver/Src/stm32f4xx_hal.o
                0x0000000008001428                HAL_Init
 .text.HAL_InitTick
                0x000000000800146c       0x60 ./Drivers/STM32F4xx_HAL_Driver/Src/stm32f4xx_hal.o
                0x000000000800146c                HAL_InitTick
 .text.HAL_IncTick
                0x00000000080014cc       0x28 ./Drivers/STM32F4xx_HAL_Driver/Src/stm32f4xx_hal.o
                0x00000000080014cc                HAL_IncTick
 .text.HAL_GetTick
                0x00000000080014f4       0x18 ./Drivers/STM32F4xx_HAL_Driver/Src/stm32f4xx_hal.o
                0x00000000080014f4                HAL_GetTick
 .text.HAL_Delay
                0x000000000800150c       0x48 ./Drivers/STM32F4xx_HAL_Driver/Src/stm32f4xx_hal.o
                0x000000000800150c                HAL_Delay
 .text.__NVIC_SetPriorityGrouping
                0x0000000008001554       0x48 ./Drivers/STM32F4xx_HAL_Driver/Src/stm32f4xx_hal_cortex.o
 .text.__NVIC_GetPriorityGrouping
                0x000000000800159c       0x1c ./Drivers/STM32F4xx_HAL_Driver/Src/stm32f4xx_hal_cortex.o
 .text.__NVIC_EnableIRQ
                0x00000000080015b8       0x3c ./Drivers/STM32F4xx_HAL_Driver/Src/stm32f4xx_hal_cortex.o
 .text.__NVIC_SetPriority
                0x00000000080015f4       0x54 ./Drivers/STM32F4xx_HAL_Driver/Src/stm32f4xx_hal_cortex.o
 .text.NVIC_EncodePriority
                0x0000000008001648       0x66 ./Drivers/STM32F4xx_HAL_Driver/Src/stm32f4xx_hal_cortex.o
 *fill*         0x00000000080016ae        0x2 
 .text.SysTick_Config
                0x00000000080016b0       0x44 ./Drivers/STM32F4xx_HAL_Driver/Src/stm32f4xx_hal_cortex.o
 .text.HAL_NVIC_SetPriorityGrouping
                0x00000000080016f4       0x16 ./Drivers/STM32F4xx_HAL_Driver/Src/stm32f4xx_hal_cortex.o
                0x00000000080016f4                HAL_NVIC_SetPriorityGrouping
 .text.HAL_NVIC_SetPriority
                0x000000000800170a       0x38 ./Drivers/STM32F4xx_HAL_Driver/Src/stm32f4xx_hal_cortex.o
                0x000000000800170a                HAL_NVIC_SetPriority
 .text.HAL_NVIC_EnableIRQ
                0x0000000008001742       0x1c ./Drivers/STM32F4xx_HAL_Driver/Src/stm32f4xx_hal_cortex.o
                0x0000000008001742                HAL_NVIC_EnableIRQ
 .text.HAL_SYSTICK_Config
                0x000000000800175e       0x18 ./Drivers/STM32F4xx_HAL_Driver/Src/stm32f4xx_hal_cortex.o
                0x000000000800175e                HAL_SYSTICK_Config
 *fill*         0x0000000008001776        0x2 
 .text.HAL_DMA_Init
                0x0000000008001778      0x15c ./Drivers/STM32F4xx_HAL_Driver/Src/stm32f4xx_hal_dma.o
                0x0000000008001778                HAL_DMA_Init
 .text.HAL_DMA_Start_IT
                0x00000000080018d4       0xb0 ./Drivers/STM32F4xx_HAL_Driver/Src/stm32f4xx_hal_dma.o
                0x00000000080018d4                HAL_DMA_Start_IT
 .text.HAL_DMA_Abort_IT
                0x0000000008001984       0x44 ./Drivers/STM32F4xx_HAL_Driver/Src/stm32f4xx_hal_dma.o
                0x0000000008001984                HAL_DMA_Abort_IT
 .text.HAL_DMA_IRQHandler
                0x00000000080019c8      0x314 ./Drivers/STM32F4xx_HAL_Driver/Src/stm32f4xx_hal_dma.o
                0x00000000080019c8                HAL_DMA_IRQHandler
 .text.DMA_SetConfig
                0x0000000008001cdc       0x5c ./Drivers/STM32F4xx_HAL_Driver/Src/stm32f4xx_hal_dma.o
 .text.DMA_CalcBaseAndBitshift
                0x0000000008001d38       0x6c ./Drivers/STM32F4xx_HAL_Driver/Src/stm32f4xx_hal_dma.o
 .text.DMA_CheckFifoParam
                0x0000000008001da4       0xf8 ./Drivers/STM32F4xx_HAL_Driver/Src/stm32f4xx_hal_dma.o
 .text.HAL_GPIO_Init
                0x0000000008001e9c      0x308 ./Drivers/STM32F4xx_HAL_Driver/Src/stm32f4xx_hal_gpio.o
                0x0000000008001e9c                HAL_GPIO_Init
 .text.HAL_GPIO_WritePin
                0x00000000080021a4       0x32 ./Drivers/STM32F4xx_HAL_Driver/Src/stm32f4xx_hal_gpio.o
                0x00000000080021a4                HAL_GPIO_WritePin
 *fill*         0x00000000080021d6        0x2 
 .text.HAL_RCC_OscConfig
                0x00000000080021d8      0x4f0 ./Drivers/STM32F4xx_HAL_Driver/Src/stm32f4xx_hal_rcc.o
                0x00000000080021d8                HAL_RCC_OscConfig
 .text.HAL_RCC_ClockConfig
                0x00000000080026c8      0x1cc ./Drivers/STM32F4xx_HAL_Driver/Src/stm32f4xx_hal_rcc.o
                0x00000000080026c8                HAL_RCC_ClockConfig
 .text.HAL_RCC_GetSysClockFreq
                0x0000000008002894      0x18c ./Drivers/STM32F4xx_HAL_Driver/Src/stm32f4xx_hal_rcc.o
                0x0000000008002894                HAL_RCC_GetSysClockFreq
 .text.HAL_RCCEx_PeriphCLKConfig
                0x0000000008002a20      0x1e0 ./Drivers/STM32F4xx_HAL_Driver/Src/stm32f4xx_hal_rcc_ex.o
                0x0000000008002a20                HAL_RCCEx_PeriphCLKConfig
 .text.HAL_RTC_Init
                0x0000000008002c00      0x106 ./Drivers/STM32F4xx_HAL_Driver/Src/stm32f4xx_hal_rtc.o
                0x0000000008002c00                HAL_RTC_Init
 .text.HAL_RTC_SetTime
                0x0000000008002d06      0x134 ./Drivers/STM32F4xx_HAL_Driver/Src/stm32f4xx_hal_rtc.o
                0x0000000008002d06                HAL_RTC_SetTime
 .text.HAL_RTC_SetDate
                0x0000000008002e3a      0x108 ./Drivers/STM32F4xx_HAL_Driver/Src/stm32f4xx_hal_rtc.o
                0x0000000008002e3a                HAL_RTC_SetDate
 *fill*         0x0000000008002f42        0x2 
 .text.HAL_RTC_WaitForSynchro
                0x0000000008002f44       0x4c ./Drivers/STM32F4xx_HAL_Driver/Src/stm32f4xx_hal_rtc.o
                0x0000000008002f44                HAL_RTC_WaitForSynchro
 .text.RTC_EnterInitMode
                0x0000000008002f90       0x6e ./Drivers/STM32F4xx_HAL_Driver/Src/stm32f4xx_hal_rtc.o
                0x0000000008002f90                RTC_EnterInitMode
 .text.RTC_ExitInitMode
                0x0000000008002ffe       0x4a ./Drivers/STM32F4xx_HAL_Driver/Src/stm32f4xx_hal_rtc.o
                0x0000000008002ffe                RTC_ExitInitMode
 .text.RTC_ByteToBcd2
                0x0000000008003048       0x3c ./Drivers/STM32F4xx_HAL_Driver/Src/stm32f4xx_hal_rtc.o
                0x0000000008003048                RTC_ByteToBcd2
 .text.HAL_SPI_Init
                0x0000000008003084      0x112 ./Drivers/STM32F4xx_HAL_Driver/Src/stm32f4xx_hal_spi.o
                0x0000000008003084                HAL_SPI_Init
 *fill*         0x0000000008003196        0x2 
 .text.HAL_SPI_Transmit_DMA
                0x0000000008003198      0x164 ./Drivers/STM32F4xx_HAL_Driver/Src/stm32f4xx_hal_spi.o
                0x0000000008003198                HAL_SPI_Transmit_DMA
 .text.HAL_SPI_IRQHandler
                0x00000000080032fc      0x1e8 ./Drivers/STM32F4xx_HAL_Driver/Src/stm32f4xx_hal_spi.o
                0x00000000080032fc                HAL_SPI_IRQHandler
 .text.HAL_SPI_TxHalfCpltCallback
                0x00000000080034e4       0x14 ./Drivers/STM32F4xx_HAL_Driver/Src/stm32f4xx_hal_spi.o
                0x00000000080034e4                HAL_SPI_TxHalfCpltCallback
 .text.HAL_SPI_ErrorCallback
                0x00000000080034f8       0x14 ./Drivers/STM32F4xx_HAL_Driver/Src/stm32f4xx_hal_spi.o
                0x00000000080034f8                HAL_SPI_ErrorCallback
 .text.SPI_DMATransmitCplt
                0x000000000800350c       0xa8 ./Drivers/STM32F4xx_HAL_Driver/Src/stm32f4xx_hal_spi.o
 .text.SPI_DMAHalfTransmitCplt
                0x00000000080035b4       0x1c ./Drivers/STM32F4xx_HAL_Driver/Src/stm32f4xx_hal_spi.o
 .text.SPI_DMAError
                0x00000000080035d0       0x40 ./Drivers/STM32F4xx_HAL_Driver/Src/stm32f4xx_hal_spi.o
 .text.SPI_DMAAbortOnError
                0x0000000008003610       0x28 ./Drivers/STM32F4xx_HAL_Driver/Src/stm32f4xx_hal_spi.o
 .text.SPI_WaitFlagStateUntilTimeout
                0x0000000008003638      0x110 ./Drivers/STM32F4xx_HAL_Driver/Src/stm32f4xx_hal_spi.o
 .text.SPI_EndRxTxTransaction
                0x0000000008003748       0xa8 ./Drivers/STM32F4xx_HAL_Driver/Src/stm32f4xx_hal_spi.o
 .text.memset   0x00000000080037f0       0x10 C:/ST/STM32CubeIDE_1.13.2/STM32CubeIDE/plugins/com.st.stm32cube.ide.mcu.externaltools.gnu-tools-for-stm32.11.3.rel1.win32_1.1.100.202309141235/tools/bin/../lib/gcc/arm-none-eabi/11.3.1/../../../../arm-none-eabi/lib/thumb/v7e-m+fp/hard\libc_nano.a(libc_a-memset.o)
                0x00000000080037f0                memset
 .text.__libc_init_array
                0x0000000008003800       0x48 C:/ST/STM32CubeIDE_1.13.2/STM32CubeIDE/plugins/com.st.stm32cube.ide.mcu.externaltools.gnu-tools-for-stm32.11.3.rel1.win32_1.1.100.202309141235/tools/bin/../lib/gcc/arm-none-eabi/11.3.1/../../../../arm-none-eabi/lib/thumb/v7e-m+fp/hard\libc_nano.a(libc_a-init.o)
                0x0000000008003800                __libc_init_array
 *(.glue_7)
 .glue_7        0x0000000008003848        0x0 linker stubs
 *(.glue_7t)
 .glue_7t       0x0000000008003848        0x0 linker stubs
 *(.eh_frame)
 .eh_frame      0x0000000008003848        0x0 C:/ST/STM32CubeIDE_1.13.2/STM32CubeIDE/plugins/com.st.stm32cube.ide.mcu.externaltools.gnu-tools-for-stm32.11.3.rel1.win32_1.1.100.202309141235/tools/bin/../lib/gcc/arm-none-eabi/11.3.1/thumb/v7e-m+fp/hard/crtbegin.o
 *(.init)
 .init          0x0000000008003848        0x4 C:/ST/STM32CubeIDE_1.13.2/STM32CubeIDE/plugins/com.st.stm32cube.ide.mcu.externaltools.gnu-tools-for-stm32.11.3.rel1.win32_1.1.100.202309141235/tools/bin/../lib/gcc/arm-none-eabi/11.3.1/thumb/v7e-m+fp/hard/crti.o
                0x0000000008003848                _init
 .init          0x000000000800384c        0x8 C:/ST/STM32CubeIDE_1.13.2/STM32CubeIDE/plugins/com.st.stm32cube.ide.mcu.externaltools.gnu-tools-for-stm32.11.3.rel1.win32_1.1.100.202309141235/tools/bin/../lib/gcc/arm-none-eabi/11.3.1/thumb/v7e-m+fp/hard/crtn.o
 *(.fini)
 .fini          0x0000000008003854        0x4 C:/ST/STM32CubeIDE_1.13.2/STM32CubeIDE/plugins/com.st.stm32cube.ide.mcu.externaltools.gnu-tools-for-stm32.11.3.rel1.win32_1.1.100.202309141235/tools/bin/../lib/gcc/arm-none-eabi/11.3.1/thumb/v7e-m+fp/hard/crti.o
                0x0000000008003854                _fini
 .fini          0x0000000008003858        0x8 C:/ST/STM32CubeIDE_1.13.2/STM32CubeIDE/plugins/com.st.stm32cube.ide.mcu.externaltools.gnu-tools-for-stm32.11.3.rel1.win32_1.1.100.202309141235/tools/bin/../lib/gcc/arm-none-eabi/11.3.1/thumb/v7e-m+fp/hard/crtn.o
                0x0000000008003860                . = ALIGN (0x4)
                0x0000000008003860                _etext = .

.vfp11_veneer   0x0000000008003860        0x0
 .vfp11_veneer  0x0000000008003860        0x0 linker stubs

.v4_bx          0x0000000008003860        0x0
 .v4_bx         0x0000000008003860        0x0 linker stubs

.iplt           0x0000000008003860        0x0
 .iplt          0x0000000008003860        0x0 C:/ST/STM32CubeIDE_1.13.2/STM32CubeIDE/plugins/com.st.stm32cube.ide.mcu.externaltools.gnu-tools-for-stm32.11.3.rel1.win32_1.1.100.202309141235/tools/bin/../lib/gcc/arm-none-eabi/11.3.1/thumb/v7e-m+fp/hard/crtbegin.o

.rodata         0x0000000008003860     0x3428
                0x0000000008003860                . = ALIGN (0x4)
 *(.rodata)
 .rodata        0x0000000008003860       0x1a ./Core/Src/main.o
 *(.rodata*)
 *fill*         0x000000000800387a        0x2 
 .rodata.ascii_1206
                0x000000000800387c      0x474 ./Core/Src/lcd.o
                0x000000000800387c                ascii_1206
 .rodata.ascii_1608
                0x0000000008003cf0      0x5f0 ./Core/Src/lcd.o
                0x0000000008003cf0                ascii_1608
 .rodata.ascii_2412
                0x00000000080042e0     0x11d0 ./Core/Src/lcd.o
                0x00000000080042e0                ascii_2412
 .rodata.ascii_3216
                0x00000000080054b0     0x17c0 ./Core/Src/lcd.o
                0x00000000080054b0                ascii_3216
 .rodata.AHBPrescTable
                0x0000000008006c70       0x10 ./Core/Src/system_stm32f4xx.o
                0x0000000008006c70                AHBPrescTable
 .rodata.flagBitshiftOffset.0
                0x0000000008006c80        0x8 ./Drivers/STM32F4xx_HAL_Driver/Src/stm32f4xx_hal_dma.o
                0x0000000008006c88                . = ALIGN (0x4)

.ARM.extab      0x0000000008006c88        0x0
                0x0000000008006c88                . = ALIGN (0x4)
 *(.ARM.extab* .gnu.linkonce.armextab.*)
                0x0000000008006c88                . = ALIGN (0x4)

.ARM            0x0000000008006c88        0x8
                0x0000000008006c88                . = ALIGN (0x4)
                0x0000000008006c88                __exidx_start = .
 *(.ARM.exidx*)
 .ARM.exidx     0x0000000008006c88        0x8 C:/ST/STM32CubeIDE_1.13.2/STM32CubeIDE/plugins/com.st.stm32cube.ide.mcu.externaltools.gnu-tools-for-stm32.11.3.rel1.win32_1.1.100.202309141235/tools/bin/../lib/gcc/arm-none-eabi/11.3.1/thumb/v7e-m+fp/hard\libgcc.a(_udivmoddi4.o)
                0x0000000008006c90                __exidx_end = .
                0x0000000008006c90                . = ALIGN (0x4)

.rel.dyn        0x0000000008006c90        0x0
 .rel.iplt      0x0000000008006c90        0x0 C:/ST/STM32CubeIDE_1.13.2/STM32CubeIDE/plugins/com.st.stm32cube.ide.mcu.externaltools.gnu-tools-for-stm32.11.3.rel1.win32_1.1.100.202309141235/tools/bin/../lib/gcc/arm-none-eabi/11.3.1/thumb/v7e-m+fp/hard/crtbegin.o

.preinit_array  0x0000000008006c90        0x0
                0x0000000008006c90                . = ALIGN (0x4)
                0x0000000008006c90                PROVIDE (__preinit_array_start = .)
 *(.preinit_array*)
                0x0000000008006c90                PROVIDE (__preinit_array_end = .)
                0x0000000008006c90                . = ALIGN (0x4)

.init_array     0x0000000008006c90        0x4
                0x0000000008006c90                . = ALIGN (0x4)
                0x0000000008006c90                PROVIDE (__init_array_start = .)
 *(SORT_BY_NAME(.init_array.*))
 *(.init_array*)
 .init_array    0x0000000008006c90        0x4 C:/ST/STM32CubeIDE_1.13.2/STM32CubeIDE/plugins/com.st.stm32cube.ide.mcu.externaltools.gnu-tools-for-stm32.11.3.rel1.win32_1.1.100.202309141235/tools/bin/../lib/gcc/arm-none-eabi/11.3.1/thumb/v7e-m+fp/hard/crtbegin.o
                0x0000000008006c94                PROVIDE (__init_array_end = .)
                0x0000000008006c94                . = ALIGN (0x4)

.fini_array     0x0000000008006c94        0x4
                0x0000000008006c94                . = ALIGN (0x4)
                [!provide]                        PROVIDE (__fini_array_start = .)
 *(SORT_BY_NAME(.fini_array.*))
 *(.fini_array*)
 .fini_array    0x0000000008006c94        0x4 C:/ST/STM32CubeIDE_1.13.2/STM32CubeIDE/plugins/com.st.stm32cube.ide.mcu.externaltools.gnu-tools-for-stm32.11.3.rel1.win32_1.1.100.202309141235/tools/bin/../lib/gcc/arm-none-eabi/11.3.1/thumb/v7e-m+fp/hard/crtbegin.o
                [!provide]                        PROVIDE (__fini_array_end = .)
                0x0000000008006c98                . = ALIGN (0x4)
                0x0000000008006c98                _sidata = LOADADDR (.data)

.data           0x0000000020000000       0x10 load address 0x0000000008006c98
                0x0000000020000000                . = ALIGN (0x4)
                0x0000000020000000                _sdata = .
 *(.data)
 *(.data*)
 .data.SPI2_TX_completed_flag
                0x0000000020000000        0x1 ./Core/Src/main.o
                0x0000000020000000                SPI2_TX_completed_flag
 *fill*         0x0000000020000001        0x3 
 .data.SystemCoreClock
                0x0000000020000004        0x4 ./Core/Src/system_stm32f4xx.o
                0x0000000020000004                SystemCoreClock
 .data.uwTickPrio
                0x0000000020000008        0x4 ./Drivers/STM32F4xx_HAL_Driver/Src/stm32f4xx_hal.o
                0x0000000020000008                uwTickPrio
 .data.uwTickFreq
                0x000000002000000c        0x1 ./Drivers/STM32F4xx_HAL_Driver/Src/stm32f4xx_hal.o
                0x000000002000000c                uwTickFreq
 *(.RamFunc)
 *(.RamFunc*)
                0x0000000020000010                . = ALIGN (0x4)
 *fill*         0x000000002000000d        0x3 
                0x0000000020000010                _edata = .

.igot.plt       0x0000000020000010        0x0 load address 0x0000000008006ca8
 .igot.plt      0x0000000020000010        0x0 C:/ST/STM32CubeIDE_1.13.2/STM32CubeIDE/plugins/com.st.stm32cube.ide.mcu.externaltools.gnu-tools-for-stm32.11.3.rel1.win32_1.1.100.202309141235/tools/bin/../lib/gcc/arm-none-eabi/11.3.1/thumb/v7e-m+fp/hard/crtbegin.o
                0x0000000020000010                . = ALIGN (0x4)

.bss            0x0000000020000010       0xf8 load address 0x0000000008006ca8
                0x0000000020000010                _sbss = .
                0x0000000020000010                __bss_start__ = _sbss
 *(.bss)
 .bss           0x0000000020000010       0x1c C:/ST/STM32CubeIDE_1.13.2/STM32CubeIDE/plugins/com.st.stm32cube.ide.mcu.externaltools.gnu-tools-for-stm32.11.3.rel1.win32_1.1.100.202309141235/tools/bin/../lib/gcc/arm-none-eabi/11.3.1/thumb/v7e-m+fp/hard/crtbegin.o
 *(.bss*)
 .bss.hrtc      0x000000002000002c       0x20 ./Core/Src/main.o
                0x000000002000002c                hrtc
 .bss.hspi1     0x000000002000004c       0x58 ./Core/Src/main.o
                0x000000002000004c                hspi1
 .bss.hdma_spi1_tx
                0x00000000200000a4       0x60 ./Core/Src/main.o
                0x00000000200000a4                hdma_spi1_tx
 .bss.uwTick    0x0000000020000104        0x4 ./Drivers/STM32F4xx_HAL_Driver/Src/stm32f4xx_hal.o
                0x0000000020000104                uwTick
 *(COMMON)
                0x0000000020000108                . = ALIGN (0x4)
                0x0000000020000108                _ebss = .
                0x0000000020000108                __bss_end__ = _ebss

._user_heap_stack
                0x0000000020000108      0x600 load address 0x0000000008006ca8
                0x0000000020000108                . = ALIGN (0x8)
                [!provide]                        PROVIDE (end = .)
                0x0000000020000108                PROVIDE (_end = .)
                0x0000000020000308                . = (. + _Min_Heap_Size)
 *fill*         0x0000000020000108      0x200 
                0x0000000020000708                . = (. + _Min_Stack_Size)
 *fill*         0x0000000020000308      0x400 
                0x0000000020000708                . = ALIGN (0x8)

/DISCARD/
 libc.a(*)
 libm.a(*)
 libgcc.a(*)

.ARM.attributes
                0x0000000000000000       0x30
 *(.ARM.attributes)
 .ARM.attributes
                0x0000000000000000       0x1e C:/ST/STM32CubeIDE_1.13.2/STM32CubeIDE/plugins/com.st.stm32cube.ide.mcu.externaltools.gnu-tools-for-stm32.11.3.rel1.win32_1.1.100.202309141235/tools/bin/../lib/gcc/arm-none-eabi/11.3.1/thumb/v7e-m+fp/hard/crti.o
 .ARM.attributes
                0x000000000000001e       0x34 C:/ST/STM32CubeIDE_1.13.2/STM32CubeIDE/plugins/com.st.stm32cube.ide.mcu.externaltools.gnu-tools-for-stm32.11.3.rel1.win32_1.1.100.202309141235/tools/bin/../lib/gcc/arm-none-eabi/11.3.1/thumb/v7e-m+fp/hard/crtbegin.o
 .ARM.attributes
                0x0000000000000052       0x34 ./Core/Src/lcd.o
 .ARM.attributes
                0x0000000000000086       0x34 ./Core/Src/main.o
 .ARM.attributes
                0x00000000000000ba       0x34 ./Core/Src/stm32f4xx_hal_msp.o
 .ARM.attributes
                0x00000000000000ee       0x34 ./Core/Src/stm32f4xx_it.o
 .ARM.attributes
                0x0000000000000122       0x34 ./Core/Src/system_stm32f4xx.o
 .ARM.attributes
                0x0000000000000156       0x21 ./Core/Startup/startup_stm32f411ceux.o
 .ARM.attributes
                0x0000000000000177       0x34 ./Drivers/STM32F4xx_HAL_Driver/Src/stm32f4xx_hal.o
 .ARM.attributes
                0x00000000000001ab       0x34 ./Drivers/STM32F4xx_HAL_Driver/Src/stm32f4xx_hal_cortex.o
 .ARM.attributes
                0x00000000000001df       0x34 ./Drivers/STM32F4xx_HAL_Driver/Src/stm32f4xx_hal_dma.o
 .ARM.attributes
                0x0000000000000213       0x34 ./Drivers/STM32F4xx_HAL_Driver/Src/stm32f4xx_hal_gpio.o
 .ARM.attributes
                0x0000000000000247       0x34 ./Drivers/STM32F4xx_HAL_Driver/Src/stm32f4xx_hal_rcc.o
 .ARM.attributes
                0x000000000000027b       0x34 ./Drivers/STM32F4xx_HAL_Driver/Src/stm32f4xx_hal_rcc_ex.o
 .ARM.attributes
                0x00000000000002af       0x34 ./Drivers/STM32F4xx_HAL_Driver/Src/stm32f4xx_hal_rtc.o
 .ARM.attributes
                0x00000000000002e3       0x34 ./Drivers/STM32F4xx_HAL_Driver/Src/stm32f4xx_hal_spi.o
 .ARM.attributes
                0x0000000000000317       0x34 C:/ST/STM32CubeIDE_1.13.2/STM32CubeIDE/plugins/com.st.stm32cube.ide.mcu.externaltools.gnu-tools-for-stm32.11.3.rel1.win32_1.1.100.202309141235/tools/bin/../lib/gcc/arm-none-eabi/11.3.1/../../../../arm-none-eabi/lib/thumb/v7e-m+fp/hard\libc_nano.a(libc_a-memset.o)
 .ARM.attributes
                0x000000000000034b       0x34 C:/ST/STM32CubeIDE_1.13.2/STM32CubeIDE/plugins/com.st.stm32cube.ide.mcu.externaltools.gnu-tools-for-stm32.11.3.rel1.win32_1.1.100.202309141235/tools/bin/../lib/gcc/arm-none-eabi/11.3.1/../../../../arm-none-eabi/lib/thumb/v7e-m+fp/hard\libc_nano.a(libc_a-init.o)
 .ARM.attributes
                0x000000000000037f       0x1e C:/ST/STM32CubeIDE_1.13.2/STM32CubeIDE/plugins/com.st.stm32cube.ide.mcu.externaltools.gnu-tools-for-stm32.11.3.rel1.win32_1.1.100.202309141235/tools/bin/../lib/gcc/arm-none-eabi/11.3.1/thumb/v7e-m+fp/hard\libgcc.a(_aeabi_uldivmod.o)
 .ARM.attributes
                0x000000000000039d       0x34 C:/ST/STM32CubeIDE_1.13.2/STM32CubeIDE/plugins/com.st.stm32cube.ide.mcu.externaltools.gnu-tools-for-stm32.11.3.rel1.win32_1.1.100.202309141235/tools/bin/../lib/gcc/arm-none-eabi/11.3.1/thumb/v7e-m+fp/hard\libgcc.a(_udivmoddi4.o)
 .ARM.attributes
                0x00000000000003d1       0x1e C:/ST/STM32CubeIDE_1.13.2/STM32CubeIDE/plugins/com.st.stm32cube.ide.mcu.externaltools.gnu-tools-for-stm32.11.3.rel1.win32_1.1.100.202309141235/tools/bin/../lib/gcc/arm-none-eabi/11.3.1/thumb/v7e-m+fp/hard\libgcc.a(_dvmd_tls.o)
 .ARM.attributes
                0x00000000000003ef       0x1e C:/ST/STM32CubeIDE_1.13.2/STM32CubeIDE/plugins/com.st.stm32cube.ide.mcu.externaltools.gnu-tools-for-stm32.11.3.rel1.win32_1.1.100.202309141235/tools/bin/../lib/gcc/arm-none-eabi/11.3.1/thumb/v7e-m+fp/hard/crtn.o
OUTPUT(ST7789_test.elf elf32-littlearm)
LOAD linker stubs
LOAD C:/ST/STM32CubeIDE_1.13.2/STM32CubeIDE/plugins/com.st.stm32cube.ide.mcu.externaltools.gnu-tools-for-stm32.11.3.rel1.win32_1.1.100.202309141235/tools/bin/../lib/gcc/arm-none-eabi/11.3.1/../../../../arm-none-eabi/lib/thumb/v7e-m+fp/hard\libc.a
LOAD C:/ST/STM32CubeIDE_1.13.2/STM32CubeIDE/plugins/com.st.stm32cube.ide.mcu.externaltools.gnu-tools-for-stm32.11.3.rel1.win32_1.1.100.202309141235/tools/bin/../lib/gcc/arm-none-eabi/11.3.1/../../../../arm-none-eabi/lib/thumb/v7e-m+fp/hard\libm.a
LOAD C:/ST/STM32CubeIDE_1.13.2/STM32CubeIDE/plugins/com.st.stm32cube.ide.mcu.externaltools.gnu-tools-for-stm32.11.3.rel1.win32_1.1.100.202309141235/tools/bin/../lib/gcc/arm-none-eabi/11.3.1/thumb/v7e-m+fp/hard\libgcc.a

.comment        0x0000000000000000       0x43
 .comment       0x0000000000000000       0x43 C:/ST/STM32CubeIDE_1.13.2/STM32CubeIDE/plugins/com.st.stm32cube.ide.mcu.externaltools.gnu-tools-for-stm32.11.3.rel1.win32_1.1.100.202309141235/tools/bin/../lib/gcc/arm-none-eabi/11.3.1/thumb/v7e-m+fp/hard/crtbegin.o
                                         0x44 (size before relaxing)
 .comment       0x0000000000000043       0x44 ./Core/Src/lcd.o
 .comment       0x0000000000000043       0x44 ./Core/Src/main.o
 .comment       0x0000000000000043       0x44 ./Core/Src/stm32f4xx_hal_msp.o
 .comment       0x0000000000000043       0x44 ./Core/Src/stm32f4xx_it.o
 .comment       0x0000000000000043       0x44 ./Core/Src/system_stm32f4xx.o
 .comment       0x0000000000000043       0x44 ./Drivers/STM32F4xx_HAL_Driver/Src/stm32f4xx_hal.o
 .comment       0x0000000000000043       0x44 ./Drivers/STM32F4xx_HAL_Driver/Src/stm32f4xx_hal_cortex.o
 .comment       0x0000000000000043       0x44 ./Drivers/STM32F4xx_HAL_Driver/Src/stm32f4xx_hal_dma.o
 .comment       0x0000000000000043       0x44 ./Drivers/STM32F4xx_HAL_Driver/Src/stm32f4xx_hal_gpio.o
 .comment       0x0000000000000043       0x44 ./Drivers/STM32F4xx_HAL_Driver/Src/stm32f4xx_hal_rcc.o
 .comment       0x0000000000000043       0x44 ./Drivers/STM32F4xx_HAL_Driver/Src/stm32f4xx_hal_rcc_ex.o
 .comment       0x0000000000000043       0x44 ./Drivers/STM32F4xx_HAL_Driver/Src/stm32f4xx_hal_rtc.o
 .comment       0x0000000000000043       0x44 ./Drivers/STM32F4xx_HAL_Driver/Src/stm32f4xx_hal_spi.o

.debug_info     0x0000000000000000     0xa0cd
 .debug_info    0x0000000000000000     0x1ac7 ./Core/Src/lcd.o
 .debug_info    0x0000000000001ac7     0x1395 ./Core/Src/main.o
 .debug_info    0x0000000000002e5c     0x102f ./Core/Src/stm32f4xx_hal_msp.o
 .debug_info    0x0000000000003e8b      0x697 ./Core/Src/stm32f4xx_it.o
 .debug_info    0x0000000000004522      0x53e ./Core/Src/system_stm32f4xx.o
 .debug_info    0x0000000000004a60       0x23 ./Core/Startup/startup_stm32f411ceux.o
 .debug_info    0x0000000000004a83      0x8c4 ./Drivers/STM32F4xx_HAL_Driver/Src/stm32f4xx_hal.o
 .debug_info    0x0000000000005347      0xcc7 ./Drivers/STM32F4xx_HAL_Driver/Src/stm32f4xx_hal_cortex.o
 .debug_info    0x000000000000600e      0x8e6 ./Drivers/STM32F4xx_HAL_Driver/Src/stm32f4xx_hal_dma.o
 .debug_info    0x00000000000068f4      0x6f9 ./Drivers/STM32F4xx_HAL_Driver/Src/stm32f4xx_hal_gpio.o
 .debug_info    0x0000000000006fed      0x8f2 ./Drivers/STM32F4xx_HAL_Driver/Src/stm32f4xx_hal_rcc.o
 .debug_info    0x00000000000078df      0x5a5 ./Drivers/STM32F4xx_HAL_Driver/Src/stm32f4xx_hal_rcc_ex.o
 .debug_info    0x0000000000007e84      0xc43 ./Drivers/STM32F4xx_HAL_Driver/Src/stm32f4xx_hal_rtc.o
 .debug_info    0x0000000000008ac7     0x1606 ./Drivers/STM32F4xx_HAL_Driver/Src/stm32f4xx_hal_spi.o

.debug_abbrev   0x0000000000000000     0x1d1b
 .debug_abbrev  0x0000000000000000      0x30f ./Core/Src/lcd.o
 .debug_abbrev  0x000000000000030f      0x303 ./Core/Src/main.o
 .debug_abbrev  0x0000000000000612      0x218 ./Core/Src/stm32f4xx_hal_msp.o
 .debug_abbrev  0x000000000000082a      0x17d ./Core/Src/stm32f4xx_it.o
 .debug_abbrev  0x00000000000009a7      0x11a ./Core/Src/system_stm32f4xx.o
 .debug_abbrev  0x0000000000000ac1       0x12 ./Core/Startup/startup_stm32f411ceux.o
 .debug_abbrev  0x0000000000000ad3      0x24b ./Drivers/STM32F4xx_HAL_Driver/Src/stm32f4xx_hal.o
 .debug_abbrev  0x0000000000000d1e      0x328 ./Drivers/STM32F4xx_HAL_Driver/Src/stm32f4xx_hal_cortex.o
 .debug_abbrev  0x0000000000001046      0x221 ./Drivers/STM32F4xx_HAL_Driver/Src/stm32f4xx_hal_dma.o
 .debug_abbrev  0x0000000000001267      0x1d3 ./Drivers/STM32F4xx_HAL_Driver/Src/stm32f4xx_hal_gpio.o
 .debug_abbrev  0x000000000000143a      0x2b5 ./Drivers/STM32F4xx_HAL_Driver/Src/stm32f4xx_hal_rcc.o
 .debug_abbrev  0x00000000000016ef      0x1b1 ./Drivers/STM32F4xx_HAL_Driver/Src/stm32f4xx_hal_rcc_ex.o
 .debug_abbrev  0x00000000000018a0      0x1fb ./Drivers/STM32F4xx_HAL_Driver/Src/stm32f4xx_hal_rtc.o
 .debug_abbrev  0x0000000000001a9b      0x280 ./Drivers/STM32F4xx_HAL_Driver/Src/stm32f4xx_hal_spi.o

.debug_aranges  0x0000000000000000      0x930
 .debug_aranges
                0x0000000000000000      0x150 ./Core/Src/lcd.o
 .debug_aranges
                0x0000000000000150       0x58 ./Core/Src/main.o
 .debug_aranges
                0x00000000000001a8       0x40 ./Core/Src/stm32f4xx_hal_msp.o
 .debug_aranges
                0x00000000000001e8       0x70 ./Core/Src/stm32f4xx_it.o
 .debug_aranges
                0x0000000000000258       0x28 ./Core/Src/system_stm32f4xx.o
 .debug_aranges
                0x0000000000000280       0x28 ./Core/Startup/startup_stm32f411ceux.o
 .debug_aranges
                0x00000000000002a8       0xf0 ./Drivers/STM32F4xx_HAL_Driver/Src/stm32f4xx_hal.o
 .debug_aranges
                0x0000000000000398      0x120 ./Drivers/STM32F4xx_HAL_Driver/Src/stm32f4xx_hal_cortex.o
 .debug_aranges
                0x00000000000004b8       0x90 ./Drivers/STM32F4xx_HAL_Driver/Src/stm32f4xx_hal_dma.o
 .debug_aranges
                0x0000000000000548       0x58 ./Drivers/STM32F4xx_HAL_Driver/Src/stm32f4xx_hal_gpio.o
 .debug_aranges
                0x00000000000005a0       0x88 ./Drivers/STM32F4xx_HAL_Driver/Src/stm32f4xx_hal_rcc.o
 .debug_aranges
                0x0000000000000628       0x50 ./Drivers/STM32F4xx_HAL_Driver/Src/stm32f4xx_hal_rcc_ex.o
 .debug_aranges
                0x0000000000000678       0xe8 ./Drivers/STM32F4xx_HAL_Driver/Src/stm32f4xx_hal_rtc.o
 .debug_aranges
                0x0000000000000760      0x1d0 ./Drivers/STM32F4xx_HAL_Driver/Src/stm32f4xx_hal_spi.o

.debug_rnglists
                0x0000000000000000      0x6eb
 .debug_rnglists
                0x0000000000000000      0x105 ./Core/Src/lcd.o
 .debug_rnglists
                0x0000000000000105       0x41 ./Core/Src/main.o
 .debug_rnglists
                0x0000000000000146       0x2c ./Core/Src/stm32f4xx_hal_msp.o
 .debug_rnglists
                0x0000000000000172       0x4f ./Core/Src/stm32f4xx_it.o
 .debug_rnglists
                0x00000000000001c1       0x1a ./Core/Src/system_stm32f4xx.o
 .debug_rnglists
                0x00000000000001db       0x19 ./Core/Startup/startup_stm32f411ceux.o
 .debug_rnglists
                0x00000000000001f4       0xaf ./Drivers/STM32F4xx_HAL_Driver/Src/stm32f4xx_hal.o
 .debug_rnglists
                0x00000000000002a3       0xd4 ./Drivers/STM32F4xx_HAL_Driver/Src/stm32f4xx_hal_cortex.o
 .debug_rnglists
                0x0000000000000377       0x70 ./Drivers/STM32F4xx_HAL_Driver/Src/stm32f4xx_hal_dma.o
 .debug_rnglists
                0x00000000000003e7       0x3f ./Drivers/STM32F4xx_HAL_Driver/Src/stm32f4xx_hal_gpio.o
 .debug_rnglists
                0x0000000000000426       0x66 ./Drivers/STM32F4xx_HAL_Driver/Src/stm32f4xx_hal_rcc.o
 .debug_rnglists
                0x000000000000048c       0x3c ./Drivers/STM32F4xx_HAL_Driver/Src/stm32f4xx_hal_rcc_ex.o
 .debug_rnglists
                0x00000000000004c8       0xb4 ./Drivers/STM32F4xx_HAL_Driver/Src/stm32f4xx_hal_rtc.o
 .debug_rnglists
                0x000000000000057c      0x16f ./Drivers/STM32F4xx_HAL_Driver/Src/stm32f4xx_hal_spi.o

.debug_macro    0x0000000000000000    0x15ab3
 .debug_macro   0x0000000000000000      0x1ec ./Core/Src/lcd.o
 .debug_macro   0x00000000000001ec      0xaa8 ./Core/Src/lcd.o
 .debug_macro   0x0000000000000c94       0x2e ./Core/Src/lcd.o
 .debug_macro   0x0000000000000cc2       0x28 ./Core/Src/lcd.o
 .debug_macro   0x0000000000000cea       0x22 ./Core/Src/lcd.o
 .debug_macro   0x0000000000000d0c       0x8e ./Core/Src/lcd.o
 .debug_macro   0x0000000000000d9a       0x51 ./Core/Src/lcd.o
 .debug_macro   0x0000000000000deb      0x103 ./Core/Src/lcd.o
 .debug_macro   0x0000000000000eee       0x6a ./Core/Src/lcd.o
 .debug_macro   0x0000000000000f58      0x1df ./Core/Src/lcd.o
 .debug_macro   0x0000000000001137       0x1c ./Core/Src/lcd.o
 .debug_macro   0x0000000000001153       0x22 ./Core/Src/lcd.o
 .debug_macro   0x0000000000001175       0xfb ./Core/Src/lcd.o
 .debug_macro   0x0000000000001270     0x1011 ./Core/Src/lcd.o
 .debug_macro   0x0000000000002281      0x11f ./Core/Src/lcd.o
 .debug_macro   0x00000000000023a0     0xb953 ./Core/Src/lcd.o
 .debug_macro   0x000000000000dcf3       0x6d ./Core/Src/lcd.o
 .debug_macro   0x000000000000dd60      0x29b ./Core/Src/lcd.o
 .debug_macro   0x000000000000dffb     0x368c ./Core/Src/lcd.o
 .debug_macro   0x0000000000011687      0x174 ./Core/Src/lcd.o
 .debug_macro   0x00000000000117fb       0x5c ./Core/Src/lcd.o
 .debug_macro   0x0000000000011857      0x45c ./Core/Src/lcd.o
 .debug_macro   0x0000000000011cb3      0x9e9 ./Core/Src/lcd.o
 .debug_macro   0x000000000001269c      0x115 ./Core/Src/lcd.o
 .debug_macro   0x00000000000127b1      0x11b ./Core/Src/lcd.o
 .debug_macro   0x00000000000128cc       0xa5 ./Core/Src/lcd.o
 .debug_macro   0x0000000000012971      0x15f ./Core/Src/lcd.o
 .debug_macro   0x0000000000012ad0      0x287 ./Core/Src/lcd.o
 .debug_macro   0x0000000000012d57       0x5f ./Core/Src/lcd.o
 .debug_macro   0x0000000000012db6      0x236 ./Core/Src/lcd.o
 .debug_macro   0x0000000000012fec      0x132 ./Core/Src/lcd.o
 .debug_macro   0x000000000001311e      0x264 ./Core/Src/lcd.o
 .debug_macro   0x0000000000013382       0x2e ./Core/Src/lcd.o
 .debug_macro   0x00000000000133b0      0x127 ./Core/Src/lcd.o
 .debug_macro   0x00000000000134d7       0x85 ./Core/Src/lcd.o
 .debug_macro   0x000000000001355c       0x89 ./Core/Src/lcd.o
 .debug_macro   0x00000000000135e5      0x305 ./Core/Src/lcd.o
 .debug_macro   0x00000000000138ea      0x429 ./Core/Src/lcd.o
 .debug_macro   0x0000000000013d13       0xeb ./Core/Src/lcd.o
 .debug_macro   0x0000000000013dfe      0x225 ./Core/Src/lcd.o
 .debug_macro   0x0000000000014023      0x126 ./Core/Src/lcd.o
 .debug_macro   0x0000000000014149      0x139 ./Core/Src/lcd.o
 .debug_macro   0x0000000000014282      0x1f1 ./Core/Src/main.o
 .debug_macro   0x0000000000014473       0x28 ./Core/Src/main.o
 .debug_macro   0x000000000001449b      0x13f ./Core/Src/main.o
 .debug_macro   0x00000000000145da      0x1e2 ./Core/Src/stm32f4xx_hal_msp.o
 .debug_macro   0x00000000000147bc      0x1ec ./Core/Src/stm32f4xx_it.o
 .debug_macro   0x00000000000149a8      0x1d3 ./Core/Src/system_stm32f4xx.o
 .debug_macro   0x0000000000014b7b      0x233 ./Drivers/STM32F4xx_HAL_Driver/Src/stm32f4xx_hal.o
 .debug_macro   0x0000000000014dae      0x1d3 ./Drivers/STM32F4xx_HAL_Driver/Src/stm32f4xx_hal_cortex.o
 .debug_macro   0x0000000000014f81      0x1d9 ./Drivers/STM32F4xx_HAL_Driver/Src/stm32f4xx_hal_dma.o
 .debug_macro   0x000000000001515a      0x1d9 ./Drivers/STM32F4xx_HAL_Driver/Src/stm32f4xx_hal_gpio.o
 .debug_macro   0x0000000000015333      0x1f7 ./Drivers/STM32F4xx_HAL_Driver/Src/stm32f4xx_hal_rcc.o
 .debug_macro   0x000000000001552a      0x1d3 ./Drivers/STM32F4xx_HAL_Driver/Src/stm32f4xx_hal_rcc_ex.o
 .debug_macro   0x00000000000156fd      0x1d4 ./Drivers/STM32F4xx_HAL_Driver/Src/stm32f4xx_hal_rtc.o
 .debug_macro   0x00000000000158d1      0x1e2 ./Drivers/STM32F4xx_HAL_Driver/Src/stm32f4xx_hal_spi.o

.debug_line     0x0000000000000000     0xadff
 .debug_line    0x0000000000000000     0x1293 ./Core/Src/lcd.o
 .debug_line    0x0000000000001293      0xa2d ./Core/Src/main.o
 .debug_line    0x0000000000001cc0      0x811 ./Core/Src/stm32f4xx_hal_msp.o
 .debug_line    0x00000000000024d1      0x840 ./Core/Src/stm32f4xx_it.o
 .debug_line    0x0000000000002d11      0x7cf ./Core/Src/system_stm32f4xx.o
 .debug_line    0x00000000000034e0       0x7a ./Core/Startup/startup_stm32f411ceux.o
 .debug_line    0x000000000000355a      0xa35 ./Drivers/STM32F4xx_HAL_Driver/Src/stm32f4xx_hal.o
 .debug_line    0x0000000000003f8f      0xd01 ./Drivers/STM32F4xx_HAL_Driver/Src/stm32f4xx_hal_cortex.o
 .debug_line    0x0000000000004c90      0xf99 ./Drivers/STM32F4xx_HAL_Driver/Src/stm32f4xx_hal_dma.o
 .debug_line    0x0000000000005c29      0xb6d ./Drivers/STM32F4xx_HAL_Driver/Src/stm32f4xx_hal_gpio.o
 .debug_line    0x0000000000006796      0xdac ./Drivers/STM32F4xx_HAL_Driver/Src/stm32f4xx_hal_rcc.o
 .debug_line    0x0000000000007542      0xa92 ./Drivers/STM32F4xx_HAL_Driver/Src/stm32f4xx_hal_rcc_ex.o
 .debug_line    0x0000000000007fd4     0x111f ./Drivers/STM32F4xx_HAL_Driver/Src/stm32f4xx_hal_rtc.o
 .debug_line    0x00000000000090f3     0x1d0c ./Drivers/STM32F4xx_HAL_Driver/Src/stm32f4xx_hal_spi.o

.debug_str      0x0000000000000000    0x87d52
 .debug_str     0x0000000000000000    0x8589e ./Core/Src/lcd.o
                                      0x85b8e (size before relaxing)
 .debug_str     0x000000000008589e      0x8f3 ./Core/Src/main.o
                                      0x860a1 (size before relaxing)
 .debug_str     0x0000000000086191      0x15d ./Core/Src/stm32f4xx_hal_msp.o
                                      0x859c9 (size before relaxing)
 .debug_str     0x00000000000862ee      0x117 ./Core/Src/stm32f4xx_it.o
                                      0x8520f (size before relaxing)
 .debug_str     0x0000000000086405       0xdb ./Core/Src/system_stm32f4xx.o
                                      0x84e17 (size before relaxing)
 .debug_str     0x00000000000864e0       0x34 ./Core/Startup/startup_stm32f411ceux.o
                                         0x57 (size before relaxing)
 .debug_str     0x0000000000086514      0x603 ./Drivers/STM32F4xx_HAL_Driver/Src/stm32f4xx_hal.o
                                      0x85843 (size before relaxing)
 .debug_str     0x0000000000086b17      0x335 ./Drivers/STM32F4xx_HAL_Driver/Src/stm32f4xx_hal_cortex.o
                                      0x8557b (size before relaxing)
 .debug_str     0x0000000000086e4c      0x2eb ./Drivers/STM32F4xx_HAL_Driver/Src/stm32f4xx_hal_dma.o
                                      0x8521f (size before relaxing)
 .debug_str     0x0000000000087137      0x11c ./Drivers/STM32F4xx_HAL_Driver/Src/stm32f4xx_hal_gpio.o
                                      0x84f92 (size before relaxing)
 .debug_str     0x0000000000087253      0x233 ./Drivers/STM32F4xx_HAL_Driver/Src/stm32f4xx_hal_rcc.o
                                      0x8524b (size before relaxing)
 .debug_str     0x0000000000087486      0x111 ./Drivers/STM32F4xx_HAL_Driver/Src/stm32f4xx_hal_rcc_ex.o
                                      0x84f9f (size before relaxing)
 .debug_str     0x0000000000087597      0x29e ./Drivers/STM32F4xx_HAL_Driver/Src/stm32f4xx_hal_rtc.o
                                      0x85274 (size before relaxing)
 .debug_str     0x0000000000087835      0x51d ./Drivers/STM32F4xx_HAL_Driver/Src/stm32f4xx_hal_spi.o
                                      0x856c9 (size before relaxing)

.debug_frame    0x0000000000000000     0x24cc
 .debug_frame   0x0000000000000000      0x5b4 ./Core/Src/lcd.o
 .debug_frame   0x00000000000005b4      0x11c ./Core/Src/main.o
 .debug_frame   0x00000000000006d0       0xcc ./Core/Src/stm32f4xx_hal_msp.o
 .debug_frame   0x000000000000079c      0x13c ./Core/Src/stm32f4xx_it.o
 .debug_frame   0x00000000000008d8       0x58 ./Core/Src/system_stm32f4xx.o
 .debug_frame   0x0000000000000930      0x374 ./Drivers/STM32F4xx_HAL_Driver/Src/stm32f4xx_hal.o
 .debug_frame   0x0000000000000ca4      0x4b8 ./Drivers/STM32F4xx_HAL_Driver/Src/stm32f4xx_hal_cortex.o
 .debug_frame   0x000000000000115c      0x250 ./Drivers/STM32F4xx_HAL_Driver/Src/stm32f4xx_hal_dma.o
 .debug_frame   0x00000000000013ac      0x14c ./Drivers/STM32F4xx_HAL_Driver/Src/stm32f4xx_hal_gpio.o
 .debug_frame   0x00000000000014f8      0x1f4 ./Drivers/STM32F4xx_HAL_Driver/Src/stm32f4xx_hal_rcc.o
 .debug_frame   0x00000000000016ec      0x118 ./Drivers/STM32F4xx_HAL_Driver/Src/stm32f4xx_hal_rcc_ex.o
 .debug_frame   0x0000000000001804      0x3f4 ./Drivers/STM32F4xx_HAL_Driver/Src/stm32f4xx_hal_rtc.o
 .debug_frame   0x0000000000001bf8      0x828 ./Drivers/STM32F4xx_HAL_Driver/Src/stm32f4xx_hal_spi.o
 .debug_frame   0x0000000000002420       0x20 C:/ST/STM32CubeIDE_1.13.2/STM32CubeIDE/plugins/com.st.stm32cube.ide.mcu.externaltools.gnu-tools-for-stm32.11.3.rel1.win32_1.1.100.202309141235/tools/bin/../lib/gcc/arm-none-eabi/11.3.1/../../../../arm-none-eabi/lib/thumb/v7e-m+fp/hard\libc_nano.a(libc_a-memset.o)
 .debug_frame   0x0000000000002440       0x2c C:/ST/STM32CubeIDE_1.13.2/STM32CubeIDE/plugins/com.st.stm32cube.ide.mcu.externaltools.gnu-tools-for-stm32.11.3.rel1.win32_1.1.100.202309141235/tools/bin/../lib/gcc/arm-none-eabi/11.3.1/../../../../arm-none-eabi/lib/thumb/v7e-m+fp/hard\libc_nano.a(libc_a-init.o)
 .debug_frame   0x000000000000246c       0x2c C:/ST/STM32CubeIDE_1.13.2/STM32CubeIDE/plugins/com.st.stm32cube.ide.mcu.externaltools.gnu-tools-for-stm32.11.3.rel1.win32_1.1.100.202309141235/tools/bin/../lib/gcc/arm-none-eabi/11.3.1/thumb/v7e-m+fp/hard\libgcc.a(_aeabi_uldivmod.o)
 .debug_frame   0x0000000000002498       0x34 C:/ST/STM32CubeIDE_1.13.2/STM32CubeIDE/plugins/com.st.stm32cube.ide.mcu.externaltools.gnu-tools-for-stm32.11.3.rel1.win32_1.1.100.202309141235/tools/bin/../lib/gcc/arm-none-eabi/11.3.1/thumb/v7e-m+fp/hard\libgcc.a(_udivmoddi4.o)

.debug_line_str
                0x0000000000000000       0x4b
 .debug_line_str
                0x0000000000000000       0x4b ./Core/Startup/startup_stm32f411ceux.o
                                         0x63 (size before relaxing)
