../Core/Src/main.c:193:6:Line_Sensor_Calculation	56	static
../Core/Src/main.c:281:6:PID_control	24	static
../Core/Src/main.c:312:6:PID_Forward_Rotation	16	static
../Core/Src/main.c:329:6:PID_Motor_Turn_Left	16	static
../Core/Src/main.c:345:6:PID_Motor_Turn_Right	16	static
../Core/Src/main.c:362:6:PID_Motor_All_Break	8	static
../Core/Src/main.c:378:6:AGV_waiting	4	static
../Core/Src/main.c:404:6:Task_Completion	4	static
../Core/Src/main.c:408:6:AGV_Turn_Detection_Completion	32	static
../Core/Src/main.c:519:6:AGV_Orientation	24	static
../Core/Src/main.c:527:6:HAL_UART_TxCpltCallback	16	static
../Core/Src/main.c:536:6:HAL_UART_RxCpltCallback	16	static
../Core/Src/main.c:561:6:Startup_RFID	8	static
../Core/Src/main.c:576:6:AGV_RFID_Detection	8	static
../Core/Src/main.c:594:5:main	8	static
../Core/Src/main.c:703:6:SystemClock_Config	96	static
../Core/Src/main.c:750:13:MX_ADC1_Init	24	static
../Core/Src/main.c:878:13:MX_ADC3_Init	24	static
../Core/Src/main.c:1006:13:MX_I2C1_Init	8	static
../Core/Src/main.c:1040:13:MX_SPI2_Init	8	static
../Core/Src/main.c:1078:13:MX_TIM2_Init	48	static
../Core/Src/main.c:1131:13:MX_USART1_UART_Init	8	static
../Core/Src/main.c:1162:13:MX_DMA_Init	16	static
../Core/Src/main.c:1190:13:MX_GPIO_Init	48	static
../Core/Src/main.c:1257:6:Error_Handler	4	static,ignoring_inline_asm
