../Core/Src/main.c:116:6:sensorCalibration	80	static
../Core/Src/main.c:155:5:map	24	static
../Core/Src/main.c:160:6:readCalibrated	40	static
../Core/Src/main.c:195:5:read_ir_line	48	static
../Core/Src/main.c:246:6:PID_control	48	static
../Core/Src/main.c:274:6:motor_forward	16	static
../Core/Src/main.c:304:6:motor_sharp_left	16	static
../Core/Src/main.c:320:6:motor_sharp_right	16	static
../Core/Src/main.c:336:6:calibrationSequence	24	static
../Core/Src/main.c:372:5:main	80	static
../Core/Src/main.c:457:6:SystemClock_Config	88	static
../Core/Src/main.c:503:13:MX_ADC1_Init	24	static
../Core/Src/main.c:636:13:MX_I2C1_Init	8	static
../Core/Src/main.c:670:13:MX_TIM1_Init	32	static
../Core/Src/main.c:716:13:MX_TIM2_Init	64	static
../Core/Src/main.c:777:13:MX_DMA_Init	16	static
../Core/Src/main.c:795:13:MX_GPIO_Init	48	static
../Core/Src/main.c:855:6:Error_Handler	4	static,ignoring_inline_asm
