../Core/Src/main.c:146:6:HAL_TIM_PeriodElapsedCallback	16	static
../Core/Src/main.c:158:6:HAL_TIM_TriggerCallback	16	static
../Core/Src/main.c:166:10:Filter_SMA	24	static
../Core/Src/main.c:186:6:pwm_duty_cycle	24	static
../Core/Src/main.c:191:6:PID_control	24	static
../Core/Src/main.c:296:5:main	24	static
../Core/Src/main.c:383:6:SystemClock_Config	88	static
../Core/Src/main.c:430:13:MX_ADC1_Init	24	static
../Core/Src/main.c:477:13:MX_I2C1_Init	8	static
../Core/Src/main.c:511:13:MX_TIM2_Init	32	static
../Core/Src/main.c:556:13:MX_TIM3_Init	64	static
../Core/Src/main.c:613:13:MX_DMA_Init	16	static
../Core/Src/main.c:631:13:MX_GPIO_Init	40	static
../Core/Src/main.c:675:6:Error_Handler	4	static,ignoring_inline_asm
